I/RTCSDK  (31950): 2017-05-31 22:08:41.072 (551259848) 32163 [I][RTCSDK] - DBA update bitrate1 set value=1703936
E/RTCSDK  (31950): 2017-05-31 22:08:41.072 (551259848) 32163 [E][RTCSDK] - not find rtcp session to sending tmmbr message int call 9!
E/RTCSDK  (31950): 2017-05-31 22:08:41.072 (551259848) 32163 [E][RTCSDK] - DBA send dbr not find rtcp seesion
I/RTCSDK  (31950): 2017-05-31 22:08:41.072 (551259848) 32163 [I][RTCSDK] - DBA send MAX uplink bw ind, seq = 1, bitrate = 641088
W/BOOAT   (31950): 2017-05-31 22:08:41.072 (551259848) 32163 [W][BOOAT] - too much timer 14 in runloop SDKMainLoop, first timer is: const char* BOOAT::Functor0<TClass, Func>::getClassInfo() [with TClass = RTCSDK::LayoutManagerAdaptor; Func = void (RTCSDK::LayoutManagerAdaptor::*)()]
I/RTCSDK  (31950): 2017-05-31 22:08:41.072 (551259848) 32163 [I][RTCSDK] - <<<VOMA::updateCallMode() exit
W/RTCSDK  (31950): 2017-05-31 22:08:41.072 (551259848) 32163 [W][RTCSDK] - RGen: info is not initialized
I/RTCSDK  (31950): 2017-05-31 22:08:41.072 (551259848) 32163 [I][RTCSDK] - LM::updateCallMode(), content, CallMode_AudioVideo
I/RTCSDK  (31950): 2017-05-31 22:08:41.072 (551259849) 32163 [I][RTCSDK] - LM: content calcparam begin:{
I/RTCSDK  (31950): 	type:9, mode:0, calc:LCContent,screenNum:1, visableNum:1, resourceNum:0
I/RTCSDK  (31950): 	cpe:1, cpa:0, cse:1, csa:0, cshow:0, cthumb:0, cspid:0
I/RTCSDK  (31950): 	chm:0, cha:0, pom:0, poa:0, pocnt:0, poitvl:0, churi:
I/RTCSDK  (31950): 	cmd:0, ice:0, obv:0, auo:0, recod:0, rlycnt:0, peer:
I/RTCSDK  (31950): 	ssrc:0, bw:0, force:0, speaker:0, speakerts:0
I/RTCSDK  (31950): 	caplimit:{1920x1080, 30.0fps, max:0bps, cur:0bps}
I/RTCSDK  (31950): 	curlayout:{}
I/RTCSDK  (31950): 	history:{}
I/RTCSDK  (31950): } calcparam end
I/RTCSDK  (31950): 2017-05-31 22:08:41.072 (551259849) 32163 [I][RTCSDK] - LM::calculateExpectedLayout() content used 0ms
I/RTCSDK  (31950): 2017-05-31 22:08:41.073 (551259849) 32163 [I][RTCSDK] - LM::updateCallMode(), people, CallMode_AudioVideo
I/RTCSDK  (31950): 2017-05-31 22:08:41.073 (551259849) 32163 [I][RTCSDK] - LM: people calcparam begin:{
I/RTCSDK  (31950): 	type:9, mode:0, calc:LCNS,screenNum:1, visableNum:5, resourceNum:0
I/RTCSDK  (31950): 	cpe:1, cpa:0, cse:1, csa:0, cshow:0, cthumb:0, cspid:0
I/RTCSDK  (31950): 	chm:0, cha:0, pom:0, poa:0, pocnt:0, poitvl:0, churi:
I/RTCSDK  (31950): 	cmd:0, ice:0, obv:0, auo:0, recod:0, rlycnt:0, peer:
I/RTCSDK  (31950): 	ssrc:0, bw:0, force:0, speaker:0, speakerts:0
I/RTCSDK  (31950): 	caplimit:{1280x 720, 15.0fps, max:0bps, cur:0bps}
I/RTCSDK  (31950): 	curlayout:{}
I/RTCSDK  (31950): 	history:{}
I/RTCSDK  (31950): } calcparam end
I/RTCSDK  (31950): 2017-05-31 22:08:41.073 (551259849) 32163 [I][RTCSDK] - LM::calculateExpectedLayout(), people, used 0ms
I/RTCSDK  (31950): 2017-05-31 22:08:41.073 (551259849) 32163 [I][RTCSDK] - LMA: bwsplit result t:0, p:0, c:0
I/RTCSDK  (31950): 2017-05-31 22:08:41.073 (551259849) 32163 [I][RTCSDK] - LM::updateRecvBandwidth(), content, 0
I/RTCSDK  (31950): 2017-05-31 22:08:41.073 (551259849) 32163 [I][RTCSDK] - LM: content calcparam begin:{
I/RTCSDK  (31950): 	type:9, mode:0, calc:LCContent,screenNum:1, visableNum:1, resourceNum:0
I/RTCSDK  (31950): 	cpe:1, cpa:0, cse:1, csa:0, cshow:0, cthumb:0, cspid:0
I/RTCSDK  (31950): 	chm:0, cha:0, pom:0, poa:0, pocnt:0, poitvl:0, churi:
I/RTCSDK  (31950): 	cmd:0, ice:0, obv:0, auo:0, recod:0, rlycnt:0, peer:
I/RTCSDK  (31950): 	ssrc:0, bw:0, force:0, speaker:0, speakerts:0
I/RTCSDK  (31950): 	caplimit:{1920x1080, 30.0fps, max:0bps, cur:0bps}
I/RTCSDK  (31950): 	curlayout:{}
I/RTCSDK  (31950): 	history:{}
I/RTCSDK  (31950): } calcparam end
I/RTCSDK  (31950): 2017-05-31 22:08:41.073 (551259849) 32163 [I][RTCSDK] - LM::calculateExpectedLayout() content used 0ms
W/BOOAT   (31950): 2017-05-31 22:08:41.073 (551259849) 32163 [W][BOOAT] - too much timer 15 in runloop SDKMainLoop, first timer is: const char* BOOAT::Functor0<TClass, Func>::getClassInfo() [with TClass = RTCSDK::LayoutManagerAdaptor; Func = void (RTCSDK::LayoutManagerAdaptor::*)()]
I/RTCSDK  (31950): 2017-05-31 22:08:41.073 (551259849) 32163 [I][RTCSDK] - LMA: startTimer -1419440072
I/RTCSDK  (31950): 2017-05-31 22:08:41.073 (551259850) 32163 [I][RTCSDK] - LM::processLayoutResult(), content, used 0ms
I/RTCSDK  (31950): 2017-05-31 22:08:41.073 (551259850) 32163 [I][RTCSDK] - LM::updateRecvBandwidth(), people, 0
I/RTCSDK  (31950): 2017-05-31 22:08:41.074 (551259850) 32163 [I][RTCSDK] - LM: people calcparam begin:{
I/RTCSDK  (31950): 	type:9, mode:0, calc:LCNS,screenNum:1, visableNum:5, resourceNum:0
I/RTCSDK  (31950): 	cpe:1, cpa:0, cse:1, csa:0, cshow:0, cthumb:0, cspid:0
I/RTCSDK  (31950): 	chm:0, cha:0, pom:0, poa:0, pocnt:0, poitvl:0, churi:
I/RTCSDK  (31950): 	cmd:0, ice:0, obv:0, auo:0, recod:0, rlycnt:0, peer:
I/RTCSDK  (31950): 	ssrc:0, bw:0, force:0, speaker:0, speakerts:0
I/RTCSDK  (31950): 	caplimit:{1280x 720, 15.0fps, max:0bps, cur:0bps}
I/RTCSDK  (31950): 	curlayout:{}
I/RTCSDK  (31950): 	history:{}
I/RTCSDK  (31950): } calcparam end
I/RTCSDK  (31950): 2017-05-31 22:08:41.074 (551259850) 32163 [I][RTCSDK] - LM::calculateExpectedLayout(), people, used 0ms
I/RTCSDK  (31950): 2017-05-31 22:08:41.074 (551259850) 32163 [I][RTCSDK] - LM::processLayoutResult(), people, used 0ms
I/RTCSDK  (31950): 2017-05-31 22:08:41.074 (551259850) 32163 [I][RTCSDK] - MediaController::changeCallMode 0
I/CC      (31950): 2017-05-31 22:08:41.074 (551259850) 32163 [I][CC] - Enter, CallController::callMake, callIndex=9, localUri=, remoteUri=20115996@HARD, callMode=0, isCaller=1, moreUris size=0, associatedEntity=, hideId=, groupCall=0, telNo=, telCallLength=0, bNotCharging=0
D/CC      (31950): 2017-05-31 22:08:41.074 (551259850) 32163 [D][CC] - Enter, CallManager::processCallMake, 
I/CC      (31950): 2017-05-31 22:08:41.074 (551259850) 32163 [I][CC] - Enter, CallManager::checkDialString, dial string:20115996@HARD
I/CC      (31950): 2017-05-31 22:08:41.074 (551259850) 32163 [I][CC] - Exit, CallManager::checkDialString
D/CC      (31950): 2017-05-31 22:08:41.074 (551259850) 32163 [D][CC] - Enter, CallManager::checkCallBehavior, call size:1
I/CC      (31950): 2017-05-31 22:08:41.074 (551259850) 32163 [I][CC] - CallManager::checkCallBehavior, cancel pending outgoing call
D/CC      (31950): 2017-05-31 22:08:41.074 (551259850) 32163 [D][CC] - Enter, Call::dropCall, reason:200
I/CC      (31950): 2017-05-31 22:08:41.074 (551259850) 32163 [I][CC] - [STKSIG]Enter,SigStack::sigCallDrop, hcall 7
I/CC      (31950): 2017-05-31 22:08:41.074 (551259851) 32163 [I][CC] - [STKSIG]Enter, SigCall::callDrop: bd609908-b29e-1001-91f4-ed55c9fdc1a1
D/CC      (31950): 2017-05-31 22:08:41.074 (551259851) 32163 [D][CC] - [STKSIG]Exit, SigCall::callDrop
I/CC      (31950): 2017-05-31 22:08:41.074 (551259851) 32163 [I][CC] - [STKSIG]Enter,SigStack::msgSend
I/CC      (31950): 2017-05-31 22:08:41.074 (551259851) 32163 [I][CC] - [STKSIG]Enter,SigStack::onMsgSend
I/CC      (31950): 2017-05-31 22:08:41.074 (551259851) 32163 [I][CC] - [STKSIG]Enter, SigStack::onSigCallEvent, hcall 7, event 22
I/CC      (31950): 2017-05-31 22:08:41.074 (551259851) 32163 [I][CC] - [STKSIG]Got event [] in state [OFFERING] and holdState [SIG_HOLD_NULL ].
I/CC      (31950): 2017-05-31 22:08:41.075 (551259851) 32163 [I][CC] - [STKSIG]Enter,SigStack::sigHandleCallState, hcall 7, state 7, event 22
I/CC      (31950): 2017-05-31 22:08:41.075 (551259851) 32163 [I][CC] - [STKSIG]Call state changed OFFERING ===> DISCONNECTED.
D/CC      (31950): 2017-05-31 22:08:41.075 (551259851) 32163 [D][CC] - [STKSIG]Enter,SigStack::cancelTimer: hcall 7, type -65536
D/CC      (31950): 2017-05-31 22:08:41.075 (551259851) 32163 [D][CC] - [STKSIG]Enter, SigCall::cancelTimer: bd609908-b29e-1001-91f4-ed55c9fdc1a1, timer type -65536
D/CC      (31950): 2017-05-31 22:08:41.075 (551259851) 32163 [D][CC] - [STKSIG]Exit, SigCall::cancelTimer: status 0
I/CC      (31950): 2017-05-31 22:08:41.075 (551259851) 32163 [I][CC] - [STKSIG]Enter, SigMsg::sigMsgParse
D/CC      (31950): 2017-05-31 22:08:41.075 (551259851) 32163 [D][CC] - [STKSIG]Enter, SigMsg::decodeParams:  append={"caller_number":"10010229096"};version=1.5
D/CC      (31950): 2017-05-31 22:08:41.075 (551259851) 32163 [D][CC] - [STKSIG]Exit, SigMsg::decodeParams
I/CC      (31950): 2017-05-31 22:08:41.075 (551259851) 32163 [I][CC] - [STKSIG]_msgHeaderType = 0
D/BOOAT   (31950): 2017-05-31 22:08:41.079 (551259855) 32163 [D][BOOAT] - The converted ip address is 192.168.137.103
I/CC      (31950): 2017-05-31 22:08:41.079 (551259855) 32163 [I][CC] - [STKSIG]Exit, SigMsg::sigMsgParse
I/CC      (31950): 2017-05-31 22:08:41.079 (551259855) 32163 [I][CC] - Enter, SigCallBackImp::onSigCallStateChanged, hCall:7,eState:7,eCode:487
D/CC      (31950): 2017-05-31 22:08:41.079 (551259855) 32163 [D][CC] - Enter, Transformer::getCallStateFromSigState, state = 7
D/CC      (31950): 2017-05-31 22:08:41.079 (551259855) 32163 [D][CC] - Transformer::getCallStateFromSigState, CALL_STATE_DISCONNECTED
D/CC      (31950): 2017-05-31 22:08:41.079 (551259855) 32163 [D][CC] - Exit, Transformer::getCallStateFromSigState
I/CC      (31950): 2017-05-31 22:08:41.079 (551259855) 32163 [I][CC] - Enter, Call::onCallStateChanged, state:5, reason:487, meeting-id: remoteUri 20115996@HARD
D/CC      (31950): 2017-05-31 22:08:41.079 (551259856) 32163 [D][CC] - Enter, Call::cancelTimer, type:-1
D/CC      (31950): 2017-05-31 22:08:41.079 (551259856) 32163 [D][CC] - Exit, Call::cancelTimer
D/CC      (31950): 2017-05-31 22:08:41.079 (551259856) 32163 [D][CC] - Enter, Call::closeAllPipelines, 
D/CC      (31950): 2017-05-31 22:08:41.079 (551259856) 32163 [D][CC] - Exit, Call::closeAllPipelines
D/CC      (31950): 2017-05-31 22:08:41.079 (551259856) 32163 [D][CC] - Enter, Ice::cancelTimer, type:-1
D/CC      (31950): 2017-05-31 22:08:41.079 (551259856) 32163 [D][CC] - Exit, Ice::cancelTimer
D/CC      (31950): 2017-05-31 22:08:41.079 (551259856) 32163 [D][CC] - Enter, Ice::delAllIceSocket, 
D/CC      (31950): 2017-05-31 22:08:41.079 (551259856) 32163 [D][CC] - Exit, Ice::delAllIceSocket
I/CC      (31950): 2017-05-31 22:08:41.079 (551259856) 32163 [I][CC] - Call::onCallStateChanged, preState:2 TO state:5
D/CC      (31950): 2017-05-31 22:08:41.079 (551259856) 32163 [D][CC] - Enter, Transformer::getStr, StatusCode = 487
D/CC      (31950): 2017-05-31 22:08:41.079 (551259856) 32163 [D][CC] - Exit, Transformer::getStr
D/CC      (31950): 2017-05-31 22:08:41.079 (551259856) 32163 [D][CC] - Enter, Transformer::getStr, call state = 5
D/CC      (31950): 2017-05-31 22:08:41.079 (551259856) 32163 [D][CC] - Exit, Transformer::getStr
I/CC      (31950): 2017-05-31 22:08:41.080 (551259856) 32163 [I][CC] - Enter, CallController::callStateChanged, callIndex[8], state:call disconnected, dis_reason:CANCEL, remoteUri:20115996@HARD, vc:, automute:
I/RTCSDK  (31950): 2017-05-31 22:08:41.080 (551259856) 32163 [I][RTCSDK] - CallManager::onCallStateChanged callIndex(8), state(DISCONNECTED), reason(CANCEL) localUri(), remoteUri(20115996@HARD), automute()
I/RTCSDK  (31950): 2017-05-31 22:08:41.080 (551259856) 32163 [I][RTCSDK] - CallManager::onCallStateChanged 0xab6fecb8 , _activeSession = 0x0
D/RTCSDK  (31950): 2017-05-31 22:08:41.080 (551259856) 32163 [D][RTCSDK] - RTCSDKContext::onCallEnd callIndex=8, meetingId = 
I/RTCSDK  (31950): 2017-05-31 22:08:41.080 (551259856) 32163 [I][RTCSDK] - MediaSession not dump rtp header as network well
I/RTCSDK  (31950): 2017-05-31 22:08:41.080 (551259856) 32163 [I][RTCSDK] - CallSession::handleCdrGenTimer
I/RTCSDK  (31950): 2017-05-31 22:08:41.080 (551259856) 32163 [I][RTCSDK] - CDRReport::report enter
I/RTCSDK  (31950): 2017-05-31 22:08:41.080 (551259856) 32163 [I][RTCSDK] - CDR string: dict size 32
I/RTCSDK  (31950): 2017-05-31 22:08:41.080 (551259857) 32163 [I][RTCSDK] - CDR string size=856, str={ "call_disconnect_reason": "CANCEL", "call_id": "bd609908-b29e-1001-91f4-ed55c9fdc1a1", "call_mode": "audio_video", "call_type": "p2p", "callee_uri": "20115996@HARD", "caller_uri": "20110267@SOFT", "cdr_version": "1.3.1", "device_model": "vivovivo X6SPlus D", "device_type": "android-sdk", "local_type": "app_contact", "location": "", "meeting_id": "", "nat_addr": "", "nat_type": "", "nemo_sub_type": "0", "net_key": "", "net_type": "1", "os_version": "5.1.1", "sw_version": "1.0", "first_audio": 0, "first_video": 0, "nat_symm_step": 0, "net_strength": -1, "sequence_num": 0, "call_connect": false, "caller": true, "last_piece": true, "used_desktop_share_dualstream": false, "used_media_file_dualstream": false, "call_duration": { "end_time": "2017-05-31 22:08:41", "time": "2017-05-31 22:08:41", "duration": 0 }, "more_uris": [ ], "video_freeze": [ ] }
D/RTCSDK  (31950): 2017-05-31 22:08:41.081 (551259857) 32163 [D][RTCSDK] - SDKEvent: post event kEventCDRReport with taskId = 112
I/RTCSDK  (31950): 2017-05-31 22:08:41.081 (551259857) 32163 [I][RTCSDK] - NetworkMonitor unregister 0xab702620
W/RTCSDK  (31950): 2017-05-31 22:08:41.081 (551259857) 32163 [W][RTCSDK] - NetworkMonitor not registered
D/RTCSDK  (31950): 2017-05-31 22:08:41.081 (551259857) 32163 [D][RTCSDK] - de consruct media session this=0xab702430
I/RTCSDK  (31950): 2017-05-31 22:08:41.081 (551259857) 32163 [I][RTCSDK] - =====> PipelineManager::stopPipeline enter (session: 1, pipeline: PORTID_ALL)
I/RTCSDK  (31950): 2017-05-31 22:08:41.081 (551259857) 32163 [I][RTCSDK] - =====> PipelineManager::stopPipeline exit (session: 1, pipeline: PORTID_ALL)
I/RTCSDK  (31950): 2017-05-31 22:08:41.081 (551259857) 32163 [I][RTCSDK] - >>>VOMA::onVTXPipelineStateChanged() enter, content, 0
E/RTCSDK  (31950): 2017-05-31 22:08:41.081 (551259857) 32163 [E][RTCSDK] - VOMA::onVTXPipelineStateChanged(), manager for session content not found
I/RTCSDK  (31950): 2017-05-31 22:08:41.081 (551259857) 32163 [I][RTCSDK] - LM::updateStreamContentState(), people, 0
I/RTCSDK  (31950): 2017-05-31 22:08:41.081 (551259857) 32163 [I][RTCSDK] - LM: people calcparam begin:{
I/RTCSDK  (31950): 	type:9, mode:0, calc:LCNS,screenNum:1, visableNum:5, resourceNum:0
I/RTCSDK  (31950): 	cpe:1, cpa:0, cse:1, csa:0, cshow:0, cthumb:0, cspid:0
I/RTCSDK  (31950): 	chm:0, cha:0, pom:0, poa:0, pocnt:0, poitvl:0, churi:
I/RTCSDK  (31950): 	cmd:0, ice:0, obv:0, auo:0, recod:0, rlycnt:0, peer:
I/RTCSDK  (31950): 	ssrc:0, bw:0, force:0, speaker:0, speakerts:0
I/RTCSDK  (31950): 	caplimit:{1280x 720, 15.0fps, max:0bps, cur:0bps}
I/RTCSDK  (31950): 	curlayout:{}
I/RTCSDK  (31950): 	history:{}
I/RTCSDK  (31950): } calcparam end
I/RTCSDK  (31950): 2017-05-31 22:08:41.081 (551259857) 32163 [I][RTCSDK] - LM::calculateExpectedLayout(), people, used 0ms
I/RTCSDK  (31950): 2017-05-31 22:08:41.081 (551259857) 32163 [I][RTCSDK] - LMA: bwsplit result t:0, p:0, c:0
I/RTCSDK  (31950): 2017-05-31 22:08:41.081 (551259857) 32163 [I][RTCSDK] - LM::updateRecvBandwidth(), people, 0
I/RTCSDK  (31950): 2017-05-31 22:08:41.081 (551259857) 32163 [I][RTCSDK] - LM: people calcparam begin:{
I/RTCSDK  (31950): 	type:9, mode:0, calc:LCNS,screenNum:1, visableNum:5, resourceNum:0
I/RTCSDK  (31950): 	cpe:1, cpa:0, cse:1, csa:0, cshow:0, cthumb:0, cspid:0
I/RTCSDK  (31950): 	chm:0, cha:0, pom:0, poa:0, pocnt:0, poitvl:0, churi:
I/RTCSDK  (31950): 	cmd:0, ice:0, obv:0, auo:0, recod:0, rlycnt:0, peer:
I/RTCSDK  (31950): 	ssrc:0, bw:0, force:0, speaker:0, speakerts:0
I/RTCSDK  (31950): 	caplimit:{1280x 720, 15.0fps, max:0bps, cur:0bps}
I/RTCSDK  (31950): 	curlayout:{}
I/RTCSDK  (31950): 	history:{}
I/RTCSDK  (31950): } calcparam end
I/RTCSDK  (31950): 2017-05-31 22:08:41.081 (551259857) 32163 [I][RTCSDK] - LM::calculateExpectedLayout(), people, used 0ms
I/RTCSDK  (31950): 2017-05-31 22:08:41.081 (551259858) 32163 [I][RTCSDK] - LM::processLayoutResult(), people, used 0ms
D/RTCSDK  (31950): 2017-05-31 22:08:41.081 (551259858) 32163 [D][RTCSDK] - PipelineManager::closeAllPipelines
I/RTCSDK  (31950): 2017-05-31 22:08:41.081 (551259858) 32163 [I][RTCSDK] - NetworkMonitor unregister 0xab6b96a8
W/RTCSDK  (31950): 2017-05-31 22:08:41.082 (551259858) 32163 [W][RTCSDK] - NetworkMonitor not registered
D/RTCSDK  (31950): 2017-05-31 22:08:41.082 (551259858) 32163 [D][RTCSDK] - de consruct media session this=0xab6b94b8
I/RTCSDK  (31950): 2017-05-31 22:08:41.082 (551259858) 32163 [I][RTCSDK] - =====> PipelineManager::stopPipeline enter (session: 0, pipeline: PORTID_ALL)
I/RTCSDK  (31950): 2017-05-31 22:08:41.082 (551259858) 32163 [I][RTCSDK] - =====> PipelineManager::stopPipeline exit (session: 0, pipeline: PORTID_ALL)
I/RTCSDK  (31950): 2017-05-31 22:08:41.082 (551259858) 32163 [I][RTCSDK] - >>>VOMA::onVTXPipelineStateChanged() enter, people, 0
E/RTCSDK  (31950): 2017-05-31 22:08:41.082 (551259858) 32163 [E][RTCSDK] - VOMA::onVTXPipelineStateChanged(), manager for session people not found
D/RTCSDK  (31950): 2017-05-31 22:08:41.082 (551259858) 32163 [D][RTCSDK] - PipelineManager::closeAllPipelines
I/RTCSDK  (31950): 2017-05-31 22:08:41.082 (551259858) 32163 [I][RTCSDK] - LMA::willDestoried(), 0xab6ff284
I/RTCSDK  (31950): 2017-05-31 22:08:41.082 (551259858) 32163 [I][RTCSDK] - LMA: handleTimer -1419871544
I/RTCSDK  (31950): 2017-05-31 22:08:41.082 (551259858) 32163 [I][RTCSDK] - LMA: piCount 0 -> 0
I/RTCSDK  (31950): 2017-05-31 22:08:41.082 (551259858) 32163 [I][RTCSDK] - RGen: willDestoried
W/RTCSDK  (31950): 2017-05-31 22:08:41.082 (551259858) 32163 [W][RTCSDK] - RGen: info is not initialized
I/RTCSDK  (31950): 2017-05-31 22:08:41.082 (551259858) 32163 [I][RTCSDK] - CallSession deConstuctor
I/RTCSDK  (31950): 2017-05-31 22:08:41.082 (551259858) 32163 [I][RTCSDK] - VOMA::destruct(), 0xab6ff378
I/RTCSDK  (31950): 2017-05-31 22:08:41.082 (551259858) 32163 [I][RTCSDK] - LMA::destruct(), 0xab6ff284
I/RTCSDK  (31950): 2017-05-31 22:08:41.082 (551259859) 32163 [I][RTCSDK] - LMA::willDestoried(), 0xab6ff284
I/RTCSDK  (31950): 2017-05-31 22:08:41.082 (551259859) 32163 [I][RTCSDK] - LMA: piCount 0 -> 0
I/RTCSDK  (31950): 2017-05-31 22:08:41.082 (551259859) 32163 [I][RTCSDK] - RGen: willDestoried
W/RTCSDK  (31950): 2017-05-31 22:08:41.083 (551259859) 32163 [W][RTCSDK] - RGen: info is not initialized
I/RTCSDK  (31950): 2017-05-31 22:08:41.083 (551259859) 32163 [I][RTCSDK] - RGen: destruct
I/RTCSDK  (31950): 2017-05-31 22:08:41.083 (551259859) 32163 [I][RTCSDK] - CallManager::onCallStateChanged remove call session 8
I/RTCSDK  (31950): 2017-05-31 22:08:41.083 (551259859) 32163 [I][RTCSDK] - CallManager::onCallStateChanged call _sdkObserver->onCallStateChanged
I/CC      (31950): 2017-05-31 22:08:41.083 (551259859) 32163 [I][CC] - Exit, CallController::callStateChanged
D/CC      (31950): 2017-05-31 22:08:41.083 (551259859) 32163 [D][CC] - Enter, Transformer::getStr, call state = 5
D/CC      (31950): 2017-05-31 22:08:41.083 (551259859) 32163 [D][CC] - Exit, Transformer::getStr
I/CC      (31950): 2017-05-31 22:08:41.083 (551259859) 32163 [I][CC] - Call::onCallStateChanged, call state: call disconnected
I/CC      (31950): 2017-05-31 22:08:41.083 (551259860) 32163 [I][CC] - Exit, Call::onCallStateChanged
I/CC      (31950): 2017-05-31 22:08:41.083 (551259860) 32163 [I][CC] - Exit, SigCallBackImp::onSigCallStateChanged
I/CC      (31950): 2017-05-31 22:08:41.083 (551259860) 32163 [I][CC] - [STKSIG]Exit,SigStack::sigHandleCallState
I/CC      (31950): 2017-05-31 22:08:41.083 (551259860) 32163 [I][CC] - [STKSIG]Exit, SigStack::onSigCallEvent: status 1.
I/CC      (31950): 2017-05-31 22:08:41.083 (551259860) 32163 [I][CC] - Enter, CallController::msgSend, 
I/CC      (31950): 2017-05-31 22:08:41.084 (551259860) 32163 [I][CC] - Exit, CallController::msgSend
I/CC      (31950): 2017-05-31 22:08:41.084 (551259860) 32163 [I][CC] - [STKSIG]send message: ------>bye
I/CC      (31950): from: 20110267@SOFT
I/CC      (31950): to: 20115996@HARD
I/CC      (31950): type: bye
I/CC      (31950): call-id: bd609908-b29e-1001-91f4-ed55c9fdc1a1
I/CC      (31950): status: 487
I/CC      (31950): sequence: 2
I/CC      (31950): 
I/CC      (31950): 2017-05-31 22:08:41.084 (551259860) 32163 [I][CC] - [STKSIG]Exit, SigStack::onMsgSend.
I/CC      (31950): 2017-05-31 22:08:41.084 (551259860) 32163 [I][CC] - [STKSIG]Exit,SigStack::msgSend,bRet:1
I/CC      (31950): 2017-05-31 22:08:41.084 (551259860) 32163 [I][CC] - [STKSIG]Exit,SigStack::sigCallDrop
D/CC      (31950): 2017-05-31 22:08:41.084 (551259860) 32163 [D][CC] - Exit, Call::dropCall
D/CC      (31950): 2017-05-31 22:08:41.084 (551259860) 32163 [D][CC] - Exit, CallManager::checkCallBehavior
I/CC      (31950): 2017-05-31 22:08:41.084 (551259860) 32163 [I][CC] - CallManager::processCallMake, make new call
D/CC      (31950): 2017-05-31 22:08:41.084 (551259860) 32163 [D][CC] - CallManager::getCallByIndex, NULL
D/CC      (31950): 2017-05-31 22:08:41.084 (551259860) 32163 [D][CC] - Enter, Call::dialCall, strUri:20115996@HARD,rate:1024,callMode:0,resTO:60000
I/CC      (31950): 2017-05-31 22:08:41.084 (551259860) 32163 [I][CC] - Enter, CapsSet::makeLocalFullCaps, 
D/CC      (31950): 2017-05-31 22:08:41.084 (551259860) 32163 [D][CC] - Enter, CapsSet::initCaps, 
D/CC      (31950): 2017-05-31 22:08:41.084 (551259860) 32163 [D][CC] - Exit, CapsSet::initCaps
I/CC      (31950): 2017-05-31 22:08:41.084 (551259860) 32163 [I][CC] - Exit, CapsSet::makeLocalFullCaps
I/CC      (31950): 2017-05-31 22:08:41.084 (551259860) 32163 [I][CC] - Enter, CapabilityManager::makeMediaListFromCaps, 
D/CC      (31950): 2017-05-31 22:08:41.084 (551259860) 32163 [D][CC] - Enter, CapabilityManager::buildAudioDef, 
D/CC      (31950): 2017-05-31 22:08:41.084 (551259860) 32163 [D][CC] - Exit, CapabilityManager::buildAudioDef
D/CC      (31950): 2017-05-31 22:08:41.084 (551259860) 32163 [D][CC] - Enter, CapabilityManager::buildAudioDef, 
I/UI      (31950): 2017-05-31 22:08:41.084 (551259860) 32165 [I][UI] - CallSdkJni: sdk2java function = onCallStateChanged, msg = { "meetingId": "", "reason": "CANCEL", "remoteURI": "20115996@HARD", "state": "CALL_STATE_DISCONNECTED", "vcnumber": "", "callIndex": 8 }
D/CC      (31950): 2017-05-31 22:08:41.084 (551259860) 32163 [D][CC] - Exit, CapabilityManager::buildAudioDef
D/CC      (31950): 2017-05-31 22:08:41.084 (551259860) 32163 [D][CC] - Enter, CapabilityManager::buildVideoPeopleDef, 
D/CC      (31950): 2017-05-31 22:08:41.084 (551259860) 32163 [D][CC] - Exit, CapabilityManager::buildVideoPeopleDef
D/CC      (31950): 2017-05-31 22:08:41.084 (551259860) 32163 [D][CC] - Enter, CapabilityManager::buildFeccDef, 
D/CC      (31950): 2017-05-31 22:08:41.084 (551259860) 32163 [D][CC] - Exit, CapabilityManager::buildFeccDef
D/CC      (31950): 2017-05-31 22:08:41.084 (551259860) 32163 [D][CC] - Enter, CapabilityManager::buildContentAudioDef, 
D/CC      (31950): 2017-05-31 22:08:41.084 (551259860) 32163 [D][CC] - Exit, CapabilityManager::buildContentAudioDef
D/CC      (31950): 2017-05-31 22:08:41.084 (551259860) 32163 [D][CC] - Enter, CapabilityManager::buildContentVideoDef, 
D/CC      (31950): 2017-05-31 22:08:41.084 (551259860) 32163 [D][CC] - Exit, CapabilityManager::buildContentVideoDef
D/CC      (31950): 2017-05-31 22:08:41.084 (551259860) 32163 [D][CC] - Enter, CapabilityManager::buildContentFeccDef, 
D/CC      (31950): 2017-05-31 22:08:41.084 (551259860) 32163 [D][CC] - Exit, CapabilityManager::buildContentFeccDef
I/CC      (31950): 2017-05-31 22:08:41.084 (551259860) 32163 [I][CC] - CapabilityManager::makeMediaListFromCaps, media count:6
I/CC      (31950): 2017-05-31 22:08:41.084 (551259860) 32163 [I][CC] - Exit, CapabilityManager::makeMediaListFromCaps
D/CC      (31950): 2017-05-31 22:08:41.084 (551259860) 32163 [D][CC] - Enter, Call::allocateLocalPorts, addr:192.168.137.103
D/CC      (31950): 2017-05-31 22:08:41.084 (551259861) 32163 [D][CC] - Enter, PortMaker::allocatPort, localAddr:192.168.137.103, startPort: 5240, endPort 5340
D/CC      (31950): 2017-05-31 22:08:41.084 (551259861) 32163 [D][CC] - Enter, PortMaker::portBindTest, localAddr:192.168.137.103, port:5242
D/BOOAT   (31950): 2017-05-31 22:08:41.084 (551259861) 32163 [D][BOOAT] - socket created: ip=192.168.137.103, port=5242, retuslt=1, socket=74
D/BOOAT   (31950): 2017-05-31 22:08:41.084 (551259861) 32163 [D][BOOAT] - socket closed: socket=74
D/CC      (31950): 2017-05-31 22:08:41.085 (551259861) 32163 [D][CC] - PortMaker::portBindTest, UDP
D/CC      (31950): 2017-05-31 22:08:41.085 (551259861) 32163 [D][CC] - Exit, PortMaker::portBindTest
D/CC      (31950): 2017-05-31 22:08:41.085 (551259861) 32163 [D][CC] - PortMaker::allocatPort, current port: 5242
D/CC      (31950): 2017-05-31 22:08:41.085 (551259861) 32163 [D][CC] - Exit, PortMaker::allocatPort
D/CC      (31950): 2017-05-31 22:08:41.085 (551259861) 32163 [D][CC] - Call::allocateLocalPorts, audio port=5242,video port=5242,fecc port=5242
D/CC      (31950): 2017-05-31 22:08:41.085 (551259861) 32163 [D][CC] - Exit, Call::allocateLocalPorts
I/CC      (31950): 2017-05-31 22:08:41.085 (551259861) 32163 [I][CC] - [STKSIG]Enter,SigStack::sigCallMake: uri 20115996@HARD
I/CC      (31950): 2017-05-31 22:08:41.085 (551259861) 32163 [I][CC] - [STKSIG]SigStack::sigGetSigCall: SigCall not found for handle=-1
I/CC      (31950): 2017-05-31 22:08:41.085 (551259861) 32163 [I][CC] - [STKSIG]Enter,SigStack::sigCallNew
D/CC      (31950): 2017-05-31 22:08:41.085 (551259861) 32163 [D][CC] - [STKSIG]SigCall created: bd60c32c-b29e-1001-9bad-ed55c9fdc1a1
I/CC      (31950): 2017-05-31 22:08:41.085 (551259861) 32163 [I][CC] - [STKSIG]Exit,SigStack::sigCallNew
I/CC      (31950): 2017-05-31 22:08:41.085 (551259861) 32163 [I][CC] - [STKSIG]Enter, SigCall::callMake: bd60c32c-b29e-1001-9bad-ed55c9fdc1a1, URI: 20115996@HARD
D/CC      (31950): 2017-05-31 22:08:41.085 (551259861) 32163 [D][CC] - [STKSDP]Enter,Sdp::sdpCreateOffer,nRate:1024,strLocalAddr:192.168.137.103
D/CC      (31950): 2017-05-31 22:08:41.085 (551259861) 32163 [D][CC] - [STKSDP]Exit,Sdp::sdpCreateOffer
D/CC      (31950): 2017-05-31 22:08:41.085 (551259861) 32163 [D][CC] - [STKSIG]Exit, SigCall::callMake
I/UI      (31950): 2017-05-31 22:08:41.086 (551259862) 32165 [I][UI] - CallSdkJni: sdk2java function = onCallMsgSendRequest, msg = { "message": "bye\r\nfrom: 20110267@SOFT\r\nto: 20115996@HARD\r\ntype: bye\r\ncall-id: bd609908-b29e-1001-91f4-ed55c9fdc1a1\r\nstatus: 487\r\nsequence: 2\r\n\r\n" }
D/CC      (31950): 2017-05-31 22:08:41.086 (551259863) 32163 [D][CC] - [STKSIG]Enter,SigStack::scheduleTimer: hcall 8, type 8, interval 10000
D/CC      (31950): 2017-05-31 22:08:41.086 (551259863) 32163 [D][CC] - [STKSIG]Enter, SigCall::scheduleTimer: bd60c32c-b29e-1001-9bad-ed55c9fdc1a1, timer type 8
D/CC      (31950): 2017-05-31 22:08:41.086 (551259863) 32163 [D][CC] - [STKSIG]Exit, SigCall::scheduleTimer
D/CC      (31950): 2017-05-31 22:08:41.086 (551259863) 32163 [D][CC] - [STKSIG]Enter,SigStack::scheduleTimer: hcall 8, type 1, interval 60000
D/CC      (31950): 2017-05-31 22:08:41.086 (551259863) 32163 [D][CC] - [STKSIG]Enter, SigCall::scheduleTimer: bd60c32c-b29e-1001-9bad-ed55c9fdc1a1, timer type 1
W/BOOAT   (31950): 2017-05-31 22:08:41.086 (551259863) 32163 [W][BOOAT] - too much timer 11 in runloop SDKMainLoop, first timer is: const char* BOOAT::Functor0<TClass, Func>::getClassInfo() [with TClass = RTCSDK::LayoutManagerAdaptor; Func = void (RTCSDK::LayoutManagerAdaptor::*)()]
D/CC      (31950): 2017-05-31 22:08:41.086 (551259863) 32163 [D][CC] - [STKSIG]Exit, SigCall::scheduleTimer
I/CC      (31950): 2017-05-31 22:08:41.087 (551259863) 32163 [I][CC] - [STKSIG]Enter,SigStack::msgSend
I/CC      (31950): 2017-05-31 22:08:41.087 (551259863) 32163 [I][CC] - [STKSIG]Enter,SigStack::onMsgSend
I/CC      (31950): 2017-05-31 22:08:41.087 (551259863) 32163 [I][CC] - [STKSIG]Enter, SigStack::onSigCallEvent, hcall 8, event 0
I/CC      (31950): 2017-05-31 22:08:41.087 (551259863) 32163 [I][CC] - [STKSIG]Got event [SEND_OFFER] in state [IDLE] and holdState [SIG_HOLD_NULL ].
I/CC      (31950): 2017-05-31 22:08:41.087 (551259863) 32163 [I][CC] - [STKSIG]Enter,SigStack::sigHandleCallState, hcall 8, state 2, event 31
I/CC      (31950): 2017-05-31 22:08:41.087 (551259863) 32163 [I][CC] - [STKSIG]Call state changed IDLE ===> OFFERING.
I/CC      (31950): 2017-05-31 22:08:41.087 (551259863) 32163 [I][CC] - Enter, SigCallBackImp::onSigCallStateChanged, hCall:8,eState:2,eCode:200
D/CC      (31950): 2017-05-31 22:08:41.087 (551259863) 32163 [D][CC] - Enter, Transformer::getCallStateFromSigState, state = 2
I/Rxbus   (31950): post: Msg{what: 2007, arg1: 1, arg2: -2147483648, obj: bye
I/Rxbus   (31950): from: 20110267@SOFT
I/Rxbus   (31950): to: 20115996@HARD
I/Rxbus   (31950): type: bye
I/Rxbus   (31950): call-id: bd609908-b29e-1001-91f4-ed55c9fdc1a1
I/Rxbus   (31950): status: 487
I/Rxbus   (31950): sequence: 2
I/Rxbus   (31950): 
I/Rxbus   (31950): , bundle: {null}}
D/CC      (31950): 2017-05-31 22:08:41.087 (551259863) 32163 [D][CC] - Transformer::getCallStateFromSigState, CALL_STATE_OFFERING
D/CC      (31950): 2017-05-31 22:08:41.088 (551259864) 32163 [D][CC] - Exit, Transformer::getCallStateFromSigState
I/CC      (31950): 2017-05-31 22:08:41.088 (551259864) 32163 [I][CC] - Enter, Call::onCallStateChanged, state:2, reason:200, meeting-id: remoteUri 20115996@HARD
D/CC      (31950): 2017-05-31 22:08:41.088 (551259864) 32163 [D][CC] - Enter, Call::scheduleTimer, type:1,delay:60000,_callIndex:9
W/BOOAT   (31950): 2017-05-31 22:08:41.088 (551259864) 32163 [W][BOOAT] - too much timer 12 in runloop SDKMainLoop, first timer is: const char* BOOAT::Functor0<TClass, Func>::getClassInfo() [with TClass = RTCSDK::LayoutManagerAdaptor; Func = void (RTCSDK::LayoutManagerAdaptor::*)()]
D/CC      (31950): 2017-05-31 22:08:41.088 (551259864) 32163 [D][CC] - Exit, Call::scheduleTimer
I/CC      (31950): 2017-05-31 22:08:41.088 (551259865) 32163 [I][CC] - Call::onCallStateChanged, preState:0 TO state:2
D/CC      (31950): 2017-05-31 22:08:41.088 (551259865) 32163 [D][CC] - Enter, Transformer::getStr, StatusCode = 200
I/Rxbus   (31950): postSticky: Msg{what: 3080, arg1: -2147483648, arg2: -2147483648, obj: {8=callIndex == 8 remote == 20115996@HARD callMode == CallMode_AudioVideo direction == 0 reason == null, 9=callIndex == 9 remote == 20115996@HARD callMode == CallMode_AudioVideo direction == 0 reason == null}, bundle: {null}}
I/Rxbus   (31950): postSticky: Msg{what: 3004, arg1: -2147483648, arg2: -2147483648, obj: callIndex == 8 remote == 20115996@HARD callMode == CallMode_AudioVideo direction == 0 reason == STATUS_OK, bundle: {null}}
I/Rxbus   (31950): postSticky: Msg{what: 3080, arg1: -2147483648, arg2: -2147483648, obj: {8=callIndex == 8 remote == 20115996@HARD callMode == CallMode_AudioVideo direction == 0 reason == STATUS_OK, 9=callIndex == 9 remote == 20115996@HARD callMode == CallMode_AudioVideo direction == 0 reason == null}, bundle: {null}}
D/CC      (31950): 2017-05-31 22:08:41.088 (551259865) 32163 [D][CC] - Exit, Transformer::getStr
D/CC      (31950): 2017-05-31 22:08:41.088 (551259865) 32163 [D][CC] - Enter, Transformer::getStr, call state = 2
D/CC      (31950): 2017-05-31 22:08:41.088 (551259865) 32163 [D][CC] - Exit, Transformer::getStr
I/CC      (31950): 2017-05-31 22:08:41.088 (551259865) 32163 [I][CC] - Enter, CallController::callStateChanged, callIndex[9], state:send a call offer, dis_reason:STATUS_OK, remoteUri:20115996@HARD, vc:, automute:
I/RTCSDK  (31950): 2017-05-31 22:08:41.088 (551259865) 32163 [I][RTCSDK] - CallManager::onCallStateChanged callIndex(9), state(OFFERING), reason(STATUS_OK) localUri(), remoteUri(20115996@HARD), automute()
I/RTCSDK  (31950): 2017-05-31 22:08:41.088 (551259865) 32163 [I][RTCSDK] - CallManager::onCallStateChanged 0xab5a8f18 , _activeSession = 0x0
I/RTCSDK  (31950): 2017-05-31 22:08:41.089 (551259865) 32163 [I][RTCSDK] - CallManager::onCallStateChanged call _sdkObserver->onCallStateChanged
I/CC      (31950): 2017-05-31 22:08:41.089 (551259865) 32163 [I][CC] - Exit, CallController::callStateChanged
D/CC      (31950): 2017-05-31 22:08:41.089 (551259865) 32163 [D][CC] - Enter, Transformer::getStr, call state = 2
D/CC      (31950): 2017-05-31 22:08:41.089 (551259865) 32163 [D][CC] - Exit, Transformer::getStr
I/CC      (31950): 2017-05-31 22:08:41.089 (551259865) 32163 [I][CC] - Call::onCallStateChanged, call state: send a call offer
I/CC      (31950): 2017-05-31 22:08:41.089 (551259865) 32163 [I][CC] - Exit, Call::onCallStateChanged
I/CC      (31950): 2017-05-31 22:08:41.089 (551259865) 32163 [I][CC] - Exit, SigCallBackImp::onSigCallStateChanged
I/CC      (31950): 2017-05-31 22:08:41.089 (551259865) 32163 [I][CC] - [STKSIG]Exit,SigStack::sigHandleCallState
I/CC      (31950): 2017-05-31 22:08:41.089 (551259865) 32163 [I][CC] - [STKSIG]Exit, SigStack::onSigCallEvent: status 1.
I/UI      (31950): 2017-05-31 22:08:41.089 (551259865) 32312 [I][UI] - AndroidSocketWriter: websocket 141 bytes sent.
I/CC      (31950): 2017-05-31 22:08:41.089 (551259865) 32163 [I][CC] - Enter, CallController::msgSend, 
I/CC      (31950): 2017-05-31 22:08:41.089 (551259865) 32163 [I][CC] - Exit, CallController::msgSend
V/AudioService( 1430): setMode(mode=0)
I/CC      (31950): 2017-05-31 22:08:41.089 (551259865) 32163 [I][CC] - [STKSIG]send message: ------>offer: append={"caller_number":"10010229096"};version=1.5
I/CC      (31950): type: invite
I/CC      (31950): from: 20110267@SOFT;name=victor
I/CC      (31950): to: 20115996@HARD
I/CC      (31950): sequence: 1
I/CC      (31950): call-id: bd60c32c-b29e-1001-9bad-ed55c9fdc1a1
I/CC      (31950): 
I/CC      (31950): c=192.168.137.103
I/CC      (31950): b=1024
I/CC      (31950): v=1.0
I/CC      (31950): m=audio 5242 RTP/SAVP 99 126
I/CC      (31950): a=sendrecv
I/CC      (31950): a=rtpmap:99 OPUS/48000
I/CC      (31950): a=fmtp:99 bitrate=48000
I/CC      (31950): a=stream-ssrc:99 196027..196029
I/CC      (31950): a=rtpmap:126 LARK/48000
I/CC      (31950): a=fmtp:126 bitrate=48000
I/CC      (31950): a=stream-ssrc:126 196027..196029
I/CC      (31950): m=videopeople 5242 RTP/SAVP 106
I/CC      (31950): a=sendrecv
I/CC      (31950): a=rtpmap:106 H264-SVC/90000
I/CC      (31950): a=stream-ssrc:106 291019
I/CC      (31950): m=application 5242 RTP/SAVP 100
I/CC      (31950): a=sendrecv
I/CC      (31950): a=orientation:0
I/CC      (31950): m=audiocontent 5242 RTP/SAVP 99
I/CC      (31950): a=sendrecv
I/CC      (31950): a=rtpmap:99 OPUS/48000
I/CC      (31950): a=fmtp:99 bitrate=48000
I/CC      (31950): a=stream-ssrc:99 186232..186234
I/CC      (31950): m=videocontent 5242 RTP/SAVP 106
I/CC      (31950): a=sendrecv
I/CC      (31950): a=rtpmap:106 H264-SVC/90000
I/CC      (31950): a=stream-ssrc:106 215067
I/CC      (31950): m=applicationcontent 5242 RTP/SAVP 100
I/CC      (31950): a=sendrecv
I/CC      (31950): a=orientation:0
I/CC      (31950): 2017-05-31 22:08:41.089 (551259865) 32163 [I][CC] - [STKSIG]Exit, SigStack::onMsgSend.
I/CC      (31950): 2017-05-31 22:08:41.089 (551259865) 32163 [I][CC] - [STKSIG]Exit,SigStack::msgSend,bRet:1
D/CC      (31950): 2017-05-31 22:08:41.089 (551259865) 32163 [D][CC] - Exit, Call::dialCall
V/AudioService( 1430): setMode 0 by 31950
D/CC      (31950): 2017-05-31 22:08:41.089 (551259866) 32163 [D][CC] - Exit, CallManager::processCallMake
V/AudioService( 1430): setModeInt(mode=0, pid=31950)
I/CC      (31950): 2017-05-31 22:08:41.089 (551259866) 32163 [I][CC] - Exit, CallController::callMake
D/RTCSDK  (31950): 2017-05-31 22:08:41.089 (551259866) 32189 [D][RTCSDK] - java2sdk, result({ })
I/CC      (31950): 2017-05-31 22:08:41.089 (551259866) 32163 [I][CC] - Enter, CallManager::destroyCall, hCallHandle=7
D/CC      (31950): 2017-05-31 22:08:41.089 (551259866) 32163 [D][CC] - CallManager::destroyCall, 7
I/CC      (31950): 2017-05-31 22:08:41.089 (551259866) 32163 [I][CC] - [STKSIG]Enter,SigStack::sigCallDelete: 7
D/CC      (31950): 2017-05-31 22:08:41.090 (551259866) 32163 [D][CC] - [STKSIG]SigCall destroyed: bd609908-b29e-1001-91f4-ed55c9fdc1a1
I/CC      (31950): 2017-05-31 22:08:41.090 (551259866) 32163 [I][CC] - [STKSIG]Exit,SigStack::sigCallDelete
D/CC      (31950): 2017-05-31 22:08:41.090 (551259866) 32163 [D][CC] - Enter, Call::cancelTimer, type:-1
D/CC      (31950): 2017-05-31 22:08:41.090 (551259866) 32163 [D][CC] - Exit, Call::cancelTimer
D/CC      (31950): 2017-05-31 22:08:41.090 (551259866) 32163 [D][CC] - Enter, PortMaker::releasePort, port 5240, bPair 1
D/CC      (31950): 2017-05-31 22:08:41.090 (551259866) 32163 [D][CC] - Exit, PortMaker::releasePort
D/CC      (31950): 2017-05-31 22:08:41.090 (551259866) 32163 [D][CC] - Enter, PortMaker::releasePort, port 5240, bPair 1
D/CC      (31950): 2017-05-31 22:08:41.090 (551259866) 32163 [D][CC] - Exit, PortMaker::releasePort
D/AudioService( 1430): ###### ModeClient is Empty !
D/CC      (31950): 2017-05-31 22:08:41.090 (551259866) 32163 [D][CC] - Enter, PortMaker::releasePort, port 5240, bPair 1
D/CC      (31950): 2017-05-31 22:08:41.090 (551259866) 32163 [D][CC] - Exit, PortMaker::releasePort
D/CC      (31950): 2017-05-31 22:08:41.090 (551259866) 32163 [D][CC] - Enter, PortMaker::releasePort, port 5240, bPair 1
D/CC      (31950): 2017-05-31 22:08:41.090 (551259866) 32163 [D][CC] - Exit, PortMaker::releasePort
D/CC      (31950): 2017-05-31 22:08:41.090 (551259866) 32163 [D][CC] - Enter, PortMaker::releasePort, port 5240, bPair 1
D/CC      (31950): 2017-05-31 22:08:41.090 (551259866) 32163 [D][CC] - Exit, PortMaker::releasePort
D/CC      (31950): 2017-05-31 22:08:41.090 (551259866) 32163 [D][CC] - Enter, PortMaker::releasePort, port 5240, bPair 1
D/CC      (31950): 2017-05-31 22:08:41.090 (551259866) 32163 [D][CC] - Exit, PortMaker::releasePort
I/CC      (31950): 2017-05-31 22:08:41.090 (551259866) 32163 [I][CC] - Enter, Conference::cancelAllAddingCallee, cancel all adding callee in call 8
I/CC      (31950): 2017-05-31 22:08:41.090 (551259866) 32163 [I][CC] - Exit, Conference::cancelAllAddingCallee
D/CC      (31950): 2017-05-31 22:08:41.090 (551259866) 32163 [D][CC] - Enter, Ice::removeIce, 
D/CC      (31950): 2017-05-31 22:08:41.090 (551259866) 32163 [D][CC] - Ice::removeIce, find ice object, remove it
D/CC      (31950): 2017-05-31 22:08:41.090 (551259866) 32163 [D][CC] - Exit, Ice::removeIce
D/CC      (31950): 2017-05-31 22:08:41.090 (551259866) 32163 [D][CC] - Enter, Ice::cancelTimer, type:-1
D/CC      (31950): 2017-05-31 22:08:41.090 (551259866) 32163 [D][CC] - Exit, Ice::cancelTimer
I/UI      (31950): 2017-05-31 22:08:41.090 (551259866) 21716 [I][UI] - NemoSDK: handle handleCallUrlResponse session changed
D/CC      (31950): 2017-05-31 22:08:41.090 (551259866) 32163 [D][CC] - Enter, Ice::delAllIceSocket, 
D/CC      (31950): 2017-05-31 22:08:41.090 (551259867) 32163 [D][CC] - Exit, Ice::delAllIceSocket
I/UI      (31950): 2017-05-31 22:08:41.090 (551259866) 32189 [I][UI] - CallModuleProcessor: onCallStateChanged: callIndex: 8, state:CALL_STATE_OFFERING, reason:STATUS_OK, , meetingId:, remoteURI:20115996@HARD, vcnumber:
I/CC      (31950): 2017-05-31 22:08:41.090 (551259867) 32163 [I][CC] - Exit, CallManager::destroyCall
I/UI      (31950): 2017-05-31 22:08:41.091 (551259867) 32189 [I][UI] - CallModuleProcessor: current call state == CALL_STATE_OFFERING reason == STATUS_OK
I/UI      (31950): 2017-05-31 22:08:41.091 (551259867) 21716 [I][UI] - NemoSDK: sessions == {8=callIndex == 8 remote == 20115996@HARD callMode == CallMode_AudioVideo direction == 0 reason == null, 9=callIndex == 9 remote == 20115996@HARD callMode == CallMode_AudioVideo direction == 0 reason == null}
I/UI      (31950): 2017-05-31 22:08:41.091 (551259867) 32189 [I][UI] - CallModuleProcessor: not disconnected statecallIndex == 8 remote == 20115996@HARD callMode == CallMode_AudioVideo direction == 0 reason == STATUS_OK
I/UI      (31950): 2017-05-31 22:08:41.090 (551259866) 21707 [I][UI] - NemoSDK: handle handleCallUrlResponse session changed
I/UI      (31950): 2017-05-31 22:08:41.091 (551259867) 32189 [I][UI] - NemoSDK: call state changed and session is callIndex == 8 remote == 20115996@HARD callMode == CallMode_AudioVideo direction == 0 reason == STATUS_OK
I/UI      (31950): 2017-05-31 22:08:41.091 (551259867) 32189 [I][UI] - NemoSDK: callIndex == 8 remote == 20115996@HARD callMode == CallMode_AudioVideo direction == 0 reason == STATUS_OK
I/UI      (31950): 2017-05-31 22:08:41.091 (551259868) 21707 [I][UI] - NemoSDK: sessions == {8=callIndex == 8 remote == 20115996@HARD callMode == CallMode_AudioVideo direction == 0 reason == STATUS_OK, 9=callIndex == 9 remote == 20115996@HARD callMode == CallMode_AudioVideo direction == 0 reason == null}
I/UI      (31950): 2017-05-31 22:08:41.092 (551259868) 32189 [I][UI] - CallModuleProcessor: onCallStateChanged: callIndex: 8, state:CALL_STATE_DISCONNECTED, reason:CANCEL, , meetingId:, remoteURI:20115996@HARD, vcnumber:
I/UI      (31950): 2017-05-31 22:08:41.092 (551259868) 32165 [I][UI] - CallSdkJni: sdk2java function = onCallStateChanged, msg = { "meetingId": "", "reason": "STATUS_OK", "remoteURI": "20115996@HARD", "state": "CALL_STATE_OFFERING", "vcnumber": "", "callIndex": 9 }
I/UI      (31950): 2017-05-31 22:08:41.092 (551259868) 32189 [I][UI] - CallModuleProcessor: current call state == CALL_STATE_DISCONNECTED reason == CANCEL
E/NativeDaemonConnector.ResponseQueue( 1430): more buffered than allowed: 10 >= 10
E/NativeDaemonConnector.ResponseQueue( 1430): Removing request: null (65079)
D/NetworkManagementService( 1430): hardware tether stats:NetworkStats: elapsedRealtime=928776120
I/UI      (31950): 2017-05-31 22:08:41.094 (551259870) 32165 [I][UI] - CallSdkJni: sdk2java function = onCallMsgSendRequest, msg = { "message": "offer: append={\"caller_number\":\"10010229096\"};version=1.5\r\ntype: invite\r\nfrom: 20110267@SOFT;name=victor\r\nto: 20115996@HARD\r\nsequence: 1\r\ncall-id: bd60c32c-b29e-1001-9bad-ed55c9fdc1a1\r\n\r\nc=192.168.137.103\r\nb=1024\r\nv=1.0\r\nm=audio 5242 RTP\/SAVP 99 126\r\na=sendrecv\r\na=rtpmap:99 OPUS\/48000\r\na=fmtp:99 bitrate=48000\r\na=stream-ssrc:99 196027..196029\r\na=rtpmap:126 LARK\/48000\r\na=fmtp:126 bitrate=48000\r\na=stream-ssrc:126 196027..196029\r\nm=videopeople 5242 RTP\/SAVP 106\r\na=sendrecv\r\na=rtpmap:106 H264-SVC\/90000\r\na=stream-ssrc:106 291019\r\nm=application 5242 RTP\/SAVP 100\r\na=sendrecv\r\na=orientation:0\r\nm=audiocontent 5242 RTP\/SAVP 99\r\na=sendrecv\r\na=rtpmap:99 OPUS\/48000\r\na=fmtp:99 bitrate=48000\r\na=stream-ssrc:99 186232..186234\r\nm=videocontent 5242 RTP\/SAVP 106\r\na=sendrecv\r\na=rtpmap:106 H264-SVC\/90000\r\na=stream-ssrc:106 215067\r\nm=applicationcontent 5242 RTP\/SAVP 100\r\na=sendrecv\r\na=orientation:0\r\n" }
D/RTCSDK  (31950): 2017-05-31 22:08:41.095 (551259871) 32164 [D][RTCSDK] - SDKEvent: post event kEventInfoReport with taskId = 113
I/Rxbus   (31950): post: Msg{what: 2007, arg1: 1, arg2: -2147483648, obj: offer: append={"caller_number":"10010229096"};version=1.5
I/Rxbus   (31950): type: invite
I/Rxbus   (31950): from: 20110267@SOFT;name=victor
I/Rxbus   (31950): to: 20115996@HARD
I/Rxbus   (31950): sequence: 1
I/Rxbus   (31950): call-id: bd60c32c-b29e-1001-9bad-ed55c9fdc1a1
I/Rxbus   (31950): 
I/Rxbus   (31950): c=192.168.137.103
I/Rxbus   (31950): b=1024
I/Rxbus   (31950): v=1.0
I/Rxbus   (31950): m=audio 5242 RTP/SAVP 99 126
I/Rxbus   (31950): a=sendrecv
I/Rxbus   (31950): a=rtpmap:99 OPUS/48000
I/Rxbus   (31950): a=fmtp:99 bitrate=48000
I/Rxbus   (31950): a=stream-ssrc:99 196027..196029
I/Rxbus   (31950): a=rtpmap:126 LARK/48000
I/Rxbus   (31950): a=fmtp:126 bitrate=48000
I/Rxbus   (31950): a=stream-ssrc:126 196027..196029
I/Rxbus   (31950): m=videopeople 5242 RTP/SAVP 106
I/Rxbus   (31950): a=sendrecv
I/Rxbus   (31950): a=rtpmap:106 H264-SVC/90000
I/Rxbus   (31950): a=stream-ssrc:106 291019
I/Rxbus   (31950): m=application 5242 RTP/SAVP 100
I/Rxbus   (31950): a=sendrecv
I/Rxbus   (31950): a=orientation:0
I/Rxbus   (31950): m=audiocontent 5242 RTP/SAVP 99
I/Rxbus   (31950): a=sendrecv
I/Rxbus   (31950): a=rtpmap:99 OPUS/48000
I/Rxbus   (31950): a=fmtp:99 bitrate=48000
I/Rxbus   (31950): a=stream-ssrc:99 186232..186234
I/Rxbus   (31950): m=videocontent 5242 RTP/SAVP 106
I/Rxbus   (31950): a=sendrecv
I/Rxbus   (31950): a=rtpmap:106 H264-SVC/90000
I/Rxbus   (31950): a=stream-ssrc:106 215067
I/Rxbus   (31950): m=applicationcontent 5242 RTP/SAVP 100
I/Rxbus   (31950): a=sendrecv
I/Rxbus   (31950): a=orientation:0
I/Rxbus   (31950): , bundle: {null}}
I/UI      (31950): 2017-05-31 22:08:41.096 (551259872) 32165 [I][UI] - CallSdkJni: sdk2java function = onCDRReport, msg = { "reportEvent": { "collection": "CDR", "id": -1, "content": { "description": "CDR", "details": "{ \"call_disconnect_reason\": \"CANCEL\", \"call_id\": \"bd609908-b29e-1001-91f4-ed55c9fdc1a1\", \"call_mode\": \"audio_video\", \"call_type\": \"p2p\", \"callee_uri\": \"20115996@HARD\", \"caller_uri\": \"20110267@SOFT\", \"cdr_version\": \"1.3.1\", \"device_model\": \"vivovivo X6SPlus D\", \"device_type\": \"android-sdk\", \"local_type\": \"app_contact\", \"location\": \"\", \"meeting_id\": \"\", \"nat_addr\": \"\", \"nat_type\": \"\", \"nemo_sub_type\": \"0\", \"net_key\": \"\", \"net_type\": \"1\", \"os_version\": \"5.1.1\", \"sw_version\": \"1.0\", \"first_audio\": 0, \"first_video\": 0, \"nat_symm_step\": 0, \"net_strength\": -1, \"sequence_num\": 0, \"call_connect\": false, \"caller\": true, \"last_piece\": true, \"used_desktop_share_dualstream\": false, \"used_media_file_dualstream\": false, \"call_duration\": { \"end_time\": \"2017-05-31 22:08:41\", \"time\": \"2017-05-31 22:08:41\", \"duration\": 0 }, \"more_uris\": [ ], \"video_freeze\": [ ] }", "module": "SDK", "time": "2017-05-31 22:08:41.080", "timestamp": 1496239721080.000000 } } }
I/UI      (31950): 2017-05-31 22:08:41.097 (551259873) 32312 [I][UI] - AndroidSocketWriter: websocket 899 bytes sent.
D/IFeatureService(  448): GET_PHONE_STATE_POM
I/Rxbus   (31950): post: Msg{what: 3008, arg1: -2147483648, arg2: -2147483648, obj: com.ainemo.module.call.data.CdrEvent@600e1f3, bundle: {null}}
V/AudioService( 1430): getActiveStreamType: Forcing STREAM_MUSIC stream active
I/RTCSDK  (31950): 2017-05-31 22:08:41.103 (551259879) 32163 [I][RTCSDK] - LMA: handleTimer -1419440072
I/RTCSDK  (31950): 2017-05-31 22:08:41.103 (551259879) 32163 [I][RTCSDK] - LMA: piCount 0 -> 0
D/NetworkManagementService( 1430): getNetworkStatsSummaryXt:NetworkStats: elapsedRealtime=9