I/SIMAndNetworkHelper( 2115): SystemUI|isSIMInserted, slot = 1, mIsSIM1Insert = true, mIsSIM2Insert = true
I/SIMAndNetworkHelper( 2115): SystemUI|isSIMInserted, slot = 0, mIsSIM1Insert = true, mIsSIM2Insert = true
I/SIMAndNetworkHelper( 2115): SystemUI|isSIMInserted, slot = 1, mIsSIM1Insert = true, mIsSIM2Insert = true
I/SIMAndNetworkHelper( 2115): SystemUI|isSIMInserted, slot = 0, mIsSIM1Insert = true, mIsSIM2Insert = true
I/SIMAndNetworkHelper( 2115): SystemUI|isSIMInserted, slot = 1, mIsSIM1Insert = true, mIsSIM2Insert = true
I/VivoNetworkController( 2115): SystemUI|isRoaming(0) = false
I/SIMAndNetworkHelper( 2115): SystemUI|isSIMInserted, slot = 0, mIsSIM1Insert = true, mIsSIM2Insert = true
I/VivoNetworkController( 2115): SystemUI|mDataServiceState[0] = 0
I/VivoNetworkController( 2115): SystemUI|ss.getState() = 0
I/VivoNetworkController( 2115): SystemUI|mSignalStrength[0] = SignalStrength: 99 0 -120 -160 -120 -1 -1 20 -103 -10 70 2147483647 2147483647 gsm|lte, mServiceState = [Landroid.telephony.ServiceState;@1ffedb4f
I/VivoNetworkController( 2115): SystemUI|isRoaming(0) = false
W/Settings( 2115): Setting airplane_mode_on has moved from android.provider.Settings.System to android.provider.Settings.Global, returning read-only value.
I/SIMAndNetworkHelper( 2115): SystemUI|isSIMInserted, slot = 0, mIsSIM1Insert = true, mIsSIM2Insert = true
I/SIMAndNetworkHelper( 2115): SystemUI|isSIMInserted, slot = 1, mIsSIM1Insert = true, mIsSIM2Insert = true
I/SIMAndNetworkHelper( 2115): SystemUI|isSIMInserted, slot = 0, mIsSIM1Insert = true, mIsSIM2Insert = true
I/SIMAndNetworkHelper( 2115): SystemUI|isSIMInserted, slot = 1, mIsSIM1Insert = true, mIsSIM2Insert = true
E/mm-camera-CORE(  487): dsps_process_response_gyro:738  dsps_process_response_gyro: Query request denied, error code = 5, QId_valid = 1, QueryId = 0x10a, AckNak_valid = 1, AckNak = 3
I/VivoNetworkController( 2115): SystemUI|onSignalStrengthsChanged received on subscription : 1, signalStrength = SignalStrength: 17 0 -120 -160 -120 -1 -1 99 2147483647 2147483647 2147483647 2147483647 2147483647 gsm|lte, level = 5, gsm level = 5, cdma level = 0
I/VivoNetworkController( 2115): SystemUI|updateIconSet, subscription = 1, cs type = 16, ps type = 0
I/SIMAndNetworkHelper( 2115): SystemUI|isSIMInserted, slot = 0, mIsSIM1Insert = true, mIsSIM2Insert = true
I/SIMAndNetworkHelper( 2115): SystemUI|isSIMInserted, slot = 1, mIsSIM1Insert = true, mIsSIM2Insert = true
I/SIMAndNetworkHelper( 2115): SystemUI|isSIMInserted, slot = 0, mIsSIM1Insert = true, mIsSIM2Insert = true
I/SIMAndNetworkHelper( 2115): SystemUI|isSIMInserted, slot = 1, mIsSIM1Insert = true, mIsSIM2Insert = true
I/SIMAndNetworkHelper( 2115): SystemUI|isSIMInserted, slot = 0, mIsSIM1Insert = true, mIsSIM2Insert = true
I/SIMAndNetworkHelper( 2115): SystemUI|isSIMInserted, slot = 1, mIsSIM1Insert = true, mIsSIM2Insert = true
I/VivoNetworkController( 2115): SystemUI|isRoaming(1) = false
I/SIMAndNetworkHelper( 2115): SystemUI|isSIMInserted, slot = 1, mIsSIM1Insert = true, mIsSIM2Insert = true
I/VivoNetworkController( 2115): SystemUI|mDataServiceState[1] = 1
I/VivoNetworkController( 2115): SystemUI|ss.getState() = 0
I/VivoNetworkController( 2115): SystemUI|mSignalStrength[1] = SignalStrength: 17 0 -120 -160 -120 -1 -1 99 2147483647 2147483647 2147483647 2147483647 2147483647 gsm|lte, mServiceState = [Landroid.telephony.ServiceState;@1ffedb4f
I/VivoNetworkController( 2115): SystemUI|isRoaming(1) = false
W/Settings( 2115): Setting airplane_mode_on has moved from android.provider.Settings.System to android.provider.Settings.Global, returning read-only value.
I/SIMAndNetworkHelper( 2115): SystemUI|isSIMInserted, slot = 0, mIsSIM1Insert = true, mIsSIM2Insert = true
I/SIMAndNetworkHelper( 2115): SystemUI|isSIMInserted, slot = 1, mIsSIM1Insert = true, mIsSIM2Insert = true
I/SIMAndNetworkHelper( 2115): SystemUI|isSIMInserted, slot = 0, mIsSIM1Insert = true, mIsSIM2Insert = true
I/SIMAndNetworkHelper( 2115): SystemUI|isSIMInserted, slot = 1, mIsSIM1Insert = true, mIsSIM2Insert = true
I/SurfaceFlinger(  432): FPS: 1
E/mm-camera-CORE(  487): dsps_process_response_gyro:738  dsps_process_response_gyro: Query request denied, error code = 5, QId_valid = 1, QueryId = 0x20a, AckNak_valid = 1, AckNak = 3
D/CloudMusicNativePlayer(17203): source(51):Native Read Begin.
D/HttpDataSource(17203): >>>begin read:targetPosition:6291456,mDataCacheStartPosition:1539976,mDataCurrentPosition:6291456,mDataCacheSize:6500000,true,8039976:1745755594
D/HttpDataSource(17203): >>>>>read begin:4751480,6291456,8039976,6500000,4751480,6500000,0,false:1745755594
D/HttpDataSource(17203): >>>>read from cache enough:65536,65536:1745755594
D/CloudMusicNativePlayer(17203): source(51):Native Read:65536 End.
E/mm-camera-CORE(  487): dsps_process_response_gyro:738  dsps_process_response_gyro: Query request denied, error code = 5, QId_valid = 1, QueryId = 0x30a, AckNak_valid = 1, AckNak = 3
E/mm-camera-CORE(  487): dsps_process_response_gyro:738  dsps_process_response_gyro: Query request denied, error code = 5, QId_valid = 1, QueryId = 0x40a, AckNak_valid = 1, AckNak = 3
D/DataFormatter(25879): Normal bytes 24996
D/DataUsageService(25879): NetSpeed 24.4K/s 
E/mm-camera-CORE(  487): dsps_process_response_gyro:738  dsps_process_response_gyro: Query request denied, error code = 5, QId_valid = 1, QueryId = 0x50a, AckNak_valid = 1, AckNak = 3
E/mm-camera-CORE(  487): dsps_process_response_gyro:738  dsps_process_response_gyro: Query request denied, error code = 5, QId_valid = 1, QueryId = 0x60a, AckNak_valid = 1, AckNak = 3
E/mm-camera-CORE(  487): dsps_process_response_gyro:738  dsps_process_response_gyro: Query request denied, error code = 5, QId_valid = 1, QueryId = 0x70a, AckNak_valid = 1, AckNak = 3
E/mm-camera-CORE(  487): dsps_process_response_gyro:738  dsps_process_response_gyro: Query request denied, error code = 5, QId_valid = 1, QueryId = 0x80a, AckNak_valid = 1, AckNak = 3
E/mm-camera-CORE(  487): dsps_process_response_gyro:738  dsps_process_response_gyro: Query request denied, error code = 5, QId_valid = 1, QueryId = 0x90a, AckNak_valid = 1, AckNak = 3
E/mm-camera-CORE(  487): dsps_process_response_gyro:738  dsps_process_response_gyro: Query request denied, error code = 5, QId_valid = 1, QueryId = 0xa0a, AckNak_valid = 1, AckNak = 3
E/mm-camera-CORE(  487): dsps_process_response_gyro:738  dsps_process_response_gyro: Query request denied, error code = 5, QId_valid = 1, QueryId = 0xb0a, AckNak_valid = 1, AckNak = 3
E/mm-camera-CORE(  487): dsps_process_response_gyro:738  dsps_process_response_gyro: Query request denied, error code = 5, QId_valid = 1, QueryId = 0xc0a, AckNak_valid = 1, AckNak = 3
I/VivoNetworkController( 2115): SystemUI|mWifiEnabled && mWifiConnected = true
I/SurfaceFlinger(  432): FPS: 3
E/mm-camera-CORE(  487): dsps_process_response_gyro:738  dsps_process_response_gyro: Query request denied, error code = 5, QId_valid = 1, QueryId = 0xd0a, AckNak_valid = 1, AckNak = 3
V/AlarmAlign( 1430): checkSet SCREEN_ON, type = 2, when = 928919644
V/AlarmAlign( 1430): setLocked to kernel, type = 2, when = 928919644, curTime = 928766349
V/AlarmAlign( 1430): checkSet SCREEN_ON, type = 3, when = 928795048
V/AlarmAlign( 1430): setLocked to kernel, type = 3, when = 928795048, curTime = 928766349
V/AlarmAlign( 1430): triggerAlarm v at 928766349, size=1, hasWakeup=true, mWake_Set=true, mNextWakeup=928919644, mNextNonWakeup=928795048, mBatch.end=985838048, why=4
D/MSF.C.MonitorNetFlowStore(27739): MonitorWriteDataThread Enter
D/MSF.C.NetConnTag(27739): pa ok: 44842
D/MSF.C.NetConnTag(27739): netSend ssoSeq:44842 uin:*5913 cmd:346110978 44925
D/MSF.C.MonitorNetFlowStore(27739): write data lenth : 1338 | read data lenth : 18347, has been stored.
D/MSF.C.MonitorNetFlowStore(27739): MonitorWriteDataThread End takeTimes=12
E/mm-camera-CORE(  487): dsps_process_response_gyro:738  dsps_process_response_gyro: Query request denied, error code = 5, QId_valid = 1, QueryId = 0xe0a, AckNak_valid = 1, AckNak = 3
E/mm-camera-CORE(  487): dsps_process_response_gyro:738  dsps_process_response_gyro: Query request denied, error code = 5, QId_valid = 1, QueryId = 0xf0a, AckNak_valid = 1, AckNak = 3
D/MSF.C.NetConnTag(27739): netRecv ssoSeq:44842 uin:*5913 cmd:346110978 44953
V/AlarmAlign( 1430): remove pkg = com.tencent.mobileqq, action = com.tencent.mobileqq:MSF_170097059
I/ExtraAlarmManager( 1430): Uid : 10160, Package name is : com.tencent.mobileqq
D/ExtraAlarmManager( 1430): com.tencent.mobileqq: is in the white list
I/ExtraAlarmManager( 1430): type: 0 retType: 0
V/AlarmAlign( 1430): addAlarm pkg = com.tencent.mobileqq, action = com.tencent.mobileqq:MSF_170097059, whenElapsed = 929036511
E/mm-camera-CORE(  487): dsps_process_response_gyro:738  dsps_process_response_gyro: Query request denied, error code = 5, QId_valid = 1, QueryId = 0x100a, AckNak_valid = 1, AckNak = 3
E/mm-camera-CORE(  487): dsps_process_response_gyro:738  dsps_process_response_gyro: Query request denied, error code = 5, QId_valid = 1, QueryId = 0x110a, AckNak_valid = 1, AckNak = 3
E/mm-camera-CORE(  487): dsps_process_response_gyro:738  dsps_process_response_gyro: Query request denied, error code = 5, QId_valid = 1, QueryId = 0x120a, AckNak_valid = 1, AckNak = 3
E/mm-camera-CORE(  487): dsps_process_response_gyro:738  dsps_process_response_gyro: Query request denied, error code = 5, QId_valid = 1, QueryId = 0x130a, AckNak_valid = 1, AckNak = 3
E/mm-camera-CORE(  487): dsps_process_response_gyro:738  dsps_process_response_gyro: Query request denied, error code = 5, QId_valid = 1, QueryId = 0x140a, AckNak_valid = 1, AckNak = 3
D/MSF.C.NetConnTag(27739): netRecv ssoSeq:-1547949692 uin:*5913 cmd:-316037937 -1547949285
E/mm-camera-CORE(  487): dsps_process_response_gyro:738  dsps_process_response_gyro: Query request denied, error code = 5, QId_valid = 1, QueryId = 0x150a, AckNak_valid = 1, AckNak = 3
D/Q.msg.TroopMsgProxy(14566): insertToList MessageRecord=friendUin:6016senderuin:8814,istroop:1,msgType:-1000,time:1496239712,shmsgseq:9783
D/Q.unread.Proxy_UnreadMonitor(14566): insertOrUpdateUnread update=--ConversationInfo--,shortUin:*6016,type:1,lastread:9471,unreadCount:312,unreadGiftCount:0,unreadRedPacketCount:0,unreadMark:0
E/mm-camera-CORE(  487): dsps_process_response_gyro:738  dsps_process_response_gyro: Query request denied, error code = 5, QId_valid = 1, QueryId = 0x160a, AckNak_valid = 1, AckNak = 3
E/mm-camera-CORE(  487): dsps_process_response_gyro:738  dsps_process_response_gyro: Query request denied, error code = 5, QId_valid = 1, QueryId = 0x170a, AckNak_valid = 1, AckNak = 3
I/VivoNetworkController( 2115): SystemUI|mWifiEnabled && mWifiConnected = true
E/mm-camera-CORE(  487): dsps_process_response_gyro:738  dsps_process_response_gyro: Query request denied, error code = 5, QId_valid = 1, QueryId = 0x180a, AckNak_valid = 1, AckNak = 3
E/mm-camera-CORE(  487): dsps_process_response_gyro:738  dsps_process_response_gyro: Query request denied, error code = 5, QId_valid = 1, QueryId = 0x190a, AckNak_valid = 1, AckNak = 3
E/mm-camera-CORE(  487): dsps_process_response_gyro:738  dsps_process_response_gyro: Query request denied, error code = 5, QId_valid = 1, QueryId = 0x1a0a, AckNak_valid = 1, AckNak = 3
E/mm-camera-CORE(  487): dsps_process_response_gyro:738  dsps_process_response_gyro: Query request denied, error code = 5, QId_valid = 1, QueryId = 0x1b0a, AckNak_valid = 1, AckNak = 3
E/mm-camera-CORE(  487): dsps_process_response_gyro:738  dsps_process_response_gyro: Query request denied, error code = 5, QId_valid = 1, QueryId = 0x1c0a, AckNak_valid = 1, AckNak = 3
E/OMX-VENC(  448): Calling IOCTL set control for id=99200c, val=1
E/OMX-VENC(  448): Success IOCTL set control for id=99200c, value=0
E/mm-camera-CORE(  487): dsps_process_response_gyro:738  dsps_process_response_gyro: Query request denied, error code = 5, QId_valid = 1, QueryId = 0x1d0a, AckNak_valid = 1, AckNak = 3
E/mm-camera-CORE(  487): dsps_process_response_gyro:738  dsps_process_response_gyro: Query request denied, error code = 5, QId_valid = 1, QueryId = 0x1e0a, AckNak_valid = 1, AckNak = 3
E/mm-camera-CORE(  487): dsps_process_response_gyro:738  dsps_process_response_gyro: Query request denied, error code = 5, QId_valid = 1, QueryId = 0x1f0a, AckNak_valid = 1, AckNak = 3
E/mm-camera-CORE(  487): dsps_process_response_gyro:738  dsps_process_response_gyro: Query request denied, error code = 5, QId_valid = 1, QueryId = 0x200a, AckNak_valid = 1, AckNak = 3
E/mm-camera-CORE(  487): dsps_process_response_gyro:738  dsps_process_response_gyro: Query request denied, error code = 5, QId_valid = 1, QueryId = 0x210a, AckNak_valid = 1, AckNak = 3
E/mm-camera-CORE(  487): dsps_process_response_gyro:738  dsps_process_response_gyro: Query request denied, error code = 5, QId_valid = 1, QueryId = 0x220a, AckNak_valid = 1, AckNak = 3
I/VivoNetworkController( 2115): SystemUI|mWifiEnabled && mWifiConnected = true
E/mm-camera-CORE(  487): dsps_process_response_gyro:738  dsps_process_response_gyro: Query request denied, error code = 5, QId_valid = 1, QueryId = 0x230a, AckNak_valid = 1, AckNak = 3
I/SurfaceFlinger(  432): FPS: 2
E/mm-camera-CORE(  487): dsps_process_response_gyro:738  dsps_process_response_gyro: Query request denied, error code = 5, QId_valid = 1, QueryId = 0x240a, AckNak_valid = 1, AckNak = 3
E/NativeDaemonConnector.ResponseQueue( 1430): more buffered than allowed: 10 >= 10
E/NativeDaemonConnector.ResponseQueue( 1430): Removing request: null (65064)
D/NetworkManagementService( 1430): hardware tether stats:NetworkStats: elapsedRealtime=928768352
D/NetworkManagementService( 1430): getNetworkStatsSummaryXt:NetworkStats: elapsedRealtime=928768363
D/NetworkManagementService( 1430):   [0] iface=tun0 uid=-1 set=ALL tag=0x0 rxBytes=407774269 rxPackets=421682 txBytes=27368369 txPackets=336587 operations=0
D/NetworkManagementService( 1430):   [1] iface=rmnet_data0 uid=-1 set=ALL tag=0x0 rxBytes=240040382 rxPackets=298022 txBytes=48601225 txPackets=363922 operations=0
D/NetworkManagementService( 1430):   [2] iface=rmnet_data6 uid=-1 set=ALL tag=0x0 rxBytes=381912 rxPackets=1820 txBytes=127508 txPackets=1985 operations=0
D/NetworkManagementService( 1430):   [3] iface=wlan0 uid=-1 set=ALL tag=0x0 rxBytes=2079671261 rxPackets=2518553 txBytes=291344463 txPackets=1895506 operations=0
D/NetworkManagementService( 1430):   [4] iface=rmnet_data7 uid=-1 set=ALL tag=0x0 rxBytes=90650 rxPackets=1148 txBytes=60158 txPackets=596 operations=0
D/NetworkManagementService( 1430):   [5] iface=lo uid=-1 set=ALL tag=0x0 rxBytes=2736597229 rxPackets=2331591 txBytes=2736597229 txPackets=2331591 operations=0
E/NativeDaemonConnector.ResponseQueue( 1430): more buffered than allowed: 10 >= 10
E/NativeDaemonConnector.ResponseQueue( 1430): Removing request: null (65065)
D/NetworkManagementService( 1430): hardware tether stats:NetworkStats: elapsedRealtime=928768364
D/NetworkManagementService( 1430): getNetworkStatsSummaryDev:NetworkStats: elapsedRealtime=928768375
D/NetworkManagementService( 1430):   [0] iface=tun0 uid=-1 set=ALL tag=0x0 rxBytes=407774269 rxPackets=421682 txBytes=27311430 txPackets=336824 operations=0
D/NetworkManagementService( 1430):   [1] iface=rmnet_data0 uid=-1 set=ALL tag=0x0 rxBytes=244372582 rxPackets=393936 txBytes=51549840 txPackets=363749 operations=0
D/NetworkManagementService( 1430):   [2] iface=rmnet_data6 uid=-1 set=ALL tag=0x0 rxBytes=390144 rxPackets=1967 txBytes=143388 txPackets=1985 operations=0
D/NetworkManagementService( 1430):   [3] iface=wlan0 uid=-1 set=ALL tag=0x0 rxBytes=2135955710 rxPackets=3712934 txBytes=318194934 txPackets=1906242 operations=0
D/NetworkManagementService( 1430):   [4] iface=rmnet_data7 uid=-1 set=ALL tag=0x0 rxBytes=90650 rxPackets=1148 txBytes=65496 txPackets=596 operations=0
D/NetworkManagementService( 1430):   [5] iface=lo uid=-1 set=ALL tag=0x0 rxBytes=2736597713 rxPackets=2331593 txBytes=2736597713 txPackets=2331593 operations=0
D/DataUsageService(25879): mStatsUpdateReceiver intent:Intent { act=com.android.server.action.NETWORK_STATS_UPDATED flg=0x40000010 }
D/DataUsageService(25879): checkNeedForceUpdate mLastNetworkData: 4514940422 newNetworkData: 4514940422
D/DataUsagePrefs(25879): getDataUsageShowFlow value:false
D/DataUsagePrefs(25879): getDataUsageExceptionRemain value:true
D/DataUsagePrefs(25879): getDataUsageMonitor value:true
D/DataUsageService(25879): needExceptionRemind needRemained:false
D/DataUsageService(25879): updateNotificationsLocked()
D/DataUsagePrefs(25879): getDataUsageMonitor value:true
D/DataUsagePrefs(25879): getIsNeedBgAutoCorrectedBySimId simId: 3 : false
D/CloudMusicNativePlayer(17203): source(51):Native Read Begin.
D/HttpDataSource(17203): >>>begin read:targetPosition:6356992,mDataCacheStartPosition:1539976,mDataCurrentPosition:6356992,mDataCacheSize:6500000,true,8039976:1745755594
D/HttpDataSource(17203): >>>>>read begin:4817016,6356992,8039976,6500000,4817016,6500000,0,false:1745755594
D/HttpDataSource(17203): >>>>read from cache enough:65536,65536:1745755594
D/CloudMusicNativePlayer(17203): source(51):Native Read:65536 End.
E/mm-camera-CORE(  487): dsps_process_response_gyro:738  dsps_process_response_gyro: Query request denied, error code = 5, QId_valid = 1, QueryId = 0x250a, AckNak_valid = 1, AckNak = 3
I/VivoNetworkController( 2115): SystemUI|onSignalStrengthsChanged received on subscription : 0, signalStrength = SignalStrength: 99 0 -120 -160 -120 -1 -1 21 -102 -9 84 2147483647 2147483647 gsm|lte, level = 4, gsm level = 0, cdma level = 0
I/VivoNetworkController( 2115): SystemUI|updateIconSet, subscription = 0, cs type = 13, ps type = 13
I/SIMAndNetworkHelper( 2115): SystemUI|isSIMInserted, slot = 0, mIsSIM1Insert = true, mIsSIM2Insert = true
I/SIMAndNetworkHelper( 2115): SystemUI|isSIMInserted, slot = 1, mIsSIM1Insert = true, mIsSIM2Insert = true
I/SIMAndNetworkHelper( 2115): SystemUI|isSIMInserted, slot = 0, mIsSIM1Insert = true, mIsSIM2Insert = true
I/SIMAndNetworkHelper( 2115): SystemUI|isSIMInserted, slot = 1, mIsSIM1Insert = true, mIsSIM2Insert = true
I/SIMAndNetworkHelper( 2115): SystemUI|isSIMInserted, slot = 0, mIsSIM1Insert = true, mIsSIM2Insert = true
I/SIMAndNetworkHelper( 2115): SystemUI|isSIMInserted, slot = 1, mIsSIM1Insert = true, mIsSIM2Insert = true
I/VivoNetworkController( 2115): SystemUI|isRoaming(0) = false
I/SIMAndNetworkHelper( 2115): SystemUI|isSIMInserted, slot = 0, mIsSIM1Insert = true, mIsSIM2Insert = true
I/VivoNetworkController( 2115): SystemUI|mDataServiceState[0] = 0
I/VivoNetworkController( 2115): SystemUI|ss.getState() = 0
I/VivoNetworkController( 2115): SystemUI|mSignalStrength[0] = SignalStrength: 99 0 -120 -160 -120 -1 -1 21 -102 -9 84 2147483647 2147483647 gsm|lte, mServiceState = [Landroid.telephony.ServiceState;@1ffedb4f
I/VivoNetworkController( 2115): SystemUI|isRoaming(0) = false
W/Settings( 2115): Setting airplane_mode_on has moved from android.provider.Settings.System to android.provider.Settings.Global, returning read-only value.
I/SIMAndNetworkHelper( 2115): SystemUI|isSIMInserted, slot = 0, mIsSIM1Insert = true, mIsSIM2Insert = true
I/SIMAndNetworkHelper( 2115): SystemUI|isSIMInserted, slot = 1, mIsSIM1Insert = true, mIsSIM2Insert = true
I/SIMAndNetworkHelper( 2115): SystemUI|isSIMInserted, slot = 0, mIsSIM1Insert = true, mIsSIM2Insert = true
I/SIMAndNetworkHelper( 2115): SystemUI|isSIMInserted, slot = 1, mIsSIM1Insert = true, mIsSIM2Insert = true
I/VivoNetworkController( 2115): SystemUI|onSignalStrengthsChanged received on subscription : 1, signalStrength = SignalStrength: 16 0 -120 -160 -120 -1 -1 99 2147483647 2147483647 2147483647 2147483647 2147483647 gsm|lte, level = 5, gsm level = 5, cdma level = 0
I/VivoNetworkController( 2115): SystemUI|updateIconSet, subscription = 1, cs type = 16, ps type = 0
I/SIMAndNetworkHelper( 2115): SystemUI|isSIMInserted, slot = 0, mIsSIM1Insert = true, mIsSIM2Insert = true
I/SIMAndNetworkHelper( 2115): SystemUI|isSIMInserted, slot = 1, mIsSIM1Insert = true, mIsSIM2Insert = true
I/SIMAndNetworkHelper( 2115): SystemUI|isSIMInserted, slot = 0, mIsSIM1Insert = true, mIsSIM2Insert = true
I/SIMAndNetworkHelper( 2115): SystemUI|isSIMInserted, slot = 1, mIsSIM1Insert = true, mIsSIM2Insert = true
I/SIMAndNetworkHelper( 2115): SystemUI|isSIMInserted, slot = 0, mIsSIM1Insert = true, mIsSIM2Insert = true
I/SIMAndNetworkHelper( 2115): SystemUI|isSIMInserted, slot = 1, mIsSIM1Insert = true, mIsSIM2Insert = true
I/VivoNetworkController( 2115): SystemUI|isRoaming(1) = false
I/SIMAndNetworkHelper( 2115): SystemUI|isSIMInserted, slot = 1, mIsSIM1Insert = true, mIsSIM2Insert = true
I/VivoNetworkController( 2115): SystemUI|mDataServiceState[1] = 1
I/VivoNetworkController( 2115): SystemUI|ss.getState() = 0
I/VivoNetworkController( 2115): SystemUI|mSignalStrength[1] = SignalStrength: 16 0 -120 -160 -120 -1 -1 99 2147483647 2147483647 2147483647 2147483647 2147483647 gsm|lte, mServiceState = [Landroid.telephony.ServiceState;@1ffedb4f
I/VivoNetworkController( 2115): SystemUI|isRoaming(1) = false
W/Settings( 2115): Setting airplane_mode_on has moved from android.provider.Settings.System to android.provider.Settings.Global, returning read-only value.
I/SIMAndNetworkHelper( 2115): SystemUI|isSIMInserted, slot = 0, mIsSIM1Insert = true, mIsSIM2Insert = true
I/SIMAndNetworkHelper( 2115): SystemUI|isSIMInserted, slot = 1, mIsSIM1Insert = true, mIsSIM2Insert = true
I/SIMAndNetworkHelper( 2115): SystemUI|isSIMInserted, slot = 0, mIsSIM1Insert = true, mIsSIM2Insert = true
I/SIMAndNetworkHelper( 2115): SystemUI|isSIMInserted, slot = 1, mIsSIM1Insert = true, mIsSIM2Insert = true
E/mm-camera-CORE(  487): dsps_process_response_gyro:738  dsps_process_response_gyro: Query request denied, error code = 5, QId_valid = 1, QueryId = 0x260a, AckNak_valid = 1, AckNak = 3
D/DataFormatter(25879): Normal bytes 27673
D/DataUsageService(25879): NetSpeed 27K/s 
E/mm-camera-CORE(  487): dsps_process_response_gyro:738  dsps_process_response_gyro: Query request denied, error code = 5, QId_valid = 1, QueryId = 0x270a, AckNak_valid = 1, AckNak = 3
E/mm-camera-CORE(  487): dsps_process_response_gyro:738  dsps_process_response_gyro: Query request denied, error code = 5, QId_valid = 1, QueryId = 0x280a, AckNak_valid = 1, AckNak = 3
I/UI      (31950): 2017-05-31 22:08:33.724 (551252500) 32196 [I][UI] - CameraHandler: onPreviewFrame150: mSourceId=video_capture_pool, mWidth=1280, mHeight=720, mBufferLength=1382400
E/mm-camera-CORE(  487): dsps_process_response_gyro:738  dsps_process_response_gyro: Query request denied, error code = 5, QId_valid = 1, QueryId = 0x290a, AckNak_valid = 1, AckNak = 3
E/mm-camera-CORE(  487): dsps_process_response_gyro:738  dsps_process_response_gyro: Query request denied, error code = 5, QId_valid = 1, QueryId = 0x2a0a, AckNak_valid = 1, AckNak = 3
E/mm-camera-CORE(  487): dsps_process_response_gyro:738  dsps_process_response_gyro: Query request denied, error code = 5, QId_valid = 1, QueryId = 0x2b0a, AckNak_valid = 1, AckNak = 3
E/mm-camera-CORE(  487): dsps_process_response_gyro:738  dsps_process_response_gyro: Query request denied, error code = 5, QId_valid = 1, QueryId = 0x2c0a, AckNak_valid = 1, AckNak = 3
E/mm-camera-CORE(  487): dsps_process_response_gyro:738  dsps_process_response_gyro: Query request denied, error code = 5, QId_valid = 1, QueryId = 0x2d0a, AckNak_valid = 1, AckNak = 3
E/mm-camera-CORE(  487): dsps_process_response_gyro:738  dsps_process_response_gyro: Query request denied, error code = 5, QId_valid = 1, QueryId = 0x2e0a, AckNak_valid = 1, AckNak = 3
E/mm-camera-CORE(  487): dsps_process_response_gyro:738  dsps_process_response_gyro: Query request denied, error code = 5, QId_valid = 1, QueryId = 0x2f0a, AckNak_valid = 1, AckNak = 3
E/mm-camera-CORE(  487): dsps_process_response_gyro:738  dsps_process_response_gyro: Query request denied, error code = 5, QId_valid = 1, QueryId = 0x300a, AckNak_valid = 1, AckNak = 3
E/mm-camera-CORE(  487): dsps_process_response_gyro:738  dsps_process_response_gyro: Query request denied, error code = 5, QId_valid = 1, QueryId = 0x310a, AckNak_valid = 1, AckNak = 3
E/mm-camera-CORE(  487): dsps_process_response_gyro:738  dsps_process_response_gyro: Query request denied, error code = 5, QId_valid = 1, QueryId = 0x320a, AckNak_valid = 1, AckNak = 3
E/mm-camera-CORE(  487): dsps_process_response_gyro:738  dsps_process_response_gyro: Query request denied, error code = 5, QId_valid = 1, QueryId = 0x330a, AckNak_valid = 1, AckNak = 3
E/mm-camera-CORE(  487): dsps_process_response_gyro:738  dsps_process_response_gyro: Query request denied, error code = 5, QId_valid = 1, QueryId = 0x340a, AckNak_valid = 1, AckNak = 3
E/mm-camera-CORE(  487): dsps_process_response_gyro:738  dsps_process_response_gyro: Query request denied, error code = 5, QId_valid = 1, QueryId = 0x350a, AckNak_valid = 1, AckNak = 3
E/mm-camera-CORE(  487): dsps_process_response_gyro:738  dsps_process_response_gyro: Query request denied, error code = 5, QId_valid = 1, QueryId = 0x360a, AckNak_valid = 1, AckNak = 3
E/mm-camera-CORE(  487): dsps_process_response_gyro:738  dsps_process_response_gyro: Query request denied, error code = 5, QId_valid = 1, QueryId = 0x370a, AckNak_valid = 1, AckNak = 3
I/MP      (31950): 2017-05-31 22:08:35.079 (551253856) 32196 [I][MP] - VideoDataSource: captured 11550th frames, requested = 0, req_res (0x0), cur_res(1280x720), ts=551253852
E/mm-camera-CORE(  487): dsps_process_response_gyro:738  dsps_process_response_gyro: Query request denied, error code = 5, QId_valid = 1, QueryId = 0x380a, AckNak_valid = 1, AckNak = 3
E/mm-camera-CORE(  487): dsps_process_response_gyro:738  dsps_process_response_gyro: Query request denied, error code = 5, QId_valid = 1, QueryId = 0x390a, AckNak_valid = 1, AckNak = 3
E/mm-camera-CORE(  487): dsps_process_response_gyro:738  dsps_process_response_gyro: Query request denied, error code = 5, QId_valid = 1, QueryId = 0x3a0a, AckNak_valid = 1, AckNak = 3
E/mm-camera-CORE(  487): dsps_process_response_gyro:738  dsps_process_response_gyro: Query request denied, error code = 5, QId_valid = 1, QueryId = 0x3b0a, AckNak_valid = 1, AckNak = 3
E/mm-camera-CORE(  487): dsps_process_response_gyro:738  dsps_process_response_gyro: Query request denied, error code = 5, QId_valid = 1, QueryId = 0x3c0a, AckNak_valid = 1, AckNak = 3
E/mm-camera-CORE(  487): dsps_process_response_gyro:738  dsps_process_response_gyro: Query request denied, error code = 5, QId_valid = 1, QueryId = 0x3d0a, AckNak_valid = 1, AckNak = 3
E/mm-camera-CORE(  487): dsps_process_response_gyro:738  dsps_process_response_gyro: Query request denied, error code = 5, QId_valid = 1, QueryId = 0x3e0a, AckNak_valid = 1, AckNak = 3
E/mm-camera-CORE(  487): dsps_process_response_gyro:738  dsps_process_response_gyro: Query request denied, error code = 5, QId_valid = 1, QueryId = 0x3f0a, AckNak_valid = 1, AckNak = 3
E/mm-camera-CORE(  487): dsps_process_response_gyro:738  dsps_process_response_gyro: Query request denied, error code = 5, QId_valid = 1, QueryId = 0x400a, AckNak_valid = 1, AckNak = 3
E/mm-camera-CORE(  487): dsps_process_response_gyro:738  dsps_process_response_gyro: Query request denied, error code = 5, QId_valid = 1, QueryId = 0x410a, AckNak_valid = 1, AckNak = 3
E/mm-camera-CORE(  487): dsps_process_response_gyro:738  dsps_process_response_gyro: Query request denied, error code = 5, QId_valid = 1, QueryId = 0x420a, AckNak_valid = 1, AckNak = 3
E/mm-camera-CORE(  487): dsps_process_response_gyro:738  dsps_process_response_gyro: Query request denied, error code = 5, QId_valid = 1, QueryId = 0x430a, AckNak_valid = 1, AckNak = 3
E/mm-camera-CORE(  487): dsps_process_response_gyro:738  dsps_process_response_gyro: Query request denied, error code = 5, QId_valid = 1, QueryId = 0x440a, AckNak_valid = 1, AckNak = 3
E/mm-camera-CORE(  487): dsps_process_response_gyro:738  dsps_process_response_gyro: Query request denied, error code = 5, QId_valid = 1, QueryId = 0x450a, AckNak_valid = 1, AckNak = 3
E/mm-camera-CORE(  487): dsps_process_response_gyro:738  dsps_process_response_gyro: Query request denied, error code = 5, QId_valid = 1, QueryId = 0x460a, AckNak_valid = 1, AckNak = 3
E/mm-camera-CORE(  487): dsps_process_response_gyro:738  dsps_process_response_gyro: Query request denied, error code = 5, QId_valid = 1, QueryId = 0x470a, AckNak_valid = 1, AckNak = 3
D/DataFormatter(25879): Normal bytes 4760
D/DataUsageService(25879): NetSpeed 4.6K/s 
I/SurfaceFlinger(  432): FPS: 4
E/mm-camera-CORE(  487): dsps_process_response_gyro:738  dsps_process_response_gyro: Query request denied, error code = 5, QId_valid = 1, QueryId = 0x480a, AckNak_valid = 1, AckNak = 3
D/CloudMusicNativePlayer(17203): source(51):Native Read Begin.
D/HttpDataSource(17203): >>>begin read:targetPosition:6422528,mDataCacheStartPosition:1539976,mDataCurrentPosition:6422528,mDataCacheSize:6500000,true,8039976:1745755594
D/HttpDataSource(17203): >>>>>read begin:4882552,6422528,8039976,6500000,4882552,6500000,0,false:1745755594
D/HttpDataSource(17203): >>>>read from cache enough:65536,65536:1745755594
D/CloudMusicNativePlayer(17203): source(51):Native Read:65536 End.
E/mm-camera-CORE(  487): dsps_process_response_gyro:738  dsps_process_response_gyro: Query request denied, error code = 5, QId_valid = 1, QueryId = 0x490a, AckNak_valid = 1, AckNak = 3
E/mm-camera-CORE(  487): dsps_process_response_gyro:738  dsps_process_response_gyro: Query request denied, error code = 5, QId_valid = 1, QueryId = 0x4a0a, AckNak_valid = 1, AckNak = 3
I/VivoNetworkController( 2115): SystemUI|onSignalStrengthsChanged received on subscription : 0, signalStrength = SignalStrength: 99 0 -120 -160 -120 -1 -1 21 -102 -11 118 2147483647 2147483647 gsm|lte, level = 4, gsm level = 0, cdma level = 0
I/VivoNetworkController( 2115): SystemUI|updateIconSet, subscription = 0, cs type = 13, ps type = 13
I/SIMAndNetworkHelper( 2115): SystemUI|isSIMInserted, slot = 0, mIsSIM1Insert = true, mIsSIM2Insert = true
I/SIMAndNetworkHelper( 2115): SystemUI|isSIMInserted, slot = 1, mIsSIM1Insert = true, mIsSIM2Insert = true
I/SIMAndNetworkHelper( 2115): SystemUI|isSIMInserted, slot = 0, mIsSIM1Insert = true, mIsSIM2Insert = true
I/SIMAndNetworkHelper( 2115): SystemUI|isSIMInserted, slot = 1, mIsSIM1Insert = true, mIsSIM2Insert = true
I/SIMAndNetworkHelper( 2115): SystemUI|isSIMInserted, slot = 0, mIsSIM1Insert = true, mIsSIM2Insert = true
I/SIMAndNetworkHelper( 2115): SystemUI|isSIMInserted, slot = 1, mIsSIM1Insert = true, mIsSIM2Insert = true
I/VivoNetworkController( 2115): SystemUI|isRoaming(0) = false
I/SIMAndNetworkHelper( 2115): SystemUI|isSIMInserted, slot = 0, mIsSIM1Insert = true, mIsSIM2Insert = true
I/VivoNetworkController( 2115): SystemUI|mDataServiceState[0] = 0
I/VivoNetworkController( 2115): SystemUI|ss.getState() = 0
I/VivoNetworkController( 2115): SystemUI|mSignalStrength[0] = SignalStrength: 99 0 -120 -160 -120 -1 -1 21 -102 -11 118 2147483647 2147483647 gsm|lte, mServiceState = [Landroid.telephony.ServiceState;@1ffedb4f
I/VivoNetworkController( 2115): SystemUI|isRoaming(0) = false
W/Settings( 2115): Setting airplane_mode_on has moved from android.provider.Settings.System to android.provider.Settings.Global, returning read-only value.
I/SIMAndNetworkHelper( 2115): SystemUI|isSIMInserted, slot = 0, mIsSIM1Insert = true, mIsSIM2Insert = true
I/SIMAndNetworkHelper( 2115): SystemUI|isSIMInserted, slot = 1, mIsSIM1Insert = true, mIsSIM2Insert = true
I/SIMAndNetworkHelper( 2115): SystemUI|isSIMInserted, slot = 0, mIsSIM1Insert = true, mIsSIM2Insert = true
I/SIMAndNetworkHelper( 2115): SystemUI|isSIMInserted, slot = 1, mIsSIM1Insert = true, mIsSIM2Insert = true
I/VivoNetworkController( 2115): SystemUI|onSignalStrengthsChanged received on subscription : 1, signalStrength = SignalStrength: 16 0 -120 -160 -120 -1 -1 99 2147483647 2147483647 2147483647 2147483647 2147483647 gsm|lte, level = 5, gsm level = 5, cdma level = 0
I/VivoNetworkController( 2115): SystemUI|updateIconSet, subscription = 1, cs type = 16, ps type = 0
I/SIMAndNetworkHelper( 2115): SystemUI|isSIMInserted, slot = 0, mIsSIM1Insert = true, mIsSIM2Insert = true
I/SIMAndNetworkHelper( 2115): SystemUI|isSIMInserted, slot = 1, mIsSIM1Insert = true, mIsSIM2Insert = true
I/SIMAndNetworkHelper( 2115): SystemUI|isSIMInserted, slot = 0, mIsSIM1Insert = true, mIsSIM2Insert = true
I/SIMAndNetworkHelper( 2115): SystemUI|isSIMInserted, slot = 1, mIsSIM1Insert = true, mIsSIM2Insert = true
I/SIMAndNetworkHelper( 2115): SystemUI|isSIMInserted, slot = 0, mIsSIM1Insert = true, mIsSIM2Insert = true
I/SIMAndNetworkHelper( 2115): SystemUI|isSIMInserted, slot = 1, mIsSIM1Insert = true, mIsSIM2Insert = true
I/VivoNetworkController( 2115): SystemUI|isRoaming(1) = false
I/SIMAndNetworkHelper( 2115): SystemUI|isSIMInserted, slot = 1, mIsSIM1Insert = true, mIsSIM2Insert = true
I/VivoNetworkController( 2115): SystemUI|mDataServiceState[1] = 1
I/VivoNetworkController( 2115): SystemUI|ss.getState() = 0
I/VivoNetworkController( 2115): SystemUI|mSignalStrength[1] = SignalStrength: 16 0 -120 -160 -120 -1 -1 99 2147483647 2147483647 2147483647 2147483647 2147483647 gsm|lte, mServiceState = [Landroid.telephony.ServiceState;@1ffedb4f
I/VivoNetworkController( 2115): SystemUI|isRoaming(1) = false
W/Settings( 2115): Setting airplane_mode_on has moved from android.provider.Settings.System to android.provider.Settings.Global, returning read-only value.
I/SIMAndNetworkHelper( 2115): SystemUI|isSIMInserted, slot = 0, mIsSIM1Insert = true, mIsSIM2Insert = true
I/SIMAndNetworkHelper( 2115): SystemUI|isSIMInserted, slot = 1, mIsSIM1Insert = true, mIsSIM2Insert = true
I/SIMAndNetworkHelper( 2115): SystemUI|isSIMInserted, slot = 0, mIsSIM1Insert = true, mIsSIM2Insert = true
I/SIMAndNetworkHelper( 2115): SystemUI|isSIMInserted, slot = 1, mIsSIM1Insert = true, mIsSIM2Insert = true
E/mm-camera-CORE(  487): dsps_process_response_gyro:738  dsps_process_response_gyro: Query request denied, error code = 5, QId_valid = 1, QueryId = 0x4b0a, AckNak_valid = 1, AckNak = 3
E/mm-camera-CORE(  487): dsps_process_response_gyro:738  dsps_process_response_gyro: Query request denied, error code = 5, QId_valid = 1, QueryId = 0x4c0a, AckNak_valid = 1, AckNak = 3
E/mm-camera-CORE(  487): dsps_process_response_gyro:738  dsps_process_response_gyro: Query request denied, error code = 5, QId_valid = 1, QueryId = 0x4d0a, AckNak_valid = 1, AckNak = 3
E/mm-camera-CORE(  487): dsps_process_response_gyro:738  dsps_process_response_gyro: Query request denied, error code = 5, QId_valid = 1, QueryId = 0x4e0a, AckNak_valid = 1, AckNak = 3
E/mm-camera-CORE(  487): dsps_process_response_gyro:738  dsps_process_response_gyro: Query request denied, error code = 5, QId_valid = 1, QueryId = 0x4f0a, AckNak_valid = 1, AckNak = 3
E/mm-camera-CORE(  487): dsps_process_response_gyro:738  dsps_process_response_gyro: Query request denied, error code = 5, QId_valid = 1, QueryId = 0x500a, AckNak_valid = 1, AckNak = 3
E/mm-camera-CORE(  487): dsps_process_response_gyro:738  dsps_process_response_gyro: Query request denied, error code = 5, QId_valid = 1, QueryId = 0x510a, AckNak_valid = 1, AckNak = 3
E/mm-camera-CORE(  487): dsps_process_response_gyro:738  dsps_process_response_gyro: Query request denied, error code = 5, QId_valid = 1, QueryId = 0x520a, AckNak_valid = 1, AckNak = 3
E/mm-camera-CORE(  487): dsps_process_response_gyro:738  dsps_process_response_gyro: Query request denied, error code = 5, QId_valid = 1, QueryId = 0x530a, AckNak_valid = 1, AckNak = 3
E/OMX-VENC(  448): Calling IOCTL set control for id=99200c, val=1
E/OMX-VENC(  448): Success IOCTL set control for id=99200c, value=0
E/mm-camera-CORE(  487): dsps_process_response_gyro:738  dsps_process_response_gyro: Query request denied, error code = 5, QId_valid = 1, QueryId = 0x540a, AckNak_valid = 1, AckNak = 3
E/mm-camera-CORE(  487): dsps_process_response_gyro:738  dsps_process_response_gyro: Query request denied, error code = 5, QId_valid = 1, QueryId = 0x550a, AckNak_valid = 1, AckNak = 3
E/mm-camera-CORE(  487): dsps_process_response_gyro:738  dsps_process_response_gyro: Query request denied, error code = 5, QId_valid = 1, QueryId = 0x560a, AckNak_valid = 1, AckNak = 3
I/Atfwd_Sendcmd(19636): AtCmdFwd service not ready - Exhausted retry attempts - :6
I/Atfwd_Daemon(19636): result : -1 	 ,Init step :2 	 ,qmiErrorCode: 0
E/mm-camera-CORE(  487): dsps_process_response_gyro:738  dsps_process_response_gyro: Query request denied, error code = 5, QId_valid = 1, QueryId = 0x570a, AckNak_valid = 1, AckNak = 3
E/mm-camera-CORE(  487): dsps_process_response_gyro:738  dsps_process_response_gyro: Query request denied, error code = 5, QId_valid = 1, QueryId = 0x580a, AckNak_valid = 1, AckNak = 3
E/mm-camera-CORE(  487): dsps_process_response_gyro:738  dsps_process_response_gyro: Query request denied, error code = 5, QId_valid = 1, QueryId = 0x590a, AckNak_valid = 1, AckNak = 3
E/mm-camera-CORE(  487): dsps_process_response_gyro:738  dsps_process_response_gyro: Query request denied, error code = 5, QId_valid = 1, QueryId = 0x5a0a, AckNak_valid = 1, AckNak = 3
E/mm-camera-CORE(  487): dsps_process_response_gyro:738  dsps_process_response_gyro: Query request denied, error code = 5, QId_valid = 1, QueryId = 0x5b0a, AckNak_valid = 1, AckNak = 3
E/mm-camera-CORE(  487): dsps_process_response_gyro:738  dsps_process_response_gyro: Query request denied, error code = 5, QId_valid = 1, QueryId = 0x5c0a, AckNak_valid = 1, AckNak = 3
E/mm-camera-CORE(  487): dsps_process_response_gyro:738  dsps_process_response_gyro: Query request denied, error code = 5, QId_valid = 1, QueryId = 0x5d0a, AckNak_valid = 1, AckNak = 3
E/mm-camera-CORE(  487): dsps_process_response_gyro:738  dsps_process_response_gyro: Query request denied, error code = 5, QId_valid = 1, QueryId = 0x5e0a, AckNak_valid = 1, AckNak = 3
E/mm-camera-CORE(  487): dsps_process_response_gyro:738  dsps_process_response_gyro: Query request denied, error code = 5, QId_valid = 1, QueryId = 0x5f0a, AckNak_valid = 1, AckNak = 3
E/mm-camera-CORE(  487): dsps_process_response_gyro:738  dsps_process_response_gyro: Query request denied, error code = 5, QId_valid = 1, QueryId = 0x600a, AckNak_valid = 1, AckNak = 3
E/mm-camera-CORE(  487): dsps_process_response_gyro:738  dsps_process_response_gyro: Query request denied, error code = 5, QId_valid = 1, QueryId = 0x610a, AckNak_valid = 1, AckNak = 3
E/mm-camera-CORE(  487): dsps_process_response_gyro:738  dsps_process_response_gyro: Query request denied, error code = 5, QId_valid = 1, QueryId = 0x620a, AckNak_valid = 1, AckNak = 3
E/mm-camera-CORE(  487): dsps_process_response_gyro:738  dsps_process_response_gyro: Query request denied, error code = 5, QId_valid = 1, QueryId = 0x630a, AckNak_valid = 1, AckNak = 3
E/mm-camera-CORE(  487): dsps_process_response_gyro:738  dsps_process_response_gyro: Query request denied, error code = 5, QId_valid = 1, QueryId = 0x640a, AckNak_valid = 1, AckNak = 3
E/mm-camera-CORE(  487): dsps_process_response_gyro:738  dsps_process_response_gyro: Query request denied, error code = 5, QId_valid = 1, QueryId = 0x650a, AckNak_valid = 1, AckNak = 3
E/mm-camera-CORE(  487): dsps_process_response_gyro:738  dsps_process_response_gyro: Query request denied, error code = 5, QId_valid = 1, QueryId = 0x660a, AckNak_valid = 1, AckNak = 3
E/mm-camera-CORE(  487): dsps_process_response_gyro:738  dsps_process_response_gyro: Query request denied, error code = 5, QId_valid = 1, QueryId = 0x670a, AckNak_valid = 1, AckNak = 3
E/mm-camera-CORE(  487): dsps_process_response_gyro:738  dsps_process_response_gyro: Query request denied, error code = 5, QId_valid = 1, QueryId = 0x680a, AckNak_valid = 1, AckNak = 3
D/DataFormatter(25879): Normal bytes 6622
D/DataUsageService(25879): NetSpeed 6.5K/s 
E/mm-camera-CORE(  487): dsps_process_response_gyro:738  dsps_process_response_gyro: Query request denied, error code = 5, QId_valid = 1, QueryId = 0x690a, AckNak_valid = 1, AckNak = 3
I/SurfaceFlinger(  432): FPS: 3
E/mm-camera-CORE(  487): dsps_process_response_gyro:738  dsps_process_response_gyro: Query request denied, error code = 5, QId_valid = 1, QueryId = 0x6a0a, AckNak_valid = 1, AckNak = 3
D/CloudMusicNativePlayer(17203): source(51):Native Read Begin.
D/HttpDataSource(17203): >>>begin read:targetPosition:6488064,mDataCacheStartPosition:1539976,mDataCurrentPosition:6488064,mDataCacheSize:6500000,true,8039976:1745755594
D/HttpDataSource(17203): >>>>>read begin:4948088,6488064,8039976,6500000,4948088,6500000,0,false:1745755594
D/HttpDataSource(17203): >>>>read from cache enough:65536,65536:1745755594
D/CloudMusicNativePlayer(17203): source(51):Native Read:65536 End.
D/CloudMusicNativePlayer(17203): source(51):Native Read Begin.
D/HttpDataSource(17203): >>>begin read:targetPosition:6553600,mDataCacheStartPosition:1539976,mDataCurrentPosition:6553600,mDataCacheSize:6500000,true,8039976:1745755594
D/HttpDataSource(17203): >>>>>read begin:5013624,6553600,8039976,6500000,5013624,6500000,0,false:1745755594
D/HttpDataSource(17203): >>>>read from cache enough:65536,65536:1745755594
D/CloudMusicNativePlayer(17203): source(51):Native Read:65536 End.
E/mm-camera-CORE(  487): dsps_process_response_gyro:738  dsps_process_response_gyro: Query request denied, error code = 5, QId_valid = 1, QueryId = 0x6b0a, AckNak_valid = 1, AckNak = 3
E/mm-camera-CORE(  487): dsps_process_response_gyro:738  dsps_process_response_gyro: Query request denied, error code = 5, QId_valid = 1, QueryId = 0x6c0a, AckNak_valid = 1, AckNak = 3
E/mm-camera-CORE(  487): dsps_process_response_gyro:738  dsps_process_response_gyro: Query request denied, error code = 5, QId_valid = 1, QueryId = 0x6d0a, AckNak_valid = 1, AckNak = 3
E/mm-camera-CORE(  487): dsps_process_response_gyro:738  dsps_process_response_gyro: Query request denied, error code = 5, QId_valid = 1, QueryId = 0x6e0a, AckNak_valid = 1, AckNak = 3
I/MP      (31950): 2017-05-31 22:08:40.034 (551258810) 32196 [I][MP] - VideoDataSource: captured 11625th frames, requested = 0, req_res (0x0), cur_res(1280x720), ts=551258805
E/mm-camera-CORE(  487): dsps_process_response_gyro:738  dsps_process_response_gyro: Query request denied, error code = 5, QId_valid = 1, QueryId = 0x6f0a, AckNak_valid = 1, AckNak = 3
I/VivoNetworkController( 2115): SystemUI|onSignalStrengthsChanged received on subscription : 0, signalStrength = SignalStrength: 99 0 -120 -160 -120 -1 -1 20 -101 -9 106 2147483647 2147483647 gsm|lte, level = 4, gsm level = 0, cdma level = 0
I/VivoNetworkController( 2115): SystemUI|updateIconSet, subscription = 0, cs type = 13, ps type = 13
I/SIMAndNetworkHelper( 2115): SystemUI|isSIMInserted, slot = 0, mIsSIM1Insert = true, mIsSIM2Insert = true
I/SIMAndNetworkHelper( 2115): SystemUI|isSIMInserted, slot = 1, mIsSIM1Insert = true, mIsSIM2Insert = true
I/SIMAndNetworkHelper( 2115): SystemUI|isSIMInserted, slot = 0, mIsSIM1Insert = true, mIsSIM2Insert = true
I/SIMAndNetworkHelper( 2115): SystemUI|isSIMInserted, slot = 1, mIsSIM1Insert = true, mIsSIM2Insert = true
I/SIMAndNetworkHelper( 2115): SystemUI|isSIMInserted, slot = 0, mIsSIM1Insert = true, mIsSIM2Insert = true
I/SIMAndNetworkHelper( 2115): SystemUI|isSIMInserted, slot = 1, mIsSIM1Insert = true, mIsSIM2Insert = true
I/VivoNetworkController( 2115): SystemUI|isRoaming(0) = false
I/SIMAndNetworkHelper( 2115): SystemUI|isSIMInserted, slot = 0, mIsSIM1Insert = true, mIsSIM2Insert = true
I/VivoNetworkController( 2115): SystemUI|mDataServiceState[0] = 0
I/VivoNetworkController( 2115): SystemUI|ss.getState() = 0
I/VivoNetworkController( 2115): SystemUI|mSignalStrength[0] = SignalStrength: 99 0 -120 -160 -120 -1 -1 20 -101 -9 106 2147483647 2147483647 gsm|lte, mServiceState = [Landroid.telephony.ServiceState;@1ffedb4f
I/VivoNetworkController( 2115): SystemUI|isRoaming(0) = false
W/Settings( 2115): Setting airplane_mode_on has moved from android.provider.Settings.System to android.provider.Settings.Global, returning read-only value.
I/SIMAndNetworkHelper( 2115): SystemUI|isSIMInserted, slot = 0, mIsSIM1Insert = true, mIsSIM2Insert = true
I/SIMAndNetworkHelper( 2115): SystemUI|isSIMInserted, slot = 1, mIsSIM1Insert = true, mIsSIM2Insert = true
I/SIMAndNetworkHelper( 2115): SystemUI|isSIMInserted, slot = 0, mIsSIM1Insert = true, mIsSIM2Insert = true
I/SIMAndNetworkHelper( 2115): SystemUI|isSIMInserted, slot = 1, mIsSIM1Insert = true, mIsSIM2Insert = true
I/VivoNetworkController( 2115): SystemUI|onSignalStrengthsChanged received on subscription : 1, signalStrength = SignalStrength: 16 0 -120 -160 -120 -1 -1 99 2147483647 2147483647 2147483647 2147483647 2147483647 gsm|lte, level = 5, gsm level = 5, cdma level = 0
I/VivoNetworkController( 2115): SystemUI|updateIconSet, subscription = 1, cs type = 16, ps type = 0
I/SIMAndNetworkHelper( 2115): SystemUI|isSIMInserted, slot = 0, mIsSIM1Insert = true, mIsSIM2Insert = true
I/SIMAndNetworkHelper( 2115): SystemUI|isSIMInserted, slot = 1, mIsSIM1Insert = true, mIsSIM2Insert = true
I/SIMAndNetworkHelper( 2115): SystemUI|isSIMInserted, slot = 0, mIsSIM1Insert = true, mIsSIM2Insert = true
I/SIMAndNetworkHelper( 2115): SystemUI|isSIMInserted, slot = 1, mIsSIM1Insert = true, mIsSIM2Insert = true
I/SIMAndNetworkHelper( 2115): SystemUI|isSIMInserted, slot = 0, mIsSIM1Insert = true, mIsSIM2Insert = true
I/SIMAndNetworkHelper( 2115): SystemUI|isSIMInserted, slot = 1, mIsSIM1Insert = true, mIsSIM2Insert = true
I/VivoNetworkController( 2115): SystemUI|isRoaming(1) = false
I/SIMAndNetworkHelper( 2115): SystemUI|isSIMInserted, slot = 1, mIsSIM1Insert = true, mIsSIM2Insert = true
I/VivoNetworkController( 2115): SystemUI|mDataServiceState[1] = 1
I/VivoNetworkController( 2115): SystemUI|ss.getState() = 0
I/VivoNetworkController( 2115): SystemUI|mSignalStrength[1] = SignalStrength: 16 0 -120 -160 -120 -1 -1 99 2147483647 2147483647 2147483647 2147483647 2147483647 gsm|lte, mServiceState = [Landroid.telephony.ServiceState;@1ffedb4f
I/VivoNetworkController( 2115): SystemUI|isRoaming(1) = false
W/Settings( 2115): Setting airplane_mode_on has moved from android.provider.Settings.System to android.provider.Settings.Global, returning read-only value.
I/SIMAndNetworkHelper( 2115): SystemUI|isSIMInserted, slot = 0, mIsSIM1Insert = true, mIsSIM2Insert = true
I/SIMAndNetworkHelper( 2115): SystemUI|isSIMInserted, slot = 1, mIsSIM1Insert = true, mIsSIM2Insert = true
I/SIMAndNetworkHelper( 2115): SystemUI|isSIMInserted, slot = 0, mIsSIM1Insert = true, mIsSIM2Insert = true
I/SIMAndNetworkHelper( 2115): SystemUI|isSIMInserted, slot = 1, mIsSIM1Insert = true, mIsSIM2Insert = true
E/mm-camera-CORE(  487): dsps_process_response_gyro:738  dsps_process_response_gyro: Query request denied, error code = 5, QId_valid = 1, QueryId = 0x700a, AckNak_valid = 1, AckNak = 3
E/mm-camera-CORE(  487): dsps_process_response_gyro:738  dsps_process_response_gyro: Query request denied, error code = 5, QId_valid = 1, QueryId = 0x710a, AckNak_valid = 1, AckNak = 3
E/mm-camera-CORE(  487): dsps_process_response_gyro:738  dsps_process_response_gyro: Query request denied, error code = 5, QId_valid = 1, QueryId = 0x720a, AckNak_valid = 1, AckNak = 3
E/mm-camera-CORE(  487): dsps_process_response_gyro:738  dsps_process_response_gyro: Query request denied, error code = 5, QId_valid = 1, QueryId = 0x730a, AckNak_valid = 1, AckNak = 3
I/Timeline(31950): Timeline: Activity_launch_request id:com.victor.myclient time:551259261
V/VivoStats( 1430): noteActivityPausedLocked uid = 10315
I/ActivityManager( 1430): START u0 {cmp=com.victor.myclient/.xiaoyu.VideoActivity (has extras)} from uid 10315 on display 0
V/WindowManager( 1430): addAppToken: AppWindowToken{269e38a token=Token{1ed819f5 ActivityRecord{f9acb2c u0 com.victor.myclient/.xiaoyu.VideoActivity t5482}}} to stack=1 task=5482 at 2
V/PowerEffectManager( 2644): noteActivity uid = 10315, name = com.victor.myclient.xiaoyu.VideoActivity
D/PhoneWindow(31950): DEBUG_SYSTEMUI:origin statusbar style 
D/PhoneWindow(31950): DEBUG_SYSTEMUI:windowDrawsFlag set
D/PhoneWindow(31950): DEBUG_SYSTEMUI:IconColor=1
D/PhoneWindow(31950): DEBUG_SYSTEMUI:StatusBarColor final set ff1cbde7
V/WindowManager( 1430): needSensorRunningLp mCurrentAppOrientation 0 mCarDockEnablesAccelerometer true mDockMode 0mSupportAutoRotation true
V/WindowOrientationListener( 1430): getProposedRotationLocked  mEnabled false isenalbeAcc false
V/ActivityManager( 1430): Display changed displayId=0
I/BlurManager( 2115): SystemUI|RotationWatcher, onRotationChanged(): 0 -> 1
I/InputReader( 1430): Reconfiguring input devices.  changes=0x00000004
I/InputReader( 1430): Device reconfigured: id=5, name='input_mt_wrapper', size 1080x1920, orientation 0, mode 4, display id 0
I/InputReader( 1430): Device reconfigured: id=9, name='synaptics-3718', size 1080x1920, orientation 1, mode 1, display id 0
E/mm-camera-CORE(  487): dsps_process_response_gyro:738  dsps_process_response_gyro: Query request denied, error code = 5, QId_valid = 1, QueryId = 0x740a, AckNak_valid = 1, AckNak = 3
I/ActivityManager( 1430): Config changes=480 {1.2 460mcc2mnc en_US ldltr sw360dp w640dp h337dp 480dpi nrml long land finger -keyb/v/h -nav/h s.293 themeId=0, affectGlobal:true}
I/UpSlideHelper( 2115): SystemUI|RotationWatcher, onRotationChanged(): 0 -> 1
E/qdhwcomposer(  432): In setViewFrame: invalid dpy index -12
I/SurfaceFlinger(  432): FPS: 4
I/ViewRootImpl(31950): CPU Rendering VSync enable = true
D/libc-netbsd(  441): _resolv_set_default_nameservers_for_net, 2063, return, not recovery mode
D/libc-netbsd(  441): _resolv_set_default_nameservers_for_net, 2063, return, not recovery mode
I/UpSlideHelper( 2115): SystemUI|refreshRotation, newRotation = 1
