D/NetworkManagementService( 1430): getNetworkStatsSummaryDev:NetworkStats: elapsedRealtime=928736216
D/NetworkManagementService( 1430):   [0] iface=tun0 uid=-1 set=ALL tag=0x0 rxBytes=407774269 rxPackets=421682 txBytes=27311430 txPackets=336824 operations=0
D/NetworkManagementService( 1430):   [1] iface=rmnet_data0 uid=-1 set=ALL tag=0x0 rxBytes=244372582 rxPackets=393936 txBytes=51549840 txPackets=363749 operations=0
D/NetworkManagementService( 1430):   [2] iface=rmnet_data6 uid=-1 set=ALL tag=0x0 rxBytes=390144 rxPackets=1967 txBytes=143388 txPackets=1985 operations=0
D/NetworkManagementService( 1430):   [3] iface=wlan0 uid=-1 set=ALL tag=0x0 rxBytes=2135952060 rxPackets=3712896 txBytes=318194030 txPackets=1906230 operations=0
D/NetworkManagementService( 1430):   [4] iface=rmnet_data7 uid=-1 set=ALL tag=0x0 rxBytes=90650 rxPackets=1148 txBytes=65496 txPackets=596 operations=0
D/NetworkManagementService( 1430):   [5] iface=lo uid=-1 set=ALL tag=0x0 rxBytes=2736218545 rxPackets=2330849 txBytes=2736218545 txPackets=2330849 operations=0
E/NativeDaemonConnector.ResponseQueue( 1430): more buffered than allowed: 10 >= 10
E/NativeDaemonConnector.ResponseQueue( 1430): Removing request: null (65041)
D/NetworkManagementService( 1430): hardware tether stats:NetworkStats: elapsedRealtime=928741267
D/NetworkManagementService( 1430): getNetworkStatsSummaryXt:NetworkStats: elapsedRealtime=928741280
D/NetworkManagementService( 1430):   [0] iface=tun0 uid=-1 set=ALL tag=0x0 rxBytes=407774269 rxPackets=421682 txBytes=27368369 txPackets=336587 operations=0
D/NetworkManagementService( 1430):   [1] iface=rmnet_data0 uid=-1 set=ALL tag=0x0 rxBytes=240040382 rxPackets=298022 txBytes=48601225 txPackets=363922 operations=0
D/NetworkManagementService( 1430):   [2] iface=rmnet_data6 uid=-1 set=ALL tag=0x0 rxBytes=381912 rxPackets=1820 txBytes=127508 txPackets=1985 operations=0
D/NetworkManagementService( 1430):   [3] iface=wlan0 uid=-1 set=ALL tag=0x0 rxBytes=2079668221 rxPackets=2518519 txBytes=291344003 txPackets=1895500 operations=0
D/NetworkManagementService( 1430):   [4] iface=rmnet_data7 uid=-1 set=ALL tag=0x0 rxBytes=90650 rxPackets=1148 txBytes=60158 txPackets=596 operations=0
D/NetworkManagementService( 1430):   [5] iface=lo uid=-1 set=ALL tag=0x0 rxBytes=2736284921 rxPackets=2330946 txBytes=2736284921 txPackets=2330946 operations=0
E/NativeDaemonConnector.ResponseQueue( 1430): more buffered than allowed: 10 >= 10
E/NativeDaemonConnector.ResponseQueue( 1430): Removing request: null (65042)
D/NetworkManagementService( 1430): hardware tether stats:NetworkStats: elapsedRealtime=928741281
D/NetworkManagementService( 1430): getNetworkStatsSummaryDev:NetworkStats: elapsedRealtime=928741294
D/NetworkManagementService( 1430):   [0] iface=tun0 uid=-1 set=ALL tag=0x0 rxBytes=407774269 rxPackets=421682 txBytes=27311430 txPackets=336824 operations=0
D/NetworkManagementService( 1430):   [1] iface=rmnet_data0 uid=-1 set=ALL tag=0x0 rxBytes=244372582 rxPackets=393936 txBytes=51549840 txPackets=363749 operations=0
D/NetworkManagementService( 1430):   [2] iface=rmnet_data6 uid=-1 set=ALL tag=0x0 rxBytes=390144 rxPackets=1967 txBytes=143388 txPackets=1985 operations=0
D/NetworkManagementService( 1430):   [3] iface=wlan0 uid=-1 set=ALL tag=0x0 rxBytes=2135952670 rxPackets=3712900 txBytes=318194390 txPackets=1906236 operations=0
D/NetworkManagementService( 1430):   [4] iface=rmnet_data7 uid=-1 set=ALL tag=0x0 rxBytes=90650 rxPackets=1148 txBytes=65496 txPackets=596 operations=0
D/NetworkManagementService( 1430):   [5] iface=lo uid=-1 set=ALL tag=0x0 rxBytes=2736284921 rxPackets=2330946 txBytes=2736284921 txPackets=2330946 operations=0
E/NativeDaemonConnector.ResponseQueue( 1430): more buffered than allowed: 10 >= 10
E/NativeDaemonConnector.ResponseQueue( 1430): Removing request: null (65045)
D/NetworkManagementService( 1430): hardware tether stats:NetworkStats: elapsedRealtime=928741366
D/NetworkManagementService( 1430): getNetworkStatsSummaryXt:NetworkStats: elapsedRealtime=928741378
D/NetworkManagementService( 1430):   [0] iface=tun0 uid=-1 set=ALL tag=0x0 rxBytes=407774269 rxPackets=421682 txBytes=27368369 txPackets=336587 operations=0
D/NetworkManagementService( 1430):   [1] iface=rmnet_data0 uid=-1 set=ALL tag=0x0 rxBytes=240040382 rxPackets=298022 txBytes=48601225 txPackets=363922 operations=0
D/NetworkManagementService( 1430):   [2] iface=rmnet_data6 uid=-1 set=ALL tag=0x0 rxBytes=381912 rxPackets=1820 txBytes=127508 txPackets=1985 operations=0
D/NetworkManagementService( 1430):   [3] iface=wlan0 uid=-1 set=ALL tag=0x0 rxBytes=2079668221 rxPackets=2518519 txBytes=291344003 txPackets=1895500 operations=0
D/NetworkManagementService( 1430):   [4] iface=rmnet_data7 uid=-1 set=ALL tag=0x0 rxBytes=90650 rxPackets=1148 txBytes=60158 txPackets=596 operations=0
D/NetworkManagementService( 1430):   [5] iface=lo uid=-1 set=ALL tag=0x0 rxBytes=2736286261 rxPackets=2330952 txBytes=2736286261 txPackets=2330952 operations=0
D/NetworkManagementService( 1430): hardware tether stats:NetworkStats: elapsedRealtime=928741379
E/NativeDaemonConnector.ResponseQueue( 1430): more buffered than allowed: 10 >= 10
E/NativeDaemonConnector.ResponseQueue( 1430): Removing request: null (65046)
D/NetworkManagementService( 1430): getNetworkStatsSummaryDev:NetworkStats: elapsedRealtime=928741390
D/NetworkManagementService( 1430):   [0] iface=tun0 uid=-1 set=ALL tag=0x0 rxBytes=407774269 rxPackets=421682 txBytes=27311430 txPackets=336824 operations=0
D/NetworkManagementService( 1430):   [1] iface=rmnet_data0 uid=-1 set=ALL tag=0x0 rxBytes=244372582 rxPackets=393936 txBytes=51549840 txPackets=363749 operations=0
D/NetworkManagementService( 1430):   [2] iface=rmnet_data6 uid=-1 set=ALL tag=0x0 rxBytes=390144 rxPackets=1967 txBytes=143388 txPackets=1985 operations=0
D/NetworkManagementService( 1430):   [3] iface=wlan0 uid=-1 set=ALL tag=0x0 rxBytes=2135952670 rxPackets=3712900 txBytes=318194390 txPackets=1906236 operations=0
D/NetworkManagementService( 1430):   [4] iface=rmnet_data7 uid=-1 set=ALL tag=0x0 rxBytes=90650 rxPackets=1148 txBytes=65496 txPackets=596 operations=0
D/NetworkManagementService( 1430):   [5] iface=lo uid=-1 set=ALL tag=0x0 rxBytes=2736286261 rxPackets=2330952 txBytes=2736286261 txPackets=2330952 operations=0
--------- beginning of main
I/MP      (31950): 2017-05-31 22:08:10.309 (551229085) 32196 [I][MP] - VideoDataSource: captured 11175th frames, requested = 0, req_res (0x0), cur_res(1280x720), ts=551229082
E/mm-camera-CORE(  487): dsps_process_response_gyro:738  dsps_process_response_gyro: Query request denied, error code = 5, QId_valid = 1, QueryId = 0x250a, AckNak_valid = 1, AckNak = 3
I/VivoNetworkController( 2115): SystemUI|onSignalStrengthsChanged received on subscription : 0, signalStrength = SignalStrength: 99 0 -120 -160 -120 -1 -1 20 -103 -10 94 2147483647 2147483647 gsm|lte, level = 4, gsm level = 0, cdma level = 0
I/VivoNetworkController( 2115): SystemUI|updateIconSet, subscription = 0, cs type = 13, ps type = 13
I/SIMAndNetworkHelper( 2115): SystemUI|isSIMInserted, slot = 0, mIsSIM1Insert = true, mIsSIM2Insert = true
I/SIMAndNetworkHelper( 2115): SystemUI|isSIMInserted, slot = 1, mIsSIM1Insert = true, mIsSIM2Insert = true
I/SIMAndNetworkHelper( 2115): SystemUI|isSIMInserted, slot = 0, mIsSIM1Insert = true, mIsSIM2Insert = true
I/SIMAndNetworkHelper( 2115): SystemUI|isSIMInserted, slot = 1, mIsSIM1Insert = true, mIsSIM2Insert = true
I/SIMAndNetworkHelper( 2115): SystemUI|isSIMInserted, slot = 0, mIsSIM1Insert = true, mIsSIM2Insert = true
I/SIMAndNetworkHelper( 2115): SystemUI|isSIMInserted, slot = 1, mIsSIM1Insert = true, mIsSIM2Insert = true
I/VivoNetworkController( 2115): SystemUI|isRoaming(0) = false
I/SIMAndNetworkHelper( 2115): SystemUI|isSIMInserted, slot = 0, mIsSIM1Insert = true, mIsSIM2Insert = true
I/VivoNetworkController( 2115): SystemUI|mDataServiceState[0] = 0
I/VivoNetworkController( 2115): SystemUI|ss.getState() = 0
I/VivoNetworkController( 2115): SystemUI|mSignalStrength[0] = SignalStrength: 99 0 -120 -160 -120 -1 -1 20 -103 -10 94 2147483647 2147483647 gsm|lte, mServiceState = [Landroid.telephony.ServiceState;@1ffedb4f
I/VivoNetworkController( 2115): SystemUI|isRoaming(0) = false
W/Settings( 2115): Setting airplane_mode_on has moved from android.provider.Settings.System to android.provider.Settings.Global, returning read-only value.
I/SIMAndNetworkHelper( 2115): SystemUI|isSIMInserted, slot = 0, mIsSIM1Insert = true, mIsSIM2Insert = true
I/SIMAndNetworkHelper( 2115): SystemUI|isSIMInserted, slot = 1, mIsSIM1Insert = true, mIsSIM2Insert = true
I/SIMAndNetworkHelper( 2115): SystemUI|isSIMInserted, slot = 0, mIsSIM1Insert = true, mIsSIM2Insert = true
I/SIMAndNetworkHelper( 2115): SystemUI|isSIMInserted, slot = 1, mIsSIM1Insert = true, mIsSIM2Insert = true
I/VivoNetworkController( 2115): SystemUI|onSignalStrengthsChanged received on subscription : 1, signalStrength = SignalStrength: 17 0 -120 -160 -120 -1 -1 99 2147483647 2147483647 2147483647 2147483647 2147483647 gsm|lte, level = 5, gsm level = 5, cdma level = 0
I/VivoNetworkController( 2115): SystemUI|updateIconSet, subscription = 1, cs type = 16, ps type = 0
I/SIMAndNetworkHelper( 2115): SystemUI|isSIMInserted, slot = 0, mIsSIM1Insert = true, mIsSIM2Insert = true
I/SIMAndNetworkHelper( 2115): SystemUI|isSIMInserted, slot = 1, mIsSIM1Insert = true, mIsSIM2Insert = true
I/SIMAndNetworkHelper( 2115): SystemUI|isSIMInserted, slot = 0, mIsSIM1Insert = true, mIsSIM2Insert = true
I/SIMAndNetworkHelper( 2115): SystemUI|isSIMInserted, slot = 1, mIsSIM1Insert = true, mIsSIM2Insert = true
I/SIMAndNetworkHelper( 2115): SystemUI|isSIMInserted, slot = 0, mIsSIM1Insert = true, mIsSIM2Insert = true
I/SIMAndNetworkHelper( 2115): SystemUI|isSIMInserted, slot = 1, mIsSIM1Insert = true, mIsSIM2Insert = true
I/VivoNetworkController( 2115): SystemUI|isRoaming(1) = false
I/SIMAndNetworkHelper( 2115): SystemUI|isSIMInserted, slot = 1, mIsSIM1Insert = true, mIsSIM2Insert = true
I/VivoNetworkController( 2115): SystemUI|mDataServiceState[1] = 1
I/VivoNetworkController( 2115): SystemUI|ss.getState() = 0
I/VivoNetworkController( 2115): SystemUI|mSignalStrength[1] = SignalStrength: 17 0 -120 -160 -120 -1 -1 99 2147483647 2147483647 2147483647 2147483647 2147483647 gsm|lte, mServiceState = [Landroid.telephony.ServiceState;@1ffedb4f
I/VivoNetworkController( 2115): SystemUI|isRoaming(1) = false
W/Settings( 2115): Setting airplane_mode_on has moved from android.provider.Settings.System to android.provider.Settings.Global, returning read-only value.
I/SIMAndNetworkHelper( 2115): SystemUI|isSIMInserted, slot = 0, mIsSIM1Insert = true, mIsSIM2Insert = true
I/SIMAndNetworkHelper( 2115): SystemUI|isSIMInserted, slot = 1, mIsSIM1Insert = true, mIsSIM2Insert = true
I/SIMAndNetworkHelper( 2115): SystemUI|isSIMInserted, slot = 0, mIsSIM1Insert = true, mIsSIM2Insert = true
I/SIMAndNetworkHelper( 2115): SystemUI|isSIMInserted, slot = 1, mIsSIM1Insert = true, mIsSIM2Insert = true
E/mm-camera-CORE(  487): dsps_process_response_gyro:738  dsps_process_response_gyro: Query request denied, error code = 5, QId_valid = 1, QueryId = 0x260a, AckNak_valid = 1, AckNak = 3
E/mm-camera-CORE(  487): dsps_process_response_gyro:738  dsps_process_response_gyro: Query request denied, error code = 5, QId_valid = 1, QueryId = 0x270a, AckNak_valid = 1, AckNak = 3
E/mm-camera-CORE(  487): dsps_process_response_gyro:738  dsps_process_response_gyro: Query request denied, error code = 5, QId_valid = 1, QueryId = 0x280a, AckNak_valid = 1, AckNak = 3
E/mm-camera-CORE(  487): dsps_process_response_gyro:738  dsps_process_response_gyro: Query request denied, error code = 5, QId_valid = 1, QueryId = 0x290a, AckNak_valid = 1, AckNak = 3
E/mm-camera-CORE(  487): dsps_process_response_gyro:738  dsps_process_response_gyro: Query request denied, error code = 5, QId_valid = 1, QueryId = 0x2a0a, AckNak_valid = 1, AckNak = 3
I/ServiceManager(19636): Waiting for service AtCmdFwd...
E/mm-camera-CORE(  487): dsps_process_response_gyro:738  dsps_process_response_gyro: Query request denied, error code = 5, QId_valid = 1, QueryId = 0x2b0a, AckNak_valid = 1, AckNak = 3
E/mm-camera-CORE(  487): dsps_process_response_gyro:738  dsps_process_response_gyro: Query request denied, error code = 5, QId_valid = 1, QueryId = 0x2c0a, AckNak_valid = 1, AckNak = 3
E/mm-camera-CORE(  487): dsps_process_response_gyro:738  dsps_process_response_gyro: Query request denied, error code = 5, QId_valid = 1, QueryId = 0x2d0a, AckNak_valid = 1, AckNak = 3
E/mm-camera-CORE(  487): dsps_process_response_gyro:738  dsps_process_response_gyro: Query request denied, error code = 5, QId_valid = 1, QueryId = 0x2e0a, AckNak_valid = 1, AckNak = 3
E/mm-camera-CORE(  487): dsps_process_response_gyro:738  dsps_process_response_gyro: Query request denied, error code = 5, QId_valid = 1, QueryId = 0x2f0a, AckNak_valid = 1, AckNak = 3
E/mm-camera-CORE(  487): dsps_process_response_gyro:738  dsps_process_response_gyro: Query request denied, error code = 5, QId_valid = 1, QueryId = 0x300a, AckNak_valid = 1, AckNak = 3
D/CloudMusicNativePlayer(17203): source(51):Native Read Begin.
D/HttpDataSource(17203): >>>begin read:targetPosition:5832704,mDataCacheStartPosition:1539976,mDataCurrentPosition:5832704,mDataCacheSize:6500000,true,8039976:1745755594
D/HttpDataSource(17203): >>>>>read begin:4292728,5832704,8039976,6500000,4292728,6500000,0,false:1745755594
D/HttpDataSource(17203): >>>>read from cache enough:65536,65536:1745755594
D/CloudMusicNativePlayer(17203): source(51):Native Read:65536 End.
E/mm-camera-CORE(  487): dsps_process_response_gyro:738  dsps_process_response_gyro: Query request denied, error code = 5, QId_valid = 1, QueryId = 0x310a, AckNak_valid = 1, AckNak = 3
E/mm-camera-CORE(  487): dsps_process_response_gyro:738  dsps_process_response_gyro: Query request denied, error code = 5, QId_valid = 1, QueryId = 0x320a, AckNak_valid = 1, AckNak = 3
E/mm-camera-CORE(  487): dsps_process_response_gyro:738  dsps_process_response_gyro: Query request denied, error code = 5, QId_valid = 1, QueryId = 0x330a, AckNak_valid = 1, AckNak = 3
E/OMX-VENC(  448): Calling IOCTL set control for id=99200c, val=1
E/OMX-VENC(  448): Success IOCTL set control for id=99200c, value=0
E/mm-camera-CORE(  487): dsps_process_response_gyro:738  dsps_process_response_gyro: Query request denied, error code = 5, QId_valid = 1, QueryId = 0x340a, AckNak_valid = 1, AckNak = 3
E/mm-camera-CORE(  487): dsps_process_response_gyro:738  dsps_process_response_gyro: Query request denied, error code = 5, QId_valid = 1, QueryId = 0x350a, AckNak_valid = 1, AckNak = 3
I/ServiceManager(19636): Waiting for service AtCmdFwd...
E/mm-camera-CORE(  487): dsps_process_response_gyro:738  dsps_process_response_gyro: Query request denied, error code = 5, QId_valid = 1, QueryId = 0x360a, AckNak_valid = 1, AckNak = 3
I/MSM-irqbalance(  628): Decided to move IRQ239 from CPU0 to CPU2
E/mm-camera-CORE(  487): dsps_process_response_gyro:738  dsps_process_response_gyro: Query request denied, error code = 5, QId_valid = 1, QueryId = 0x370a, AckNak_valid = 1, AckNak = 3
E/mm-camera-CORE(  487): dsps_process_response_gyro:738  dsps_process_response_gyro: Query request denied, error code = 5, QId_valid = 1, QueryId = 0x380a, AckNak_valid = 1, AckNak = 3
E/mm-camera-CORE(  487): dsps_process_response_gyro:738  dsps_process_response_gyro: Query request denied, error code = 5, QId_valid = 1, QueryId = 0x390a, AckNak_valid = 1, AckNak = 3
E/mm-camera-CORE(  487): dsps_process_response_gyro:738  dsps_process_response_gyro: Query request denied, error code = 5, QId_valid = 1, QueryId = 0x3a0a, AckNak_valid = 1, AckNak = 3
E/mm-camera-CORE(  487): dsps_process_response_gyro:738  dsps_process_response_gyro: Query request denied, error code = 5, QId_valid = 1, QueryId = 0x3b0a, AckNak_valid = 1, AckNak = 3
E/mm-camera-CORE(  487): dsps_process_response_gyro:738  dsps_process_response_gyro: Query request denied, error code = 5, QId_valid = 1, QueryId = 0x3c0a, AckNak_valid = 1, AckNak = 3
D/DataFormatter(25879): Normal bytes 21884
D/DataUsageService(25879): NetSpeed 21.4K/s 
I/SurfaceFlinger(  432): FPS: 3
E/mm-camera-CORE(  487): dsps_process_response_gyro:738  dsps_process_response_gyro: Query request denied, error code = 5, QId_valid = 1, QueryId = 0x3d0a, AckNak_valid = 1, AckNak = 3
E/NativeDaemonConnector.ResponseQueue( 1430): more buffered than allowed: 10 >= 10
E/NativeDaemonConnector.ResponseQueue( 1430): Removing request: null (65049)
D/NetworkManagementService( 1430): hardware tether stats:NetworkStats: elapsedRealtime=928747632
D/NetworkManagementService( 1430): getNetworkStatsSummaryXt:NetworkStats: elapsedRealtime=928747642
D/NetworkManagementService( 1430):   [0] iface=tun0 uid=-1 set=ALL tag=0x0 rxBytes=407774269 rxPackets=421682 txBytes=27368369 txPackets=336587 operations=0
D/NetworkManagementService( 1430):   [1] iface=rmnet_data0 uid=-1 set=ALL tag=0x0 rxBytes=240040382 rxPackets=298022 txBytes=48601225 txPackets=363922 operations=0
D/NetworkManagementService( 1430):   [2] iface=rmnet_data6 uid=-1 set=ALL tag=0x0 rxBytes=381912 rxPackets=1820 txBytes=127508 txPackets=1985 operations=0
D/NetworkManagementService( 1430):   [3] iface=wlan0 uid=-1 set=ALL tag=0x0 rxBytes=2079668221 rxPackets=2518519 txBytes=291344003 txPackets=1895500 operations=0
D/NetworkManagementService( 1430):   [4] iface=rmnet_data7 uid=-1 set=ALL tag=0x0 rxBytes=90650 rxPackets=1148 txBytes=60158 txPackets=596 operations=0
D/NetworkManagementService( 1430):   [5] iface=lo uid=-1 set=ALL tag=0x0 rxBytes=2736356245 rxPackets=2331069 txBytes=2736356245 txPackets=2331069 operations=0
E/mm-camera-CORE(  487): dsps_process_response_gyro:738  dsps_process_response_gyro: Query request denied, error code = 5, QId_valid = 1, QueryId = 0x3e0a, AckNak_valid = 1, AckNak = 3
E/NativeDaemonConnector.ResponseQueue( 1430): more buffered than allowed: 10 >= 10
E/NativeDaemonConnector.ResponseQueue( 1430): Removing request: null (65050)
D/NetworkManagementService( 1430): hardware tether stats:NetworkStats: elapsedRealtime=928747643
D/NetworkManagementService( 1430): getNetworkStatsSummaryDev:NetworkStats: elapsedRealtime=928747654
D/NetworkManagementService( 1430):   [0] iface=tun0 uid=-1 set=ALL tag=0x0 rxBytes=407774269 rxPackets=421682 txBytes=27311430 txPackets=336824 operations=0
D/NetworkManagementService( 1430):   [1] iface=rmnet_data0 uid=-1 set=ALL tag=0x0 rxBytes=244372582 rxPackets=393936 txBytes=51549840 txPackets=363749 operations=0
D/NetworkManagementService( 1430):   [2] iface=rmnet_data6 uid=-1 set=ALL tag=0x0 rxBytes=390144 rxPackets=1967 txBytes=143388 txPackets=1985 operations=0
D/NetworkManagementService( 1430):   [3] iface=wlan0 uid=-1 set=ALL tag=0x0 rxBytes=2135952670 rxPackets=3712900 txBytes=318194390 txPackets=1906236 operations=0
D/NetworkManagementService( 1430):   [4] iface=rmnet_data7 uid=-1 set=ALL tag=0x0 rxBytes=90650 rxPackets=1148 txBytes=65496 txPackets=596 operations=0
D/NetworkManagementService( 1430):   [5] iface=lo uid=-1 set=ALL tag=0x0 rxBytes=2736356729 rxPackets=2331071 txBytes=2736356729 txPackets=2331071 operations=0
D/DataUsageService(25879): mStatsUpdateReceiver intent:Intent { act=com.android.server.action.NETWORK_STATS_UPDATED flg=0x40000010 }
D/DataUsageService(25879): checkNeedForceUpdate mLastNetworkData: 4514940422 newNetworkData: 4514940422
D/DataUsagePrefs(25879): getDataUsageShowFlow value:false
D/DataUsagePrefs(25879): getDataUsageExceptionRemain value:true
D/DataUsagePrefs(25879): getDataUsageMonitor value:true
D/DataUsageService(25879): needExceptionRemind needRemained:false
D/DataUsageService(25879): updateNotificationsLocked()
D/DataUsagePrefs(25879): getDataUsageMonitor value:true
D/DataUsagePrefs(25879): getIsNeedBgAutoCorrectedBySimId simId: 3 : false
E/mm-camera-CORE(  487): dsps_process_response_gyro:738  dsps_process_response_gyro: Query request denied, error code = 5, QId_valid = 1, QueryId = 0x3f0a, AckNak_valid = 1, AckNak = 3
E/mm-camera-CORE(  487): dsps_process_response_gyro:738  dsps_process_response_gyro: Query request denied, error code = 5, QId_valid = 1, QueryId = 0x400a, AckNak_valid = 1, AckNak = 3
W/Atfwd_Sendcmd(19636): AtCmdFwd service not published, waiting... retryCnt : 5
E/mm-camera-CORE(  487): dsps_process_response_gyro:738  dsps_process_response_gyro: Query request denied, error code = 5, QId_valid = 1, QueryId = 0x410a, AckNak_valid = 1, AckNak = 3
E/mm-camera-CORE(  487): dsps_process_response_gyro:738  dsps_process_response_gyro: Query request denied, error code = 5, QId_valid = 1, QueryId = 0x420a, AckNak_valid = 1, AckNak = 3
E/mm-camera-CORE(  487): dsps_process_response_gyro:738  dsps_process_response_gyro: Query request denied, error code = 5, QId_valid = 1, QueryId = 0x430a, AckNak_valid = 1, AckNak = 3
E/mm-camera-CORE(  487): dsps_process_response_gyro:738  dsps_process_response_gyro: Query request denied, error code = 5, QId_valid = 1, QueryId = 0x440a, AckNak_valid = 1, AckNak = 3
E/mm-camera-CORE(  487): dsps_process_response_gyro:738  dsps_process_response_gyro: Query request denied, error code = 5, QId_valid = 1, QueryId = 0x450a, AckNak_valid = 1, AckNak = 3
E/mm-camera-CORE(  487): dsps_process_response_gyro:738  dsps_process_response_gyro: Query request denied, error code = 5, QId_valid = 1, QueryId = 0x460a, AckNak_valid = 1, AckNak = 3
E/mm-camera-CORE(  487): dsps_process_response_gyro:738  dsps_process_response_gyro: Query request denied, error code = 5, QId_valid = 1, QueryId = 0x470a, AckNak_valid = 1, AckNak = 3
D/MSF.C.NetConnTag(27739): netRecv ssoSeq:-1548185298 uin:*5913 cmd:-316037937 -1548184907
D/Q.msg.TroopMsgProxy(14566): insertToList MessageRecord=friendUin:6016senderuin:8814,istroop:1,msgType:-1000,time:1496239693,shmsgseq:9782
D/Q.unread.Proxy_UnreadMonitor(14566): insertOrUpdateUnread update=--ConversationInfo--,shortUin:*6016,type:1,lastread:9471,unreadCount:311,unreadGiftCount:0,unreadRedPacketCount:0,unreadMark:0
E/mm-camera-CORE(  487): dsps_process_response_gyro:738  dsps_process_response_gyro: Query request denied, error code = 5, QId_valid = 1, QueryId = 0x480a, AckNak_valid = 1, AckNak = 3
E/mm-camera-CORE(  487): dsps_process_response_gyro:738  dsps_process_response_gyro: Query request denied, error code = 5, QId_valid = 1, QueryId = 0x490a, AckNak_valid = 1, AckNak = 3
I/VivoNetworkController( 2115): SystemUI|onSignalStrengthsChanged received on subscription : 1, signalStrength = SignalStrength: 17 0 -120 -160 -120 -1 -1 99 2147483647 2147483647 2147483647 2147483647 2147483647 gsm|lte, level = 5, gsm level = 5, cdma level = 0
I/VivoNetworkController( 2115): SystemUI|updateIconSet, subscription = 1, cs type = 16, ps type = 0
I/SIMAndNetworkHelper( 2115): SystemUI|isSIMInserted, slot = 0, mIsSIM1Insert = true, mIsSIM2Insert = true
I/SIMAndNetworkHelper( 2115): SystemUI|isSIMInserted, slot = 1, mIsSIM1Insert = true, mIsSIM2Insert = true
I/SIMAndNetworkHelper( 2115): SystemUI|isSIMInserted, slot = 0, mIsSIM1Insert = true, mIsSIM2Insert = true
I/SIMAndNetworkHelper( 2115): SystemUI|isSIMInserted, slot = 1, mIsSIM1Insert = true, mIsSIM2Insert = true
I/SIMAndNetworkHelper( 2115): SystemUI|isSIMInserted, slot = 0, mIsSIM1Insert = true, mIsSIM2Insert = true
I/SIMAndNetworkHelper( 2115): SystemUI|isSIMInserted, slot = 1, mIsSIM1Insert = true, mIsSIM2Insert = true
I/VivoNetworkController( 2115): SystemUI|isRoaming(1) = false
I/SIMAndNetworkHelper( 2115): SystemUI|isSIMInserted, slot = 1, mIsSIM1Insert = true, mIsSIM2Insert = true
I/VivoNetworkController( 2115): SystemUI|mDataServiceState[1] = 1
I/VivoNetworkController( 2115): SystemUI|ss.getState() = 0
I/VivoNetworkController( 2115): SystemUI|mSignalStrength[1] = SignalStrength: 17 0 -120 -160 -120 -1 -1 99 2147483647 2147483647 2147483647 2147483647 2147483647 gsm|lte, mServiceState = [Landroid.telephony.ServiceState;@1ffedb4f
I/VivoNetworkController( 2115): SystemUI|isRoaming(1) = false
W/Settings( 2115): Setting airplane_mode_on has moved from android.provider.Settings.System to android.provider.Settings.Global, returning read-only value.
I/SIMAndNetworkHelper( 2115): SystemUI|isSIMInserted, slot = 0, mIsSIM1Insert = true, mIsSIM2Insert = true
I/SIMAndNetworkHelper( 2115): SystemUI|isSIMInserted, slot = 1, mIsSIM1Insert = true, mIsSIM2Insert = true
I/SIMAndNetworkHelper( 2115): SystemUI|isSIMInserted, slot = 0, mIsSIM1Insert = true, mIsSIM2Insert = true
I/SIMAndNetworkHelper( 2115): SystemUI|isSIMInserted, slot = 1, mIsSIM1Insert = true, mIsSIM2Insert = true
E/mm-camera-CORE(  487): dsps_process_response_gyro:738  dsps_process_response_gyro: Query request denied, error code = 5, QId_valid = 1, QueryId = 0x4a0a, AckNak_valid = 1, AckNak = 3
I/VivoNetworkController( 2115): SystemUI|onSignalStrengthsChanged received on subscription : 0, signalStrength = SignalStrength: 99 0 -120 -160 -120 -1 -1 20 -103 -10 106 2147483647 2147483647 gsm|lte, level = 4, gsm level = 0, cdma level = 0
I/VivoNetworkController( 2115): SystemUI|updateIconSet, subscription = 0, cs type = 13, ps type = 13
I/SIMAndNetworkHelper( 2115): SystemUI|isSIMInserted, slot = 0, mIsSIM1Insert = true, mIsSIM2Insert = true
I/SIMAndNetworkHelper( 2115): SystemUI|isSIMInserted, slot = 1, mIsSIM1Insert = true, mIsSIM2Insert = true
I/SIMAndNetworkHelper( 2115): SystemUI|isSIMInserted, slot = 0, mIsSIM1Insert = true, mIsSIM2Insert = true
I/SIMAndNetworkHelper( 2115): SystemUI|isSIMInserted, slot = 1, mIsSIM1Insert = true, mIsSIM2Insert = true
I/SIMAndNetworkHelper( 2115): SystemUI|isSIMInserted, slot = 0, mIsSIM1Insert = true, mIsSIM2Insert = true
I/SIMAndNetworkHelper( 2115): SystemUI|isSIMInserted, slot = 1, mIsSIM1Insert = true, mIsSIM2Insert = true
I/VivoNetworkController( 2115): SystemUI|isRoaming(0) = false
I/SIMAndNetworkHelper( 2115): SystemUI|isSIMInserted, slot = 0, mIsSIM1Insert = true, mIsSIM2Insert = true
I/VivoNetworkController( 2115): SystemUI|mDataServiceState[0] = 0
I/VivoNetworkController( 2115): SystemUI|ss.getState() = 0
I/VivoNetworkController( 2115): SystemUI|mSignalStrength[0] = SignalStrength: 99 0 -120 -160 -120 -1 -1 20 -103 -10 106 2147483647 2147483647 gsm|lte, mServiceState = [Landroid.telephony.ServiceState;@1ffedb4f
I/VivoNetworkController( 2115): SystemUI|isRoaming(0) = false
W/Settings( 2115): Setting airplane_mode_on has moved from android.provider.Settings.System to android.provider.Settings.Global, returning read-only value.
I/SIMAndNetworkHelper( 2115): SystemUI|isSIMInserted, slot = 0, mIsSIM1Insert = true, mIsSIM2Insert = true
I/SIMAndNetworkHelper( 2115): SystemUI|isSIMInserted, slot = 1, mIsSIM1Insert = true, mIsSIM2Insert = true
I/SIMAndNetworkHelper( 2115): SystemUI|isSIMInserted, slot = 0, mIsSIM1Insert = true, mIsSIM2Insert = true
I/SIMAndNetworkHelper( 2115): SystemUI|isSIMInserted, slot = 1, mIsSIM1Insert = true, mIsSIM2Insert = true
I/SurfaceFlinger(  432): FPS: 1
E/mm-camera-CORE(  487): dsps_process_response_gyro:738  dsps_process_response_gyro: Query request denied, error code = 5, QId_valid = 1, QueryId = 0x4b0a, AckNak_valid = 1, AckNak = 3
E/mm-camera-CORE(  487): dsps_process_response_gyro:738  dsps_process_response_gyro: Query request denied, error code = 5, QId_valid = 1, QueryId = 0x4c0a, AckNak_valid = 1, AckNak = 3
E/mm-camera-CORE(  487): dsps_process_response_gyro:738  dsps_process_response_gyro: Query request denied, error code = 5, QId_valid = 1, QueryId = 0x4d0a, AckNak_valid = 1, AckNak = 3
E/mm-camera-CORE(  487): dsps_process_response_gyro:738  dsps_process_response_gyro: Query request denied, error code = 5, QId_valid = 1, QueryId = 0x4e0a, AckNak_valid = 1, AckNak = 3
D/NetworkMonitor/NetworkAgentInfo [WIFI () - 620]( 1430): handleMessage: E msg.what=532488
D/NetworkMonitor/NetworkAgentInfo [WIFI () - 620]( 1430): processMsg: ValidatedState
D/NetworkMonitor/NetworkAgentInfo [WIFI () - 620]( 1430): ValidatedState{ when=-1ms what=532488 arg1=10009 target=com.android.internal.util.StateMachine$SmHandler }
D/NetworkMonitor/NetworkAgentInfo [WIFI () - 620]( 1430): processMsg: DefaultState
D/NetworkMonitor/NetworkAgentInfo [WIFI () - 620]( 1430): DefaultState{ when=-1ms what=532488 arg1=10009 target=com.android.internal.util.StateMachine$SmHandler }
D/NetworkMonitor/NetworkAgentInfo [WIFI () - 620]( 1430): Forcing reevaluation
D/NetworkMonitor( 1430): isWifi() return true;
D/NetworkMonitor/NetworkAgentInfo [WIFI () - 620]( 1430): Forcing reevaluation not allowed for third app 
D/NetworkMonitor/NetworkAgentInfo [WIFI () - 620]( 1430): handleMessage: X
V/AlarmAlign( 1430): remove pkg = com.google.android.gms, action = com.google.android.intent.action.GCM_RECONNECT
E/mm-camera-CORE(  487): dsps_process_response_gyro:738  dsps_process_response_gyro: Query request denied, error code = 5, QId_valid = 1, QueryId = 0x4f0a, AckNak_valid = 1, AckNak = 3
I/ExtraAlarmManager( 1430): Uid : 10009, Package name is : com.google.android.gms
I/ExtraAlarmManager( 1430): type: 2 retType: 3
D/ConnectivityService( 1430): reportBadNetwork(NetworkAgentInfo [WIFI () - 620]) by 10009
I/VivoNetworkController( 2115): SystemUI|mWifiEnabled && mWifiConnected = true
E/mm-camera-CORE(  487): dsps_process_response_gyro:738  dsps_process_response_gyro: Query request denied, error code = 5, QId_valid = 1, QueryId = 0x500a, AckNak_valid = 1, AckNak = 3
E/mm-camera-CORE(  487): dsps_process_response_gyro:738  dsps_process_response_gyro: Query request denied, error code = 5, QId_valid = 1, QueryId = 0x510a, AckNak_valid = 1, AckNak = 3
E/mm-camera-CORE(  487): dsps_process_response_gyro:738  dsps_process_response_gyro: Query request denied, error code = 5, QId_valid = 1, QueryId = 0x520a, AckNak_valid = 1, AckNak = 3
D/CloudMusicNativePlayer(17203): source(51):Native Read Begin.
D/HttpDataSource(17203): >>>begin read:targetPosition:5898240,mDataCacheStartPosition:1539976,mDataCurrentPosition:5898240,mDataCacheSize:6500000,true,8039976:1745755594
D/HttpDataSource(17203): >>>>>read begin:4358264,5898240,8039976,6500000,4358264,6500000,0,false:1745755594
D/HttpDataSource(17203): >>>>read from cache enough:65536,65536:1745755594
D/CloudMusicNativePlayer(17203): source(51):Native Read:65536 End.
E/mm-camera-CORE(  487): dsps_process_response_gyro:738  dsps_process_response_gyro: Query request denied, error code = 5, QId_valid = 1, QueryId = 0x530a, AckNak_valid = 1, AckNak = 3
E/mm-camera-CORE(  487): dsps_process_response_gyro:738  dsps_process_response_gyro: Query request denied, error code = 5, QId_valid = 1, QueryId = 0x540a, AckNak_valid = 1, AckNak = 3
E/mm-camera-CORE(  487): dsps_process_response_gyro:738  dsps_process_response_gyro: Query request denied, error code = 5, QId_valid = 1, QueryId = 0x550a, AckNak_valid = 1, AckNak = 3
E/mm-camera-CORE(  487): dsps_process_response_gyro:738  dsps_process_response_gyro: Query request denied, error code = 5, QId_valid = 1, QueryId = 0x560a, AckNak_valid = 1, AckNak = 3
E/mm-camera-CORE(  487): dsps_process_response_gyro:738  dsps_process_response_gyro: Query request denied, error code = 5, QId_valid = 1, QueryId = 0x570a, AckNak_valid = 1, AckNak = 3
E/mm-camera-CORE(  487): dsps_process_response_gyro:738  dsps_process_response_gyro: Query request denied, error code = 5, QId_valid = 1, QueryId = 0x580a, AckNak_valid = 1, AckNak = 3
E/mm-camera-CORE(  487): dsps_process_response_gyro:738  dsps_process_response_gyro: Query request denied, error code = 5, QId_valid = 1, QueryId = 0x590a, AckNak_valid = 1, AckNak = 3
E/mm-camera-CORE(  487): dsps_process_response_gyro:738  dsps_process_response_gyro: Query request denied, error code = 5, QId_valid = 1, QueryId = 0x5a0a, AckNak_valid = 1, AckNak = 3
I/VivoNetworkController( 2115): SystemUI|mWifiEnabled && mWifiConnected = true
I/SurfaceFlinger(  432): FPS: 3
E/mm-camera-CORE(  487): dsps_process_response_gyro:738  dsps_process_response_gyro: Query request denied, error code = 5, QId_valid = 1, QueryId = 0x5b0a, AckNak_valid = 1, AckNak = 3
I/MP      (31950): 2017-05-31 22:08:15.264 (551234040) 32196 [I][MP] - VideoDataSource: captured 11250th frames, requested = 0, req_res (0x0), cur_res(1280x720), ts=551234036
E/mm-camera-CORE(  487): dsps_process_response_gyro:738  dsps_process_response_gyro: Query request denied, error code = 5, QId_valid = 1, QueryId = 0x5c0a, AckNak_valid = 1, AckNak = 3
E/mm-camera-CORE(  487): dsps_process_response_gyro:738  dsps_process_response_gyro: Query request denied, error code = 5, QId_valid = 1, QueryId = 0x5d0a, AckNak_valid = 1, AckNak = 3
D/DataFormatter(25879): Normal bytes 26959
D/DataUsageService(25879): NetSpeed 26.3K/s 
E/mm-camera-CORE(  487): dsps_process_response_gyro:738  dsps_process_response_gyro: Query request denied, error code = 5, QId_valid = 1, QueryId = 0x5e0a, AckNak_valid = 1, AckNak = 3
E/mm-camera-CORE(  487): dsps_process_response_gyro:738  dsps_process_response_gyro: Query request denied, error code = 5, QId_valid = 1, QueryId = 0x5f0a, AckNak_valid = 1, AckNak = 3
E/OMX-VENC(  448): Calling IOCTL set control for id=99200c, val=1
E/OMX-VENC(  448): Success IOCTL set control for id=99200c, value=0
E/mm-camera-CORE(  487): dsps_process_response_gyro:738  dsps_process_response_gyro: Query request denied, error code = 5, QId_valid = 1, QueryId = 0x600a, AckNak_valid = 1, AckNak = 3
V/AlarmAlign( 1430): checkSet SCREEN_ON, type = 3, when = 928752432
V/AlarmAlign( 1430): setLocked to kernel, type = 3, when = 928752432, curTime = 928750788
V/AlarmAlign( 1430): triggerAlarm v at 928750788, size=1, hasWakeup=false, mWake_Set=true, mNextWakeup=928761916, mNextNonWakeup=928752432, mBatch.end=985838048, why=8
I/ExtraAlarmManager( 1430): type: 3 retType: 3
E/mm-camera-CORE(  487): dsps_process_response_gyro:738  dsps_process_response_gyro: Query request denied, error code = 5, QId_valid = 1, QueryId = 0x610a, AckNak_valid = 1, AckNak = 3
E/mm-camera-CORE(  487): dsps_process_response_gyro:738  dsps_process_response_gyro: Query request denied, error code = 5, QId_valid = 1, QueryId = 0x620a, AckNak_valid = 1, AckNak = 3
E/mm-camera-CORE(  487): dsps_process_response_gyro:738  dsps_process_response_gyro: Query request denied, error code = 5, QId_valid = 1, QueryId = 0x630a, AckNak_valid = 1, AckNak = 3
E/mm-camera-CORE(  487): dsps_process_response_gyro:738  dsps_process_response_gyro: Query request denied, error code = 5, QId_valid = 1, QueryId = 0x640a, AckNak_valid = 1, AckNak = 3
E/mm-camera-CORE(  487): dsps_process_response_gyro:738  dsps_process_response_gyro: Query request denied, error code = 5, QId_valid = 1, QueryId = 0x650a, AckNak_valid = 1, AckNak = 3
E/mm-camera-CORE(  487): dsps_process_response_gyro:738  dsps_process_response_gyro: Query request denied, error code = 5, QId_valid = 1, QueryId = 0x660a, AckNak_valid = 1, AckNak = 3
E/mm-camera-CORE(  487): dsps_process_response_gyro:738  dsps_process_response_gyro: Query request denied, error code = 5, QId_valid = 1, QueryId = 0x670a, AckNak_valid = 1, AckNak = 3
E/mm-camera-CORE(  487): dsps_process_response_gyro:738  dsps_process_response_gyro: Query request denied, error code = 5, QId_valid = 1, QueryId = 0x680a, AckNak_valid = 1, AckNak = 3
E/mm-camera-CORE(  487): dsps_process_response_gyro:738  dsps_process_response_gyro: Query request denied, error code = 5, QId_valid = 1, QueryId = 0x690a, AckNak_valid = 1, AckNak = 3
E/mm-camera-CORE(  487): dsps_process_response_gyro:738  dsps_process_response_gyro: Query request denied, error code = 5, QId_valid = 1, QueryId = 0x6a0a, AckNak_valid = 1, AckNak = 3
E/mm-camera-CORE(  487): dsps_process_response_gyro:738  dsps_process_response_gyro: Query request denied, error code = 5, QId_valid = 1, QueryId = 0x6b0a, AckNak_valid = 1, AckNak = 3
E/mm-camera-CORE(  487): dsps_process_response_gyro:738  dsps_process_response_gyro: Query request denied, error code = 5, QId_valid = 1, QueryId = 0x6c0a, AckNak_valid = 1, AckNak = 3
I/VivoNetworkController( 2115): SystemUI|onSignalStrengthsChanged received on subscription : 0, signalStrength = SignalStrength: 99 0 -120 -160 -120 -1 -1 20 -103 -11 48 2147483647 2147483647 gsm|lte, level = 4, gsm level = 0, cdma level = 0
I/VivoNetworkController( 2115): SystemUI|updateIconSet, subscription = 0, cs type = 13, ps type = 13
I/SIMAndNetworkHelper( 2115): SystemUI|isSIMInserted, slot = 0, mIsSIM1Insert = true, mIsSIM2Insert = true
I/SIMAndNetworkHelper( 2115): SystemUI|isSIMInserted, slot = 1, mIsSIM1Insert = true, mIsSIM2Insert = true
I/SIMAndNetworkHelper( 2115): SystemUI|isSIMInserted, slot = 0, mIsSIM1Insert = true, mIsSIM2Insert = true
I/SIMAndNetworkHelper( 2115): SystemUI|isSIMInserted, slot = 1, mIsSIM1Insert = true, mIsSIM2Insert = true
I/SIMAndNetworkHelper( 2115): SystemUI|isSIMInserted, slot = 0, mIsSIM1Insert = true, mIsSIM2Insert = true
I/SIMAndNetworkHelper( 2115): SystemUI|isSIMInserted, slot = 1, mIsSIM1Insert = true, mIsSIM2Insert = true
I/VivoNetworkController( 2115): SystemUI|isRoaming(0) = false
I/SIMAndNetworkHelper( 2115): SystemUI|isSIMInserted, slot = 0, mIsSIM1Insert = true, mIsSIM2Insert = true
I/VivoNetworkController( 2115): SystemUI|mDataServiceState[0] = 0
I/VivoNetworkController( 2115): SystemUI|ss.getState() = 0
I/VivoNetworkController( 2115): SystemUI|mSignalStrength[0] = SignalStrength: 99 0 -120 -160 -120 -1 -1 20 -103 -11 48 2147483647 2147483647 gsm|lte, mServiceState = [Landroid.telephony.ServiceState;@1ffedb4f
I/VivoNetworkController( 2115): SystemUI|isRoaming(0) = false
W/Settings( 2115): Setting airplane_mode_on has moved from android.provider.Settings.System to android.provider.Settings.Global, returning read-only value.
I/SIMAndNetworkHelper( 2115): SystemUI|isSIMInserted, slot = 0, mIsSIM1Insert = true, mIsSIM2Insert = true
I/SIMAndNetworkHelper( 2115): SystemUI|isSIMInserted, slot = 1, mIsSIM1Insert = true, mIsSIM2Insert = true
I/SIMAndNetworkHelper( 2115): SystemUI|isSIMInserted, slot = 0, mIsSIM1Insert = true, mIsSIM2Insert = true
I/SIMAndNetworkHelper( 2115): SystemUI|isSIMInserted, slot = 1, mIsSIM1Insert = true, mIsSIM2Insert = true
I/VivoNetworkController( 2115): SystemUI|onSignalStrengthsChanged received on subscription : 1, signalStrength = SignalStrength: 17 0 -120 -160 -120 -1 -1 99 2147483647 2147483647 2147483647 2147483647 2147483647 gsm|lte, level = 5, gsm level = 5, cdma level = 0
I/VivoNetworkController( 2115): SystemUI|updateIconSet, subscription = 1, cs type = 16, ps type = 0
I/SIMAndNetworkHelper( 2115): SystemUI|isSIMInserted, slot = 0, mIsSIM1Insert = true, mIsSIM2Insert = true
I/SIMAndNetworkHelper( 2115): SystemUI|isSIMInserted, slot = 1, mIsSIM1Insert = true, mIsSIM2Insert = true
I/SIMAndNetworkHelper( 2115): SystemUI|isSIMInserted, slot = 0, mIsSIM1Insert = true, mIsSIM2Insert = true
I/SIMAndNetworkHelper( 2115): SystemUI|isSIMInserted, slot = 1, mIsSIM1Insert = true, mIsSIM2Insert = true
I/SIMAndNetworkHelper( 2115): SystemUI|isSIMInserted, slot = 0, mIsSIM1Insert = true, mIsSIM2Insert = true
I/SIMAndNetworkHelper( 2115): SystemUI|isSIMInserted, slot = 1, mIsSIM1Insert = true, mIsSIM2Insert = true
I/VivoNetworkController( 2115): SystemUI|isRoaming(1) = false
I/SIMAndNetworkHelper( 2115): SystemUI|isSIMInserted, slot = 1, mIsSIM1Insert = true, mIsSIM2Insert = true
I/VivoNetworkController( 2115): SystemUI|mDataServiceState[1] = 1
I/VivoNetworkController( 2115): SystemUI|ss.getState() = 0
I/VivoNetworkController( 2115): SystemUI|mSignalStrength[1] = SignalStrength: 17 0 -120 -160 -120 -1 -1 99 2147483647 2147483647 2147483647 2147483647 2147483647 gsm|lte, mServiceState = [Landroid.telephony.ServiceState;@1ffedb4f
I/VivoNetworkController( 2115): SystemUI|isRoaming(1) = false
W/Settings( 2115): Setting airplane_mode_on has moved from android.provider.Settings.System to android.provider.Settings.Global, returning read-only value.
I/SIMAndNetworkHelper( 2115): SystemUI|isSIMInserted, slot = 0, mIsSIM1Insert = true, mIsSIM2Insert = true
I/SIMAndNetworkHelper( 2115): SystemUI|isSIMInserted, slot = 1, mIsSIM1Insert = true, mIsSIM2Insert = true
I/SIMAndNetworkHelper( 2115): SystemUI|isSIMInserted, slot = 0, mIsSIM1Insert = true, mIsSIM2Insert = true
I/SIMAndNetworkHelper( 2115): SystemUI|isSIMInserted, slot = 1, mIsSIM1Insert = true, mIsSIM2Insert = true
E/mm-camera-CORE(  487): dsps_process_response_gyro:738  dsps_process_response_gyro: Query request denied, error code = 5, QId_valid = 1, QueryId = 0x6d0a, AckNak_valid = 1, AckNak = 3
I/SurfaceFlinger(  432): FPS: 2
E/mm-camera-CORE(  487): dsps_process_response_gyro:738  dsps_process_response_gyro: Query request denied, error code = 5, QId_valid = 1, QueryId = 0x6e0a, AckNak_valid = 1, AckNak = 3
I/MSM-irqbalance(  628): Decided to move IRQ104 from CPU0 to CPU1
E/mm-camera-CORE(  487): dsps_process_response_gyro:738  dsps_process_response_gyro: Query request denied, error code = 5, QId_valid = 1, QueryId = 0x6f0a, AckNak_valid = 1, AckNak = 3
E/mm-camera-CORE(  487): dsps_process_response_gyro:738  dsps_process_response_gyro: Query request denied, error code = 5, QId_valid = 1, QueryId = 0x700a, AckNak_valid = 1, AckNak = 3
E/mm-camera-CORE(  487): dsps_process_response_gyro:738  dsps_process_response_gyro: Query request denied, error code = 5, QId_valid = 1, QueryId = 0x710a, AckNak_valid = 1, AckNak = 3
E/mm-camera-CORE(  487): dsps_process_response_gyro:738  dsps_process_response_gyro: Query request denied, error code = 5, QId_valid = 1, QueryId = 0x720a, AckNak_valid = 1, AckNak = 3
E/mm-camera-CORE(  487): dsps_process_response_gyro:738  dsps_process_response_gyro: Query request denied, error code = 5, QId_valid = 1, QueryId = 0x730a, AckNak_valid = 1, AckNak = 3
V/AlarmAlign( 1430): triggerAlarm v at 928752432, size=1, hasWakeup=false, mWake_Set=true, mNextWakeup=928761916, mNextNonWakeup=928752432, mBatch.end=985838048, why=8
I/ExtraAlarmManager( 1430): Uid : 10198, Package name is : com.sankuai.meituan
I/ExtraAlarmManager( 1430): type: 0 retType: 1
E/mm-camera-CORE(  487): dsps_process_response_gyro:738  dsps_process_response_gyro: Query request denied, error code = 5, QId_valid = 1, QueryId = 0x740a, AckNak_valid = 1, AckNak = 3
E/mm-camera-CORE(  487): dsps_process_response_gyro:738  dsps_process_response_gyro: Query request denied, error code = 5, QId_valid = 1, QueryId = 0x750a, AckNak_valid = 1, AckNak = 3
E/OMX-VENC(  448): Calling IOCTL set control for id=99200c, val=1
E/OMX-VENC(  448): Success IOCTL set control for id=99200c, value=0
E/mm-camera-CORE(  487): dsps_process_response_gyro:738  dsps_process_response_gyro: Query request denied, error code = 5, QId_valid = 1, QueryId = 0x760a, AckNak_valid = 1, AckNak = 3
D/CloudMusicNativePlayer(17203): source(51):Native Read Begin.
D/HttpDataSource(17203): >>>begin read:targetPosition:5963776,mDataCacheStartPosition:1539976,mDataCurrentPosition:5963776,mDataCacheSize:6500000,true,8039976:1745755594
D/HttpDataSource(17203): >>>>>read begin:4423800,5963776,8039976,6500000,4423800,6500000,0,false:1745755594
D/HttpDataSource(17203): >>>>read from cache enough:65536,65536:1745755594
D/CloudMusicNativePlayer(17203): source(51):Native Read:65536 End.
E/mm-camera-CORE(  487): dsps_process_response_gyro:738  dsps_process_response_gyro: Query request denied, error code = 5, QId_valid = 1, QueryId = 0x770a, AckNak_valid = 1, AckNak = 3
E/mm-camera-CORE(  487): dsps_process_response_gyro:738  dsps_process_response_gyro: Query request denied, error code = 5, QId_valid = 1, QueryId = 0x780a, AckNak_valid = 1, AckNak = 3
E/mm-camera-CORE(  487): dsps_process_response_gyro:738  dsps_process_response_gyro: Query request denied, error code = 5, QId_valid = 1, QueryId = 0x790a, AckNak_valid = 1, AckNak = 3
D/libc-netbsd(  441): _resolv_set_default_nameservers_for_net, 2063, return, not recovery mode
D/libc-netbsd(  441): _resolv_set_default_nameservers_for_net, 2063, return, not recovery mode
E/mm-camera-CORE(  487): dsps_process_response_gyro:738  dsps_process_response_gyro: Query request denied, error code = 5, QId_valid = 1, QueryId = 0x7a0a, AckNak_valid = 1, AckNak = 3
E/mm-camera-CORE(  487): dsps_process_response_gyro:738  dsps_process_response_gyro: Query request denied, error code = 5, QId_valid = 1, QueryId = 0x7b0a, AckNak_valid = 1, AckNak = 3
I/VivoNetworkController( 2115): SystemUI|mWifiEnabled && mWifiConnected = true
E/mm-camera-CORE(  487): dsps_process_response_gyro:738  dsps_process_response_gyro: Query request denied, error code = 5, QId_valid = 1, QueryId = 0x7c0a, AckNak_valid = 1, AckNak = 3
I/SurfaceFlinger(  432): FPS: 2
E/NativeDaemonConnector.ResponseQueue( 1430): more buffered than allowed: 10 >= 10
E/NativeDaemonConnector.ResponseQueue( 1430): Removing request: null (65052)
D/NetworkManagementService( 1430): hardware tether stats:NetworkStats: elapsedRealtime=928753304
D/NetworkManagementService( 1430): getNetworkStatsSummaryXt:NetworkStats: elapsedRealtime=928753315
D/NetworkManagementService( 1430):   [0] iface=tun0 uid=-1 set=ALL tag=0x0 rxBytes=407774269 rxPackets=421682 txBytes=27368369 txPackets=336587 operations=0
D/NetworkManagementService( 1430):   [1] iface=rmnet_data0 uid=-1 set=ALL tag=0x0 rxBytes=240040382 rxPackets=298022 txBytes=48601225 txPackets=363922 operations=0
D/NetworkManagementService( 1430):   [2] iface=rmnet_data6 uid=-1 set=ALL tag=0x0 rxBytes=381912 rxPackets=1820 txBytes=127508 txPackets=1985 operations=0
D/NetworkManagementService( 1430):   [3] iface=wlan0 uid=-1 set=ALL tag=0x0 rxBytes=2079668733 rxPackets=2518521 txBytes=291344260 txPackets=1895503 operations=0
D/NetworkManagementService( 1430):   [4] iface=rmnet_data7 uid=-1 set=ALL tag=0x0 rxBytes=90650 rxPackets=1148 txBytes=60158 txPackets=596 operations=0
D/NetworkManagementService( 1430):   [5] iface=lo uid=-1 set=ALL tag=0x0 rxBytes=2736430265 rxPackets=2331210 txBytes=2736430265 txPackets=2331210 operations=0
E/mm-camera-CORE(  487): dsps_process_response_gyro:738  dsps_process_response_gyro: Query request denied, error code = 5, QId_valid = 1, QueryId = 0x7d0a, AckNak_valid = 1, AckNak = 3
E/NativeDaemonConnector.ResponseQueue( 1430): more buffered than allowed: 10 >= 10
E/NativeDaemonConnector.ResponseQueue( 1430): Removing request: null (65053)
D/NetworkManagementService( 1430): hardware tether stats:NetworkStats: elapsedRealtime=928753315
D/NetworkManagementService( 1430): getNetworkStatsSummaryDev:NetworkStats: elapsedRealtime=928753326
D/NetworkManagementService( 1430):   [0] iface=tun0 uid=-1 set=ALL tag=0x0 rxBytes=407774269 rxPackets=421682 txBytes=27311430 txPackets=336824 operations=0
D/NetworkManagementService( 1430):   [1] iface=rmnet_data0 uid=-1 set=ALL tag=0x0 rxBytes=244372582 rxPackets=393936 txBytes=51549840 txPackets=363749 operations=0
D/NetworkManagementService( 1430):   [2] iface=rmnet_data6 uid=-1 set=ALL tag=0x0 rxBytes=390144 rxPackets=1967 txBytes=143388 txPackets=1985 operations=0
D/NetworkManagementService( 1430):   [3] iface=wlan0 uid=-1 set=ALL tag=0x0 rxBytes=2135953182 rxPackets=3712902 txBytes=318194689 txPackets=1906239 operations=0
D/NetworkManagementService( 1430):   [4] iface=rmnet_data7 uid=-1 set=ALL tag=0x0 rxBytes=90650 rxPackets=1148 txBytes=65496 txPackets=596 operations=0
D/NetworkManagementService( 1430):   [5] iface=lo uid=-1 set=ALL tag=0x0 rxBytes=2736430265 rxPackets=2331210 txBytes=2736430265 txPackets=2331210 operations=0
D/DataUsageService(25879): mStatsUpdateReceiver intent:Intent { act=com.android.server.action.NETWORK_STATS_UPDATED flg=0x40000010 }
D/DataUsageService(25879): checkNeedForceUpdate mLastNetworkData: 4514940422 newNetworkData: 4514940422
D/DataUsagePrefs(25879): getDataUsageShowFlow value:false
D/DataUsagePrefs(25879): getDataUsageExceptionRemain value:true
D/DataUsagePrefs(25879): getDataUsageMonitor value:true
D/DataUsageService(25879): needExceptionRemind needRemained:false
D/DataUsageService(25879): updateNotificationsLocked()
D/DataUsagePrefs(25879): getDataUsageMonitor value:true
D/DataUsagePrefs(25879): getIsNeedBgAutoCorrectedBySimId simId: 3 : false
E/mm-camera-CORE(  487): dsps_process_response_gyro:738  dsps_process_response_gyro: Query request denied, error code = 5, QId_valid = 1, QueryId = 0x7e0a, AckNak_valid = 1, AckNak = 3
E/mm-camera-CORE(  487): dsps_process_response_gyro:738  dsps_process_response_gyro: Query request denied, error code = 5, QId_valid = 1, QueryId = 0x7f0a, AckNak_valid = 1, AckNak = 3
D/DataFormatter(25879): Normal bytes 40192
D/DataUsageService(25879): NetSpeed 39.2K/s 
E/mm-camera-CORE(  487): dsps_process_response_gyro:738  dsps_process_response_gyro: Query request denied, error code = 5, QId_valid = 1, QueryId = 0x800a, AckNak_valid = 1, AckNak = 3
E/mm-camera-CORE(  487): dsps_process_response_gyro:738  dsps_process_response_gyro: Query request denied, error code = 5, QId_valid = 1, QueryId = 0x810a, AckNak_valid = 1, AckNak = 3
E/mm-camera-CORE(  487): dsps_process_response_gyro:738  dsps_process_response_gyro: Query request denied, error code = 5, QId_valid = 1, QueryId = 0x820a, AckNak_valid = 1, AckNak = 3
E/mm-camera-CORE(  487): dsps_process_response_gyro:738  dsps_process_response_gyro: Query request denied, error code = 5, QId_valid = 1, QueryId = 0x830a, AckNak_valid = 1, AckNak = 3
E/mm-camera-CORE(  487): dsps_process_response_gyro:738  dsps_process_response_gyro: Query request denied, error code = 5, QId_valid = 1, QueryId = 0x840a, AckNak_valid = 1, AckNak = 3
E/mm-camera-CORE(  487): dsps_process_response_gyro:738  dsps_process_response_gyro: Query request denied, error code = 5, QId_valid = 1, QueryId = 0x850a, AckNak_valid = 1, AckNak = 3
