I/UpSlideTransparentView( 2115): SystemUI|onRotationChanged, curr is 0, new is 1
I/UpSlideTransparentView( 2115): SystemUI|onCollapseFinished()
I/UpSlideHelper( 2115): SystemUI|onViewStateChanged to 1
I/UpSlideHelper( 2115): SystemUI|onViewStateChanged to 1
I/UpSlideHelper( 2115): SystemUI|onViewStateChanged to 4
I/RecentHelper( 2115): SystemUI|mCurrRotation = 0, newRotation = 1
V/WindowManager( 1430): Adding window Window{157f6e18 u0 com.victor.myclient/com.victor.myclient.xiaoyu.VideoActivity} at 10 of 17 (after Window{33688fa1 u0 com.victor.myclient/com.victor.myclient.view.Contact.ContactActivity})
I/StatusBarColorManager( 2115): SystemUI|isWholeTheme = false
D/KeyguardSmartWakeView( 2115): refreshDate
I/ImageDigitalClock( 2115): updateTime = 22:8
I/ImageDigitalClock( 2115): updateTime = 22:8
I/UpSlideTransparentView( 2115): SystemUI|onConfigurationChanged
I/WifiSwitcher( 2115): SystemUI|update wifi-button, TriState = 1
D/PhoneWindow(31950): DEBUG_SYSTEMUI:origin statusbar style 
D/PhoneWindow(31950): DEBUG_SYSTEMUI:windowDrawsFlag set
D/PhoneWindow(31950): DEBUG_SYSTEMUI:IconColor=1
D/PhoneWindow(31950): DEBUG_SYSTEMUI:StatusBarColor final set ff1cbde7
W/Settings( 2115): Setting airplane_mode_on has moved from android.provider.Settings.System to android.provider.Settings.Global, returning read-only value.
I/SIMAndNetworkHelper( 2115): SystemUI|isSIMInserted, slot = 0, mIsSIM1Insert = true, mIsSIM2Insert = true
I/SIMAndNetworkHelper( 2115): SystemUI|isSIMInserted, slot = 1, mIsSIM1Insert = true, mIsSIM2Insert = true
D/PhoneInterfaceManager( 2777): [PhoneIntfMgr] getDataEnabled: subId=3 phoneId=0
D/PhoneInterfaceManager( 2777): [PhoneIntfMgr] getDataEnabled: subId=3 retVal=false
D/TelephonyManager( 2115): getDataEnabled: retVal=false
D/ApnSwitcher( 2115): update Switcher_Data, on is false
D/SettingsProvider( 1430): lookupValue table system cache contains Key accelerometer_rotation , value = Bundle[{value=0}]
W/Settings( 2115): Setting airplane_mode_on has moved from android.provider.Settings.System to android.provider.Settings.Global, returning read-only value.
D/libc-netbsd(  441): _resolv_set_default_nameservers_for_net, 2063, return, not recovery mode
D/libc-netbsd(  441): _resolv_set_default_nameservers_for_net, 2063, return, not recovery mode
E/mm-camera-CORE(  487): dsps_process_response_gyro:738  dsps_process_response_gyro: Query request denied, error code = 5, QId_valid = 1, QueryId = 0x750a, AckNak_valid = 1, AckNak = 3
I/ViewRootImpl(31950): CPU Rendering VSync enable = true
I/PhoneStatusBar( 2115): PhoneStatusBar, onReceive, action = Intent { act=android.intent.action.CONFIGURATION_CHANGED flg=0x70000010 }
V/WindowManager( 1430): Adding window Window{288aae56 u0 com.victor.myclient/com.victor.myclient.xiaoyu.VideoActivity} at 10 of 17 (after Window{33688fa1 u0 com.victor.myclient/com.victor.myclient.view.Contact.ContactActivity})
D/manager disable: < ( 1430): BEGIN disableLocked(0, 0, android.os.Binder@3cc9183b, Window{288aae56 u0 com.victor.myclient/com.victor.myclient.xiaoyu.VideoActivity})
D/NetworkManagementService( 1430): hardware tether stats:NetworkStats: elapsedRealtime=928775661
E/NativeDaemonConnector.ResponseQueue( 1430): more buffered than allowed: 10 >= 10
E/NativeDaemonConnector.ResponseQueue( 1430): Removing request: null (65067)
D/NetworkManagementService( 1430): getNetworkStatsSummaryXt:NetworkStats: elapsedRealtime=928775673
D/NetworkManagementService( 1430):   [0] iface=tun0 uid=-1 set=ALL tag=0x0 rxBytes=407774269 rxPackets=421682 txBytes=27368369 txPackets=336587 operations=0
D/NetworkManagementService( 1430):   [1] iface=rmnet_data0 uid=-1 set=ALL tag=0x0 rxBytes=240040382 rxPackets=298022 txBytes=48601225 txPackets=363922 operations=0
D/NetworkManagementService( 1430):   [2] iface=rmnet_data6 uid=-1 set=ALL tag=0x0 rxBytes=381912 rxPackets=1820 txBytes=127508 txPackets=1985 operations=0
D/NetworkManagementService( 1430):   [3] iface=wlan0 uid=-1 set=ALL tag=0x0 rxBytes=2079671261 rxPackets=2518553 txBytes=291344861 txPackets=1895513 operations=0
D/NetworkManagementService( 1430):   [4] iface=rmnet_data7 uid=-1 set=ALL tag=0x0 rxBytes=90650 rxPackets=1148 txBytes=60158 txPackets=596 operations=0
D/NetworkManagementService( 1430):   [5] iface=lo uid=-1 set=ALL tag=0x0 rxBytes=2736691416 rxPackets=2331728 txBytes=2736691416 txPackets=2331728 operations=0
I/VolumePanel( 2115): SystemUI|updateSliderProgress(),  sc :  com.android.systemui.volume.VolumePanel$StreamControl@3e56389d sc.streamType: 0  progress: 4 sc.seekbarView.isEnabled: true
D/VolumePanel( 2115): updateSliderIcon, streamType:0 muted:false
I/PhoneStatusBar( 2115): SystemUI|isUpSlideDisabled: considerBarExpand = true, isDisabled = false, isBarExpanded = false, isKeyguardShowing = false
I/UpSlideHelper( 2115): SystemUI|isExpandDisabled() : isUpSlideDisabled = false, spsOn = false, mSpsClickedfalse
I/PhoneStatusBar( 2115): SystemUI|isUpSlideDisabled: considerBarExpand = false, isDisabled = false, isBarExpanded = false, isKeyguardShowing = false
I/UpSlideHelper( 2115): SystemUI|isExpandDisabled() : isUpSlideDisabled = false, spsOn = false, mSpsClickedfalse
I/UpSlideTransparentView( 2115): SystemUI|updateLayoutParams, isAnimationRunning = false, isExpandDisabled = false, force = true
I/UpSlideTransparentView( 2115): SystemUI|UpdateLayoutParams, touchable = true, focusable = false, mLps.width = 42, mLps.height = -1, force = true
D/DataUsageService(25879): mStatsUpdateReceiver intent:Intent { act=com.android.server.action.NETWORK_STATS_UPDATED flg=0x40000010 }
D/DataUsageService(25879): checkNeedForceUpdate mLastNetworkData: 4514940422 newNetworkData: 4514940422
D/DataUsagePrefs(25879): getDataUsageShowFlow value:false
D/DataUsagePrefs(25879): getDataUsageExceptionRemain value:true
D/DataUsagePrefs(25879): getDataUsageMonitor value:true
D/DataUsageService(25879): needExceptionRemind needRemained:false
D/DataUsageService(25879): updateNotificationsLocked()
D/DataUsagePrefs(25879): getDataUsageMonitor value:true
E/NativeDaemonConnector.ResponseQueue( 1430): more buffered than allowed: 10 >= 10
E/NativeDaemonConnector.ResponseQueue( 1430): Removing request: null (65068)
D/NetworkManagementService( 1430): hardware tether stats:NetworkStats: elapsedRealtime=928775673
D/NetworkManagementService( 1430): getNetworkStatsSummaryDev:NetworkStats: elapsedRealtime=928775683
D/NetworkManagementService( 1430):   [0] iface=tun0 uid=-1 set=ALL tag=0x0 rxBytes=407774269 rxPackets=421682 txBytes=27311430 txPackets=336824 operations=0
D/NetworkManagementService( 1430):   [1] iface=rmnet_data0 uid=-1 set=ALL tag=0x0 rxBytes=244372582 rxPackets=393936 txBytes=51549840 txPackets=363749 operations=0
D/NetworkManagementService( 1430):   [2] iface=rmnet_data6 uid=-1 set=ALL tag=0x0 rxBytes=390144 rxPackets=1967 txBytes=143388 txPackets=1985 operations=0
D/NetworkManagementService( 1430):   [3] iface=wlan0 uid=-1 set=ALL tag=0x0 rxBytes=2135955788 rxPackets=3712935 txBytes=318195504 txPackets=1906250 operations=0
D/NetworkManagementService( 1430):   [4] iface=rmnet_data7 uid=-1 set=ALL tag=0x0 rxBytes=90650 rxPackets=1148 txBytes=65496 txPackets=596 operations=0
D/NetworkManagementService( 1430):   [5] iface=lo uid=-1 set=ALL tag=0x0 rxBytes=2736691868 rxPackets=2331730 txBytes=2736691868 txPackets=2331730 operations=0
D/DataUsagePrefs(25879): getIsNeedBgAutoCorrectedBySimId simId: 3 : false
I/SimpleVideoView(31950): layout cell count 0
I/SimpleVideoView(31950): layout local item
W/UI      (31950): 2017-05-31 22:08:40.668 (551259444) 21714 [W][UI] - EglHelper: start() tid=67608
W/UI      (31950): 2017-05-31 22:08:40.674 (551259450) 21714 [W][UI] - EglHelper: createContext com.google.android.gles_jni.EGLContextImpl@54560306 tid=67608
W/UI      (31950): 2017-05-31 22:08:40.674 (551259450) 21714 [W][UI] - EglHelper: createSurface()  tid=67608
W/UI      (31950): 2017-05-31 22:08:40.674 (551259450) 21714 [W][UI] - EglHelper: destroySurfaceImp()  tid=67608 mEglSurface::::null  mEglDisplay::: com.google.android.gles_jni.EGLDisplayImpl@210  mEgl : com.google.android.gles_jni.EGLImpl@2b917bb3
I/MP      (31950): 2017-05-31 22:08:40.676 (551259453) 21714 [I][MP] - glrender(0xabaa44b8) Program Build OK
I/MP      (31950): 2017-05-31 22:08:40.676 (551259453) 21714 [I][MP] - glrender(0xabaa44b8) glGetAttribLocation("position") = 0
I/MP      (31950): 2017-05-31 22:08:40.676 (551259453) 21714 [I][MP] - glrender(0xabaa44b8) glGetAttribLocation("inTexcoord") = 1
I/MP      (31950): 2017-05-31 22:08:40.677 (551259453) 21714 [I][MP] - VideoRender 0xabaa4488 created, glrender: 0xabaa44b8
I/MP      (31950): 2017-05-31 22:08:40.677 (551259453) 21714 [I][MP] - VideoRender 0xabaa4488 set data source LocalPreviewID
I/MP      (31950): 2017-05-31 22:08:40.677 (551259453) 21714 [I][MP] - glrender(0xabaa44b8) draw frame 0
I/WindowManager( 1430): isKeyguardShowing = false, mKeyguardWindow.mAttrs.privateFlags = 0
I/ActivityManager( 1430): Displayed com.victor.myclient/.xiaoyu.VideoActivity: +189ms
I/SimpleVideoView(31950): layout cell count 0
I/SimpleVideoView(31950): layout local item
E/mm-camera-CORE(  487): dsps_process_response_gyro:738  dsps_process_response_gyro: Query request denied, error code = 5, QId_valid = 1, QueryId = 0x760a, AckNak_valid = 1, AckNak = 3
I/WindowManager( 1430): Screen frozen for +194ms due to Window{394da6dc u0 UpSlideTransparentView}
I/Timeline(31950): Timeline: Activity_idle id: android.os.BinderProxy@10e6a1 time:551259500
I/Timeline(31950): Timeline: Activity_idle id: android.os.BinderProxy@10e6a1 time:551259500
E/mm-camera-CORE(  487): dsps_process_response_gyro:738  dsps_process_response_gyro: Query request denied, error code = 5, QId_valid = 1, QueryId = 0x770a, AckNak_valid = 1, AckNak = 3
E/mm-camera-CORE(  487): dsps_process_response_gyro:738  dsps_process_response_gyro: Query request denied, error code = 5, QId_valid = 1, QueryId = 0x780a, AckNak_valid = 1, AckNak = 3
E/NativeDaemonConnector.ResponseQueue( 1430): more buffered than allowed: 10 >= 10
E/NativeDaemonConnector.ResponseQueue( 1430): Removing request: null (65071)
D/NetworkManagementService( 1430): hardware tether stats:NetworkStats: elapsedRealtime=928775925
D/NetworkManagementService( 1430): getNetworkStatsSummaryXt:NetworkStats: elapsedRealtime=928775938
D/NetworkManagementService( 1430):   [0] iface=tun0 uid=-1 set=ALL tag=0x0 rxBytes=407774269 rxPackets=421682 txBytes=27368369 txPackets=336587 operations=0
D/NetworkManagementService( 1430):   [1] iface=rmnet_data0 uid=-1 set=ALL tag=0x0 rxBytes=240040382 rxPackets=298022 txBytes=48601225 txPackets=363922 operations=0
D/NetworkManagementService( 1430):   [2] iface=rmnet_data6 uid=-1 set=ALL tag=0x0 rxBytes=381912 rxPackets=1820 txBytes=127508 txPackets=1985 operations=0
D/NetworkManagementService( 1430):   [3] iface=wlan0 uid=-1 set=ALL tag=0x0 rxBytes=2079681033 rxPackets=2518567 txBytes=291346839 txPackets=1895529 operations=0
D/NetworkManagementService( 1430):   [4] iface=rmnet_data7 uid=-1 set=ALL tag=0x0 rxBytes=90650 rxPackets=1148 txBytes=60158 txPackets=596 operations=0
D/NetworkManagementService( 1430):   [5] iface=lo uid=-1 set=ALL tag=0x0 rxBytes=2737035372 rxPackets=2331756 txBytes=2737035372 txPackets=2331756 operations=0
E/NativeDaemonConnector.ResponseQueue( 1430): more buffered than allowed: 10 >= 10
E/NativeDaemonConnector.ResponseQueue( 1430): Removing request: null (65072)
D/NetworkManagementService( 1430): hardware tether stats:NetworkStats: elapsedRealtime=928775939
D/NetworkManagementService( 1430): getNetworkStatsSummaryDev:NetworkStats: elapsedRealtime=928775952
D/NetworkManagementService( 1430):   [0] iface=tun0 uid=-1 set=ALL tag=0x0 rxBytes=407774269 rxPackets=421682 txBytes=27311430 txPackets=336824 operations=0
D/NetworkManagementService( 1430):   [1] iface=rmnet_data0 uid=-1 set=ALL tag=0x0 rxBytes=244372582 rxPackets=393936 txBytes=51549840 txPackets=363749 operations=0
D/NetworkManagementService( 1430):   [2] iface=rmnet_data6 uid=-1 set=ALL tag=0x0 rxBytes=390144 rxPackets=1967 txBytes=143388 txPackets=1985 operations=0
D/NetworkManagementService( 1430):   [3] iface=wlan0 uid=-1 set=ALL tag=0x0 rxBytes=2135965764 rxPackets=3712949 txBytes=318197698 txPackets=1906266 operations=0
D/NetworkManagementService( 1430):   [4] iface=rmnet_data7 uid=-1 set=ALL tag=0x0 rxBytes=90650 rxPackets=1148 txBytes=65496 txPackets=596 operations=0
D/NetworkManagementService( 1430):   [5] iface=lo uid=-1 set=ALL tag=0x0 rxBytes=2737035424 rxPackets=2331757 txBytes=2737035424 txPackets=2331757 operations=0
D/DataUsageService(25879): mStatsUpdateReceiver intent:Intent { act=com.android.server.action.NETWORK_STATS_UPDATED flg=0x40000010 }
D/DataUsageService(25879): checkNeedForceUpdate mLastNetworkData: 4514940422 newNetworkData: 4514940422
D/DataUsageService(25879): checkNeedForceUpdate forceUpdateStats
D/DataUsagePrefs(25879): getDataUsageShowFlow value:false
D/DataUsagePrefs(25879): getDataUsageExceptionRemain value:true
D/DataUsagePrefs(25879): getDataUsageMonitor value:true
D/DataUsageService(25879): needExceptionRemind needRemained:false
D/DataUsageService(25879): updateNotificationsLocked()
D/DataUsagePrefs(25879): getDataUsageMonitor value:true
D/DataUsagePrefs(25879): getIsNeedBgAutoCorrectedBySimId simId: 3 : false
I/MP      (31950): 2017-05-31 22:08:40.966 (551259742) 21714 [I][MP] - glrender(0xabaa44b8) draw frame 5
E/mm-camera-CORE(  487): dsps_process_response_gyro:738  dsps_process_response_gyro: Query request denied, error code = 5, QId_valid = 1, QueryId = 0x790a, AckNak_valid = 1, AckNak = 3
D/NetworkManagementService( 1430): hardware tether stats:NetworkStats: elapsedRealtime=928776028
E/NativeDaemonConnector.ResponseQueue( 1430): more buffered than allowed: 10 >= 10
E/NativeDaemonConnector.ResponseQueue( 1430): Removing request: null (65075)
D/NetworkManagementService( 1430): getNetworkStatsSummaryXt:NetworkStats: elapsedRealtime=928776039
D/NetworkManagementService( 1430):   [0] iface=tun0 uid=-1 set=ALL tag=0x0 rxBytes=407774269 rxPackets=421682 txBytes=27368369 txPackets=336587 operations=0
D/NetworkManagementService( 1430):   [1] iface=rmnet_data0 uid=-1 set=ALL tag=0x0 rxBytes=240040382 rxPackets=298022 txBytes=48601225 txPackets=363922 operations=0
D/NetworkManagementService( 1430):   [2] iface=rmnet_data6 uid=-1 set=ALL tag=0x0 rxBytes=381912 rxPackets=1820 txBytes=127508 txPackets=1985 operations=0
D/NetworkManagementService( 1430):   [3] iface=wlan0 uid=-1 set=ALL tag=0x0 rxBytes=2079681597 rxPackets=2518569 txBytes=291348111 txPackets=1895532 operations=0
D/NetworkManagementService( 1430):   [4] iface=rmnet_data7 uid=-1 set=ALL tag=0x0 rxBytes=90650 rxPackets=1148 txBytes=60158 txPackets=596 operations=0
D/NetworkManagementService( 1430):   [5] iface=lo uid=-1 set=ALL tag=0x0 rxBytes=2737314868 rxPackets=2331768 txBytes=2737314868 txPackets=2331768 operations=0
E/NativeDaemonConnector.ResponseQueue( 1430): more buffered than allowed: 10 >= 10
E/NativeDaemonConnector.ResponseQueue( 1430): Removing request: null (65076)
D/NetworkManagementService( 1430): hardware tether stats:NetworkStats: elapsedRealtime=928776040
D/NetworkManagementService( 1430): getNetworkStatsSummaryDev:NetworkStats: elapsedRealtime=928776052
D/NetworkManagementService( 1430):   [0] iface=tun0 uid=-1 set=ALL tag=0x0 rxBytes=407774269 rxPackets=421682 txBytes=27311430 txPackets=336824 operations=0
D/NetworkManagementService( 1430):   [1] iface=rmnet_data0 uid=-1 set=ALL tag=0x0 rxBytes=244372582 rxPackets=393936 txBytes=51549840 txPackets=363749 operations=0
D/NetworkManagementService( 1430):   [2] iface=rmnet_data6 uid=-1 set=ALL tag=0x0 rxBytes=390144 rxPackets=1967 txBytes=143388 txPackets=1985 operations=0
D/NetworkManagementService( 1430):   [3] iface=wlan0 uid=-1 set=ALL tag=0x0 rxBytes=2135966060 rxPackets=3712951 txBytes=318198946 txPackets=1906268 operations=0
D/NetworkManagementService( 1430):   [4] iface=rmnet_data7 uid=-1 set=ALL tag=0x0 rxBytes=90650 rxPackets=1148 txBytes=65496 txPackets=596 operations=0
D/NetworkManagementService( 1430):   [5] iface=lo uid=-1 set=ALL tag=0x0 rxBytes=2737314920 rxPackets=2331769 txBytes=2737314920 txPackets=2331769 operations=0
D/DataUsageService(25879): mStatsUpdateReceiver intent:Intent { act=com.android.server.action.NETWORK_STATS_UPDATED flg=0x40000010 }
D/DataUsageService(25879): forceUpdateStats onPostExecute
D/DataUsageService(25879): checkNeedForceUpdate mLastNetworkData: 4514940422 newNetworkData: 4514940422
D/DataUsagePrefs(25879): getDataUsageShowFlow value:false
D/DataUsagePrefs(25879): getDataUsageExceptionRemain value:true
D/DataUsagePrefs(25879): getDataUsageMonitor value:true
D/DataUsageService(25879): needExceptionRemind needRemained:false
D/DataUsageService(25879): updateNotificationsLocked()
D/DataUsagePrefs(25879): getDataUsageMonitor value:true
D/DataUsagePrefs(25879): getIsNeedBgAutoCorrectedBySimId simId: 3 : false
I/UI      (31950): 2017-05-31 22:08:41.038 (551259815) 4636 [I][UI] - HttpConnector: GET 200 /api/rest/v3/en/sdk/callUrlInfo
I/Rxbus   (31950): postSticky: Msg{what: 3000, arg1: -2147483648, arg2: -2147483648, obj: 20115996@HARD, bundle: {null}}
I/UI      (31950): 2017-05-31 22:08:41.040 (551259816) 21707 [I][UI] - NemoSDK: handleCallUrlResponse uri info CallUrlInfoRestData{callUrl='20115996@HARD', callNumber='217098', avatar='', displayName='', numberType='NEMO', enablePwd=false, deviceId=20115996, dialNumber='null'}
I/UI      (31950): 2017-05-31 22:08:41.041 (551259817) 32189 [I][UI] - CallModule: caller number is +86-10010229096
I/UI      (31950): 2017-05-31 22:08:41.041 (551259817) 21707 [I][UI] - NemoSDK: get handleCallUrlResponse url success
D/RTCSDK  (31950): 2017-05-31 22:08:41.041 (551259817) 32189 [D][RTCSDK] - java2sdk, function(prepareCall), para()
D/RTCSDK  (31950): 2017-05-31 22:08:41.041 (551259818) 32189 [D][RTCSDK] - java2sdk, result({ "callIndex": 8 })
I/UI      (31950): 2017-05-31 22:08:41.044 (551259820) 32189 [I][UI] - CameraHolder: openCamera Enter
I/UI      (31950): 2017-05-31 22:08:41.044 (551259821) 32189 [I][UI] - CallModuleProcessor: onSessionCreated: session size 1
I/UI      (31950): 2017-05-31 22:08:41.044 (551259821) 32196 [I][UI] - CameraHandler: handleMessage 0
W/UI      (31950): 2017-05-31 22:08:41.045 (551259821) 32196 [W][UI] - CameraHandler: ignore open camera request since camera was open already.
D/RTCSDK  (31950): 2017-05-31 22:08:41.046 (551259822) 32189 [D][RTCSDK] - java2sdk, function(makeCall), para({"callIndex":8,"localType":"app_contact","tel":" ","uri":"20115996@HARD","callmode":"CallMode_AudioVideo","append":"{\"caller_number\":\"10010229096\"}","peertype":"PeerType_Peer"})
D/RTCSDK  (31950): 2017-05-31 22:08:41.046 (551259822) 32189 [D][RTCSDK] - _context.makeCall enter
I/RTCSDK  (31950): 2017-05-31 22:08:41.046 (551259822) 32163 [I][RTCSDK] - CallManager::makeCall remote(20115996@HARD), callIndex 8, call mode 0, toAdded:, liveId:, moreUris:
I/RTCSDK  (31950): 2017-05-31 22:08:41.046 (551259822) 32163 [I][RTCSDK] - RGen: construct, needRoster = 0
I/RTCSDK  (31950): 2017-05-31 22:08:41.046 (551259822) 32163 [I][RTCSDK] - LMA::construct(), 0xab6ff284, version: 1.0.1
I/RTCSDK  (31950): 2017-05-31 22:08:41.046 (551259823) 32163 [I][RTCSDK] - VOMA::construct(), 0xab6ff378, version: 1.0.1
D/RTCSDK  (31950): 2017-05-31 22:08:41.046 (551259823) 32163 [D][RTCSDK] - consruct media session this=0xab6b94b8
I/RTCSDK  (31950): 2017-05-31 22:08:41.047 (551259823) 32163 [I][RTCSDK] - LM: isCustomLayout = 0
I/RTCSDK  (31950): 2017-05-31 22:08:41.047 (551259823) 32163 [I][RTCSDK] - VOM(P): constructed
D/RTCSDK  (31950): 2017-05-31 22:08:41.047 (551259823) 32163 [D][RTCSDK] - consruct media session this=0xab702430
I/RTCSDK  (31950): 2017-05-31 22:08:41.047 (551259823) 32163 [I][RTCSDK] - LM: isCustomLayout = 0
I/RTCSDK  (31950): 2017-05-31 22:08:41.047 (551259823) 32163 [I][RTCSDK] - VOM(C): constructed
I/RTCSDK  (31950): 2017-05-31 22:08:41.047 (551259823) 32163 [I][RTCSDK] - CallSession constuctor
I/RTCSDK  (31950): 2017-05-31 22:08:41.047 (551259823) 32163 [I][RTCSDK] - CallManager::makeCall add call session 8
I/RTCSDK  (31950): 2017-05-31 22:08:41.047 (551259823) 32163 [I][RTCSDK] - enableStartPipeline 1
I/RTCSDK  (31950): 2017-05-31 22:08:41.047 (551259823) 32163 [I][RTCSDK] - DBA update call mode to 0
I/RTCSDK  (31950): 2017-05-31 22:08:41.047 (551259823) 32163 [I][RTCSDK] - >>>VOMA::updateCallMode() enter, 0 -> 0
I/RTCSDK  (31950): 2017-05-31 22:08:41.047 (551259823) 32163 [I][RTCSDK] - VOMA: bwsplit t:512000, p:512000, c:0
I/RTCSDK  (31950): 2017-05-31 22:08:41.047 (551259824) 32163 [I][RTCSDK] - VOM(C): param:
I/RTCSDK  (31950): {
I/RTCSDK  (31950): 	init:0, update:0, start:0, cmode:1, resfirst:1, mcureq:0, bw:0
I/RTCSDK  (31950): 	maxcap:{1920x1080, 15.0fps, max:0bps, cur:0bps}
I/RTCSDK  (31950): 	encgroup:[{1920x1080, 15.0fps, max:0bps, cur:0bps}, {1280x 720,  5.0fps, max:0bps, cur:0bps}]
I/RTCSDK  (31950): 	SCPBWN:[]
I/RTCSDK  (31950): }
W/RTCSDK  (31950): 2017-05-31 22:08:41.047 (551259824) 32163 [W][RTCSDK] - VOM(C): skip calculate, param is not initialized
I/RTCSDK  (31950): 2017-05-31 22:08:41.047 (551259824) 32163 [I][RTCSDK] - VOM(P): param:
I/RTCSDK  (31950): {
I/RTCSDK  (31950): 	init:0, update:0, start:0, cmode:0, resfirst:1, mcureq:0, bw:512000
I/RTCSDK  (31950): 	maxcap:{ 640x 360, 15.0fps, max:0bps, cur:0bps}
I/RTCSDK  (31950): 	encgroup:[{ 640x 360, 15.0fps, max:0bps, cur:0bps}, { 320x 180, 15.0fps, max:0bps, cur:0bps}]
I/RTCSDK  (31950): 	SCPBWN:[]
I/RTCSDK  (31950): }
W/RTCSDK  (31950): 2017-05-31 22:08:41.047 (551259824) 32163 [W][RTCSDK] - VOM(P): skip calculate, param is not initialized
I/RTCSDK  (31950): 2017-05-31 22:08:41.048 (551259824) 32163 [I][RTCSDK] - VOMA: update expected bandwidth 0 -> 512000
I/RTCSDK  (31950): 2017-05-31 22:08:41.048 (551259824) 32163 [I][RTCSDK] - DBA exp vtx change to 512000
I/RTCSDK  (31950): 2017-05-31 22:08:41.048 (551259824) 32163 [I][RTCSDK] - DBA change network type to 1
I/RTCSDK  (31950): 2017-05-31 22:08:41.048 (551259824) 32163 [I][RTCSDK] - DBA update bitrate1 set value=1703936
E/RTCSDK  (31950): 2017-05-31 22:08:41.048 (551259824) 32163 [E][RTCSDK] - not find rtcp session to sending tmmbr message int call 8!
E/RTCSDK  (31950): 2017-05-31 22:08:41.048 (551259824) 32163 [E][RTCSDK] - DBA send dbr not find rtcp seesion
I/RTCSDK  (31950): 2017-05-31 22:08:41.048 (551259824) 32163 [I][RTCSDK] - DBA send MAX uplink bw ind, seq = 1, bitrate = 641088
I/RTCSDK  (31950): 2017-05-31 22:08:41.048 (551259824) 32163 [I][RTCSDK] - <<<VOMA::updateCallMode() exit
W/RTCSDK  (31950): 2017-05-31 22:08:41.048 (551259824) 32163 [W][RTCSDK] - RGen: info is not initialized
I/RTCSDK  (31950): 2017-05-31 22:08:41.048 (551259824) 32163 [I][RTCSDK] - LM::updateCallMode(), content, CallMode_AudioVideo
I/RTCSDK  (31950): 2017-05-31 22:08:41.048 (551259824) 32163 [I][RTCSDK] - LM: content calcparam begin:{
I/RTCSDK  (31950): 	type:9, mode:0, calc:LCContent,screenNum:1, visableNum:1, resourceNum:0
I/RTCSDK  (31950): 	cpe:1, cpa:0, cse:1, csa:0, cshow:0, cthumb:0, cspid:16843898
I/RTCSDK  (31950): 	chm:0, cha:0, pom:0, poa:0, pocnt:0, poitvl:0, churi:
I/RTCSDK  (31950): 	cmd:0, ice:0, obv:0, auo:0, recod:0, rlycnt:0, peer:
I/RTCSDK  (31950): 	ssrc:0, bw:0, force:0, speaker:0, speakerts:0
I/RTCSDK  (31950): 	caplimit:{1920x1080, 30.0fps, max:0bps, cur:0bps}
I/RTCSDK  (31950): 	curlayout:{}
I/RTCSDK  (31950): 	history:{}
I/RTCSDK  (31950): } calcparam end
I/RTCSDK  (31950): 2017-05-31 22:08:41.048 (551259824) 32163 [I][RTCSDK] - LM::calculateExpectedLayout() content used 0ms
I/RTCSDK  (31950): 2017-05-31 22:08:41.048 (551259824) 32163 [I][RTCSDK] - LM::updateCallMode(), people, CallMode_AudioVideo
I/RTCSDK  (31950): 2017-05-31 22:08:41.049 (551259826) 32163 [I][RTCSDK] - LM: people calcparam begin:{
I/RTCSDK  (31950): 	type:9, mode:0, calc:LCNS,screenNum:1, visableNum:5, resourceNum:0
I/RTCSDK  (31950): 	cpe:1, cpa:0, cse:1, csa:0, cshow:0, cthumb:0, cspid:0
I/RTCSDK  (31950): 	chm:0, cha:0, pom:0, poa:0, pocnt:0, poitvl:0, churi:
I/RTCSDK  (31950): 	cmd:0, ice:0, obv:0, auo:0, recod:0, rlycnt:0, peer:
I/RTCSDK  (31950): 	ssrc:0, bw:0, force:0, speaker:0, speakerts:0
I/RTCSDK  (31950): 	caplimit:{1280x 720, 15.0fps, max:0bps, cur:0bps}
I/RTCSDK  (31950): 	curlayout:{}
I/RTCSDK  (31950): 	history:{}
I/RTCSDK  (31950): } calcparam end
I/RTCSDK  (31950): 2017-05-31 22:08:41.049 (551259826) 32163 [I][RTCSDK] - LM::calculateExpectedLayout(), people, used 1ms
I/RTCSDK  (31950): 2017-05-31 22:08:41.049 (551259826) 32163 [I][RTCSDK] - LMA: bwsplit result t:0, p:0, c:0
I/RTCSDK  (31950): 2017-05-31 22:08:41.049 (551259826) 32163 [I][RTCSDK] - LM::updateRecvBandwidth(), content, 0
I/RTCSDK  (31950): 2017-05-31 22:08:41.050 (551259826) 32163 [I][RTCSDK] - LM: content calcparam begin:{
I/RTCSDK  (31950): 	type:9, mode:0, calc:LCContent,screenNum:1, visableNum:1, resourceNum:0
I/RTCSDK  (31950): 	cpe:1, cpa:0, cse:1, csa:0, cshow:0, cthumb:0, cspid:16843898
I/RTCSDK  (31950): 	chm:0, cha:0, pom:0, poa:0, pocnt:0, poitvl:0, churi:
I/RTCSDK  (31950): 	cmd:0, ice:0, obv:0, auo:0, recod:0, rlycnt:0, peer:
I/RTCSDK  (31950): 	ssrc:0, bw:0, force:0, speaker:0, speakerts:0
I/RTCSDK  (31950): 	caplimit:{1920x1080, 30.0fps, max:0bps, cur:0bps}
I/RTCSDK  (31950): 	curlayout:{}
I/RTCSDK  (31950): 	history:{}
I/RTCSDK  (31950): } calcparam end
I/RTCSDK  (31950): 2017-05-31 22:08:41.050 (551259826) 32163 [I][RTCSDK] - LM::calculateExpectedLayout() content used 0ms
I/RTCSDK  (31950): 2017-05-31 22:08:41.050 (551259826) 32163 [I][RTCSDK] - LMA: startTimer -1419871544
I/RTCSDK  (31950): 2017-05-31 22:08:41.050 (551259826) 32163 [I][RTCSDK] - LM::processLayoutResult(), content, used 0ms
I/RTCSDK  (31950): 2017-05-31 22:08:41.050 (551259826) 32163 [I][RTCSDK] - LM::updateRecvBandwidth(), people, 0
I/RTCSDK  (31950): 2017-05-31 22:08:41.050 (551259826) 32163 [I][RTCSDK] - LM: people calcparam begin:{
I/RTCSDK  (31950): 	type:9, mode:0, calc:LCNS,screenNum:1, visableNum:5, resourceNum:0
I/RTCSDK  (31950): 	cpe:1, cpa:0, cse:1, csa:0, cshow:0, cthumb:0, cspid:0
I/RTCSDK  (31950): 	chm:0, cha:0, pom:0, poa:0, pocnt:0, poitvl:0, churi:
I/RTCSDK  (31950): 	cmd:0, ice:0, obv:0, auo:0, recod:0, rlycnt:0, peer:
I/RTCSDK  (31950): 	ssrc:0, bw:0, force:0, speaker:0, speakerts:0
I/RTCSDK  (31950): 	caplimit:{1280x 720, 15.0fps, max:0bps, cur:0bps}
I/RTCSDK  (31950): 	curlayout:{}
I/RTCSDK  (31950): 	history:{}
I/RTCSDK  (31950): } calcparam end
I/RTCSDK  (31950): 2017-05-31 22:08:41.050 (551259826) 32163 [I][RTCSDK] - LM::calculateExpectedLayout(), people, used 0ms
I/RTCSDK  (31950): 2017-05-31 22:08:41.050 (551259826) 32163 [I][RTCSDK] - LM::processLayoutResult(), people, used 0ms
I/RTCSDK  (31950): 2017-05-31 22:08:41.050 (551259826) 32163 [I][RTCSDK] - MediaController::changeCallMode 0
I/CC      (31950): 2017-05-31 22:08:41.050 (551259826) 32163 [I][CC] - Enter, CallController::callMake, callIndex=8, localUri=, remoteUri=20115996@HARD, callMode=0, isCaller=1, moreUris size=0, associatedEntity=, hideId=, groupCall=0, telNo=, telCallLength=0, bNotCharging=0
D/CC      (31950): 2017-05-31 22:08:41.050 (551259826) 32163 [D][CC] - Enter, CallManager::processCallMake, 
I/CC      (31950): 2017-05-31 22:08:41.050 (551259826) 32163 [I][CC] - Enter, CallManager::checkDialString, dial string:20115996@HARD
I/CC      (31950): 2017-05-31 22:08:41.050 (551259826) 32163 [I][CC] - Exit, CallManager::checkDialString
D/CC      (31950): 2017-05-31 22:08:41.050 (551259826) 32163 [D][CC] - Enter, CallManager::checkCallBehavior, call size:0
D/CC      (31950): 2017-05-31 22:08:41.050 (551259826) 32163 [D][CC] - Exit, CallManager::checkCallBehavior
I/CC      (31950): 2017-05-31 22:08:41.050 (551259826) 32163 [I][CC] - CallManager::processCallMake, make new call
D/CC      (31950): 2017-05-31 22:08:41.050 (551259827) 32163 [D][CC] - CallManager::getCallByIndex, NULL
D/CC      (31950): 2017-05-31 22:08:41.050 (551259827) 32163 [D][CC] - Enter, Call::dialCall, strUri:20115996@HARD,rate:1024,callMode:0,resTO:60000
I/CC      (31950): 2017-05-31 22:08:41.051 (551259827) 32163 [I][CC] - Enter, CapsSet::makeLocalFullCaps, 
D/CC      (31950): 2017-05-31 22:08:41.052 (551259828) 32163 [D][CC] - Enter, CapsSet::initCaps, 
D/CC      (31950): 2017-05-31 22:08:41.052 (551259828) 32163 [D][CC] - Exit, CapsSet::initCaps
I/CC      (31950): 2017-05-31 22:08:41.052 (551259828) 32163 [I][CC] - Exit, CapsSet::makeLocalFullCaps
I/UI      (31950): 2017-05-31 22:08:41.052 (551259829) 4934 [I][UI] - HttpConnector: GET 200 /api/rest/v3/en/sdk/callUrlInfo
I/Rxbus   (31950): postSticky: Msg{what: 3000, arg1: -2147483648, arg2: -2147483648, obj: 20115996@HARD, bundle: {null}}
I/CC      (31950): 2017-05-31 22:08:41.053 (551259830) 32163 [I][CC] - Enter, CapabilityManager::makeMediaListFromCaps, 
D/CC      (31950): 2017-05-31 22:08:41.053 (551259830) 32163 [D][CC] - Enter, CapabilityManager::buildAudioDef, 
D/CC      (31950): 2017-05-31 22:08:41.054 (551259830) 32163 [D][CC] - Exit, CapabilityManager::buildAudioDef
D/CC      (31950): 2017-05-31 22:08:41.054 (551259830) 32163 [D][CC] - Enter, CapabilityManager::buildAudioDef, 
D/CC      (31950): 2017-05-31 22:08:41.054 (551259830) 32163 [D][CC] - Exit, CapabilityManager::buildAudioDef
D/CC      (31950): 2017-05-31 22:08:41.054 (551259830) 32163 [D][CC] - Enter, CapabilityManager::buildVideoPeopleDef, 
D/CC      (31950): 2017-05-31 22:08:41.054 (551259830) 32163 [D][CC] - Exit, CapabilityManager::buildVideoPeopleDef
D/CC      (31950): 2017-05-31 22:08:41.054 (551259830) 32163 [D][CC] - Enter, CapabilityManager::buildFeccDef, 
D/CC      (31950): 2017-05-31 22:08:41.054 (551259830) 32163 [D][CC] - Exit, CapabilityManager::buildFeccDef
D/CC      (31950): 2017-05-31 22:08:41.054 (551259830) 32163 [D][CC] - Enter, CapabilityManager::buildContentAudioDef, 
D/CC      (31950): 2017-05-31 22:08:41.054 (551259830) 32163 [D][CC] - Exit, CapabilityManager::buildContentAudioDef
D/CC      (31950): 2017-05-31 22:08:41.054 (551259830) 32163 [D][CC] - Enter, CapabilityManager::buildContentVideoDef, 
D/CC      (31950): 2017-05-31 22:08:41.054 (551259830) 32163 [D][CC] - Exit, CapabilityManager::buildContentVideoDef
D/CC      (31950): 2017-05-31 22:08:41.054 (551259830) 32163 [D][CC] - Enter, CapabilityManager::buildContentFeccDef, 
D/CC      (31950): 2017-05-31 22:08:41.054 (551259830) 32163 [D][CC] - Exit, CapabilityManager::buildContentFeccDef
I/CC      (31950): 2017-05-31 22:08:41.054 (551259830) 32163 [I][CC] - CapabilityManager::makeMediaListFromCaps, media count:6
I/CC      (31950): 2017-05-31 22:08:41.054 (551259830) 32163 [I][CC] - Exit, CapabilityManager::makeMediaListFromCaps
D/CC      (31950): 2017-05-31 22:08:41.054 (551259830) 32163 [D][CC] - Enter, Call::allocateLocalPorts, addr:192.168.137.103
D/CC      (31950): 2017-05-31 22:08:41.054 (551259830) 32163 [D][CC] - Enter, PortMaker::allocatPort, localAddr:192.168.137.103, startPort: 5240, endPort 5340
D/CC      (31950): 2017-05-31 22:08:41.054 (551259830) 32163 [D][CC] - Enter, PortMaker::portBindTest, localAddr:192.168.137.103, port:5240
D/BOOAT   (31950): 2017-05-31 22:08:41.054 (551259830) 32163 [D][BOOAT] - socket created: ip=192.168.137.103, port=5240, retuslt=1, socket=110
D/BOOAT   (31950): 2017-05-31 22:08:41.054 (551259830) 32163 [D][BOOAT] - socket closed: socket=110
D/CC      (31950): 2017-05-31 22:08:41.054 (551259830) 32163 [D][CC] - PortMaker::portBindTest, UDP
I/UI      (31950): 2017-05-31 22:08:41.054 (551259830) 21716 [I][UI] - NemoSDK: handleCallUrlResponse uri info CallUrlInfoRestData{callUrl='20115996@HARD', callNumber='217098', avatar='', displayName='', numberType='NEMO', enablePwd=false, deviceId=20115996, dialNumber='null'}
D/CC      (31950): 2017-05-31 22:08:41.054 (551259830) 32163 [D][CC] - Exit, PortMaker::portBindTest
D/CC      (31950): 2017-05-31 22:08:41.054 (551259830) 32163 [D][CC] - PortMaker::allocatPort, current port: 5240
D/CC      (31950): 2017-05-31 22:08:41.054 (551259830) 32163 [D][CC] - Exit, PortMaker::allocatPort
D/CC      (31950): 2017-05-31 22:08:41.054 (551259830) 32163 [D][CC] - Call::allocateLocalPorts, audio port=5240,video port=5240,fecc port=5240
D/CC      (31950): 2017-05-31 22:08:41.054 (551259830) 32163 [D][CC] - Exit, Call::allocateLocalPorts
I/CC      (31950): 2017-05-31 22:08:41.054 (551259831) 32163 [I][CC] - [STKSIG]Enter,SigStack::sigCallMake: uri 20115996@HARD
I/CC      (31950): 2017-05-31 22:08:41.054 (551259831) 32163 [I][CC] - [STKSIG]SigStack::sigGetSigCall: SigCall not found for handle=-1
I/CC      (31950): 2017-05-31 22:08:41.054 (551259831) 32163 [I][CC] - [STKSIG]Enter,SigStack::sigCallNew
I/UI      (31950): 2017-05-31 22:08:41.054 (551259831) 21716 [I][UI] - NemoSDK: get handleCallUrlResponse url success
D/CC      (31950): 2017-05-31 22:08:41.054 (551259831) 32163 [D][CC] - [STKSIG]SigCall created: bd609908-b29e-1001-91f4-ed55c9fdc1a1
I/CC      (31950): 2017-05-31 22:08:41.054 (551259831) 32163 [I][CC] - [STKSIG]Exit,SigStack::sigCallNew
I/CC      (31950): 2017-05-31 22:08:41.054 (551259831) 32163 [I][CC] - [STKSIG]Enter, SigCall::callMake: bd609908-b29e-1001-91f4-ed55c9fdc1a1, URI: 20115996@HARD
D/CC      (31950): 2017-05-31 22:08:41.054 (551259831) 32163 [D][CC] - [STKSDP]Enter,Sdp::sdpCreateOffer,nRate:1024,strLocalAddr:192.168.137.103
D/CC      (31950): 2017-05-31 22:08:41.055 (551259831) 32163 [D][CC] - [STKSDP]Exit,Sdp::sdpCreateOffer
D/CC      (31950): 2017-05-31 22:08:41.055 (551259831) 32163 [D][CC] - [STKSIG]Exit, SigCall::callMake
D/CC      (31950): 2017-05-31 22:08:41.055 (551259831) 32163 [D][CC] - [STKSIG]Enter,SigStack::scheduleTimer: hcall 7, type 8, interval 10000
D/CC      (31950): 2017-05-31 22:08:41.055 (551259831) 32163 [D][CC] - [STKSIG]Enter, SigCall::scheduleTimer: bd609908-b29e-1001-91f4-ed55c9fdc1a1, timer type 8
D/CC      (31950): 2017-05-31 22:08:41.055 (551259831) 32163 [D][CC] - [STKSIG]Exit, SigCall::scheduleTimer
D/CC      (31950): 2017-05-31 22:08:41.055 (551259831) 32163 [D][CC] - [STKSIG]Enter,SigStack::scheduleTimer: hcall 7, type 1, interval 60000
D/CC      (31950): 2017-05-31 22:08:41.055 (551259831) 32163 [D][CC] - [STKSIG]Enter, SigCall::scheduleTimer: bd609908-b29e-1001-91f4-ed55c9fdc1a1, timer type 1
D/CC      (31950): 2017-05-31 22:08:41.055 (551259831) 32163 [D][CC] - [STKSIG]Exit, SigCall::scheduleTimer
I/CC      (31950): 2017-05-31 22:08:41.055 (551259831) 32163 [I][CC] - [STKSIG]Enter,SigStack::msgSend
I/CC      (31950): 2017-05-31 22:08:41.055 (551259831) 32163 [I][CC] - [STKSIG]Enter,SigStack::onMsgSend
I/CC      (31950): 2017-05-31 22:08:41.055 (551259831) 32163 [I][CC] - [STKSIG]Enter, SigStack::onSigCallEvent, hcall 7, event 0
I/CC      (31950): 2017-05-31 22:08:41.055 (551259831) 32163 [I][CC] - [STKSIG]Got event [SEND_OFFER] in state [IDLE] and holdState [SIG_HOLD_NULL ].
I/CC      (31950): 2017-05-31 22:08:41.055 (551259831) 32163 [I][CC] - [STKSIG]Enter,SigStack::sigHandleCallState, hcall 7, state 2, event 31
I/CC      (31950): 2017-05-31 22:08:41.055 (551259831) 32163 [I][CC] - [STKSIG]Call state changed IDLE ===> OFFERING.
I/CC      (31950): 2017-05-31 22:08:41.055 (551259831) 32163 [I][CC] - Enter, SigCallBackImp::onSigCallStateChanged, hCall:7,eState:2,eCode:200
D/CC      (31950): 2017-05-31 22:08:41.055 (551259831) 32163 [D][CC] - Enter, Transformer::getCallStateFromSigState, state = 2
D/CC      (31950): 2017-05-31 22:08:41.055 (551259831) 32163 [D][CC] - Transformer::getCallStateFromSigState, CALL_STATE_OFFERING
D/CC      (31950): 2017-05-31 22:08:41.055 (551259832) 32163 [D][CC] - Exit, Transformer::getCallStateFromSigState
I/CC      (31950): 2017-05-31 22:08:41.055 (551259832) 32163 [I][CC] - Enter, Call::onCallStateChanged, state:2, reason:200, meeting-id: remoteUri 20115996@HARD
D/CC      (31950): 2017-05-31 22:08:41.055 (551259832) 32163 [D][CC] - Enter, Call::scheduleTimer, type:1,delay:60000,_callIndex:8
D/CC      (31950): 2017-05-31 22:08:41.055 (551259832) 32163 [D][CC] - Exit, Call::scheduleTimer
I/CC      (31950): 2017-05-31 22:08:41.055 (551259832) 32163 [I][CC] - Call::onCallStateChanged, preState:0 TO state:2
D/CC      (31950): 2017-05-31 22:08:41.055 (551259832) 32163 [D][CC] - Enter, Transformer::getStr, StatusCode = 200
D/CC      (31950): 2017-05-31 22:08:41.055 (551259832) 32163 [D][CC] - Exit, Transformer::getStr
D/CC      (31950): 2017-05-31 22:08:41.055 (551259832) 32163 [D][CC] - Enter, Transformer::getStr, call state = 2
D/CC      (31950): 2017-05-31 22:08:41.055 (551259832) 32163 [D][CC] - Exit, Transformer::getStr
I/CC      (31950): 2017-05-31 22:08:41.056 (551259832) 32163 [I][CC] - Enter, CallController::callStateChanged, callIndex[8], state:send a call offer, dis_reason:STATUS_OK, remoteUri:20115996@HARD, vc:, automute:
I/RTCSDK  (31950): 2017-05-31 22:08:41.056 (551259832) 32163 [I][RTCSDK] - CallManager::onCallStateChanged callIndex(8), state(OFFERING), reason(STATUS_OK) localUri(), remoteUri(20115996@HARD), automute()
I/RTCSDK  (31950): 2017-05-31 22:08:41.056 (551259832) 32163 [I][RTCSDK] - CallManager::onCallStateChanged 0xab6fecb8 , _activeSession = 0x0
I/RTCSDK  (31950): 2017-05-31 22:08:41.056 (551259832) 32163 [I][RTCSDK] - CallManager::onCallStateChanged call _sdkObserver->onCallStateChanged
I/CC      (31950): 2017-05-31 22:08:41.056 (551259832) 32163 [I][CC] - Exit, CallController::callStateChanged
D/CC      (31950): 2017-05-31 22:08:41.056 (551259832) 32163 [D][CC] - Enter, Transformer::getStr, call state = 2
D/CC      (31950): 2017-05-31 22:08:41.056 (551259832) 32163 [D][CC] - Exit, Transformer::getStr
I/CC      (31950): 2017-05-31 22:08:41.056 (551259832) 32163 [I][CC] - Call::onCallStateChanged, call state: send a call offer
I/CC      (31950): 2017-05-31 22:08:41.056 (551259832) 32163 [I][CC] - Exit, Call::onCallStateChanged
I/CC      (31950): 2017-05-31 22:08:41.056 (551259832) 32163 [I][CC] - Exit, SigCallBackImp::onSigCallStateChanged
I/CC      (31950): 2017-05-31 22:08:41.056 (551259832) 32163 [I][CC] - [STKSIG]Exit,SigStack::sigHandleCallState
I/CC      (31950): 2017-05-31 22:08:41.056 (551259832) 32163 [I][CC] - [STKSIG]Exit, SigStack::onSigCallEvent: status 1.
I/CC      (31950): 2017-05-31 22:08:41.056 (551259832) 32163 [I][CC] - Enter, CallController::msgSend, 
I/CC      (31950): 2017-05-31 22:08:41.056 (551259832) 32163 [I][CC] - Exit, CallController::msgSend
I/CC      (31950): 2017-05-31 22:08:41.056 (551259832) 32163 [I][CC] - [STKSIG]send message: ------>offer: append={"caller_number":"10010229096"};version=1.5
I/CC      (31950): type: invite
I/CC      (31950): from: 20110267@SOFT;name=victor
I/CC      (31950): to: 20115996@HARD
I/CC      (31950): sequence: 1
I/CC      (31950): call-id: bd609908-b29e-1001-91f4-ed55c9fdc1a1
I/CC      (31950): 
I/CC      (31950): c=192.168.137.103
I/CC      (31950): b=1024
I/CC      (31950): v=1.0
I/CC      (31950): m=audio 5240 RTP/SAVP 99 126
I/CC      (31950): a=sendrecv
I/CC      (31950): a=rtpmap:99 OPUS/48000
I/CC      (31950): a=fmtp:99 bitrate=48000
I/CC      (31950): a=stream-ssrc:99 145456..145458
I/CC      (31950): a=rtpmap:126 LARK/48000
I/CC      (31950): a=fmtp:126 bitrate=48000
I/CC      (31950): a=stream-ssrc:126 145456..145458
I/CC      (31950): m=videopeople 5240 RTP/SAVP 106
I/CC      (31950): a=sendrecv
I/CC      (31950): a=rtpmap:106 H264-SVC/90000
I/CC      (31950): a=stream-ssrc:106 229233
I/CC      (31950): m=application 5240 RTP/SAVP 100
I/CC      (31950): a=sendrecv
I/CC      (31950): a=orientation:0
I/CC      (31950): m=audiocontent 5240 RTP/SAVP 99
I/CC      (31950): a=sendrecv
I/CC      (31950): a=rtpmap:99 OPUS/48000
I/CC      (31950): a=fmtp:99 bitrate=48000
I/CC      (31950): a=stream-ssrc:99 123313..123315
I/CC      (31950): m=videocontent 5240 RTP/SAVP 106
I/CC      (31950): a=sendrecv
I/CC      (31950): a=rtpmap:106 H264-SVC/90000
I/CC      (31950): a=stream-ssrc:106 231125
I/CC      (31950): m=applicationcontent 5240 RTP/SAVP 100
I/CC      (31950): a=sendrecv
I/CC      (31950): a=orientation:0
I/CC      (31950): 2017-05-31 22:08:41.056 (551259832) 32163 [I][CC] - [STKSIG]Exit, SigStack::onMsgSend.
I/CC      (31950): 2017-05-31 22:08:41.056 (551259832) 32163 [I][CC] - [STKSIG]Exit,SigStack::msgSend,bRet:1
D/CC      (31950): 2017-05-31 22:08:41.056 (551259832) 32163 [D][CC] - Exit, Call::dialCall
D/CC      (31950): 2017-05-31 22:08:41.056 (551259832) 32163 [D][CC] - Exit, CallManager::processCallMake
I/CC      (31950): 2017-05-31 22:08:41.056 (551259832) 32163 [I][CC] - Exit, CallController::callMake
I/UI      (31950): 2017-05-31 22:08:41.056 (551259833) 32165 [I][UI] - CallSdkJni: sdk2java function = onCallStateChanged, msg = { "meetingId": "", "reason": "STATUS_OK", "remoteURI": "20115996@HARD", "state": "CALL_STATE_OFFERING", "vcnumber": "", "callIndex": 8 }
D/RTCSDK  (31950): 2017-05-31 22:08:41.057 (551259833) 32189 [D][RTCSDK] - java2sdk, result({ })
I/Rxbus   (31950): postSticky: Msg{what: 3080, arg1: -2147483648, arg2: -2147483648, obj: {8=callIndex == 8 remote == 20115996@HARD callMode == CallMode_AudioVideo direction == 0 reason == null}, bundle: {null}}
I/UI      (31950): 2017-05-31 22:08:41.057 (551259834) 32189 [I][UI] - CallModule: caller number is +86-10010229096
I/UI      (31950): 2017-05-31 22:08:41.058 (551259834) 32165 [I][UI] - CallSdkJni: sdk2java function = onCallMsgSendRequest, msg = { "message": "offer: append={\"caller_number\":\"10010229096\"};version=1.5\r\ntype: invite\r\nfrom: 20110267@SOFT;name=victor\r\nto: 20115996@HARD\r\nsequence: 1\r\ncall-id: bd609908-b29e-1001-91f4-ed55c9fdc1a1\r\n\r\nc=192.168.137.103\r\nb=1024\r\nv=1.0\r\nm=audio 5240 RTP\/SAVP 99 126\r\na=sendrecv\r\na=rtpmap:99 OPUS\/48000\r\na=fmtp:99 bitrate=48000\r\na=stream-ssrc:99 145456..145458\r\na=rtpmap:126 LARK\/48000\r\na=fmtp:126 bitrate=48000\r\na=stream-ssrc:126 145456..145458\r\nm=videopeople 5240 RTP\/SAVP 106\r\na=sendrecv\r\na=rtpmap:106 H264-SVC\/90000\r\na=stream-ssrc:106 229233\r\nm=application 5240 RTP\/SAVP 100\r\na=sendrecv\r\na=orientation:0\r\nm=audiocontent 5240 RTP\/SAVP 99\r\na=sendrecv\r\na=rtpmap:99 OPUS\/48000\r\na=fmtp:99 bitrate=48000\r\na=stream-ssrc:99 123313..123315\r\nm=videocontent 5240 RTP\/SAVP 106\r\na=sendrecv\r\na=rtpmap:106 H264-SVC\/90000\r\na=stream-ssrc:106 231125\r\nm=applicationcontent 5240 RTP\/SAVP 100\r\na=sendrecv\r\na=orientation:0\r\n" }
D/RTCSDK  (31950): 2017-05-31 22:08:41.058 (551259834) 32189 [D][RTCSDK] - java2sdk, function(prepareCall), para()
I/Rxbus   (31950): post: Msg{what: 2007, arg1: 1, arg2: -2147483648, obj: offer: append={"caller_number":"10010229096"};version=1.5
I/Rxbus   (31950): type: invite
I/Rxbus   (31950): from: 20110267@SOFT;name=victor
I/Rxbus   (31950): to: 20115996@HARD
I/Rxbus   (31950): sequence: 1
I/Rxbus   (31950): call-id: bd609908-b29e-1001-91f4-ed55c9fdc1a1
I/Rxbus   (31950): 
I/Rxbus   (31950): c=192.168.137.103
I/Rxbus   (31950): b=1024
I/Rxbus   (31950): v=1.0
I/Rxbus   (31950): m=audio 5240 RTP/SAVP 99 126
I/Rxbus   (31950): a=sendrecv
I/Rxbus   (31950): a=rtpmap:99 OPUS/48000
I/Rxbus   (31950): a=fmtp:99 bitrate=48000
I/Rxbus   (31950): a=stream-ssrc:99 145456..145458
I/Rxbus   (31950): a=rtpmap:126 LARK/48000
I/Rxbus   (31950): a=fmtp:126 bitrate=48000
I/Rxbus   (31950): a=stream-ssrc:126 145456..145458
I/Rxbus   (31950): m=videopeople 5240 RTP/SAVP 106
I/Rxbus   (31950): a=sendrecv
I/Rxbus   (31950): a=rtpmap:106 H264-SVC/90000
I/Rxbus   (31950): a=stream-ssrc:106 229233
I/Rxbus   (31950): m=application 5240 RTP/SAVP 100
I/Rxbus   (31950): a=sendrecv
I/Rxbus   (31950): a=orientation:0
I/Rxbus   (31950): m=audiocontent 5240 RTP/SAVP 99
I/Rxbus   (31950): a=sendrecv
I/Rxbus   (31950): a=rtpmap:99 OPUS/48000
I/Rxbus   (31950): a=fmtp:99 bitrate=48000
I/Rxbus   (31950): a=stream-ssrc:99 123313..123315
I/Rxbus   (31950): m=videocontent 5240 RTP/SAVP 106
I/Rxbus   (31950): a=sendrecv
I/Rxbus   (31950): a=rtpmap:106 H264-SVC/90000
I/Rxbus   (31950): a=stream-ssrc:106 231125
I/Rxbus   (31950): m=applicationcontent 5240 RTP/SAVP 100
I/Rxbus   (31950): a=sendrecv
I/Rxbus   (31950): a=orientation:0
I/Rxbus   (31950): , bundle: {null}}
I/UI      (31950): 2017-05-31 22:08:41.060 (551259836) 32312 [I][UI] - AndroidSocketWriter: websocket 899 bytes sent.
D/RTCSDK  (31950): 2017-05-31 22:08:41.058 (551259834) 32189 [D][RTCSDK] - java2sdk, result({ "callIndex": 9 })
V/Camera  (31950): sendStartPreviewBroadCast
I/UI      (31950): 2017-05-31 22:08:41.063 (551259839) 32196 [I][UI] - CameraHandler: camera preview start
I/UI      (31950): 2017-05-31 22:08:41.063 (551259839) 32196 [I][UI] - CameraHandler: handleMessage 0 done
I/UI      (31950): 2017-05-31 22:08:41.064 (551259840) 32189 [I][UI] - CameraHolder: openCamera Enter
I/UI      (31950): 2017-05-31 22:08:41.065 (551259841) 32189 [I][UI] - CallModuleProcessor: onSessionCreated: session size 2
E/mm-camera-CORE(  487): dsps_process_response_gyro:738  dsps_process_response_gyro: Query request denied, error code = 5, QId_valid = 1, QueryId = 0x7a0a, AckNak_valid = 1, AckNak = 3
D/RTCSDK  (31950): 2017-05-31 22:08:41.070 (551259846) 32189 [D][RTCSDK] - java2sdk, function(makeCall), para({"callIndex":9,"localType":"app_contact","tel":" ","uri":"20115996@HARD","callmode":"CallMode_AudioVideo","append":"{\"caller_number\":\"10010229096\"}","peertype":"PeerType_Peer"})
D/RTCSDK  (31950): 2017-05-31 22:08:41.070 (551259846) 32189 [D][RTCSDK] - _context.makeCall enter
I/RTCSDK  (31950): 2017-05-31 22:08:41.070 (551259846) 32163 [I][RTCSDK] - CallManager::makeCall remote(20115996@HARD), callIndex 9, call mode 0, toAdded:, liveId:, moreUris:
I/RTCSDK  (31950): 2017-05-31 22:08:41.070 (551259846) 32163 [I][RTCSDK] - RGen: construct, needRoster = 0
I/RTCSDK  (31950): 2017-05-31 22:08:41.070 (551259846) 32163 [I][RTCSDK] - LMA::construct(), 0xab5a94e4, version: 1.0.1
I/RTCSDK  (31950): 2017-05-31 22:08:41.070 (551259846) 32163 [I][RTCSDK] - VOMA::construct(), 0xab5a95d8, version: 1.0.1
W/BOOAT   (31950): 2017-05-31 22:08:41.070 (551259847) 32163 [W][BOOAT] - too much timer 11 in runloop SDKMainLoop, first timer is: const char* BOOAT::Functor0<TClass, Func>::getClassInfo() [with TClass = RTCSDK::LayoutManagerAdaptor; Func = void (RTCSDK::LayoutManagerAdaptor::*)()]
D/RTCSDK  (31950): 2017-05-31 22:08:41.070 (551259847) 32163 [D][RTCSDK] - consruct media session this=0xab768e40
I/RTCSDK  (31950): 2017-05-31 22:08:41.070 (551259847) 32163 [I][RTCSDK] - LM: isCustomLayout = 0
I/RTCSDK  (31950): 2017-05-31 22:08:41.071 (551259847) 32163 [I][RTCSDK] - VOM(P): constructed
W/BOOAT   (31950): 2017-05-31 22:08:41.071 (551259847) 32163 [W][BOOAT] - too much timer 12 in runloop SDKMainLoop, first timer is: const char* BOOAT::Functor0<TClass, Func>::getClassInfo() [with TClass = RTCSDK::LayoutManagerAdaptor; Func = void (RTCSDK::LayoutManagerAdaptor::*)()]
D/RTCSDK  (31950): 2017-05-31 22:08:41.071 (551259847) 32163 [D][RTCSDK] - consruct media session this=0xab1103d0
I/RTCSDK  (31950): 2017-05-31 22:08:41.071 (551259847) 32163 [I][RTCSDK] - LM: isCustomLayout = 0
I/RTCSDK  (31950): 2017-05-31 22:08:41.071 (551259847) 32163 [I][RTCSDK] - VOM(C): constructed
W/BOOAT   (31950): 2017-05-31 22:08:41.071 (551259847) 32163 [W][BOOAT] - too much timer 13 in runloop SDKMainLoop, first timer is: const char* BOOAT::Functor0<TClass, Func>::getClassInfo() [with TClass = RTCSDK::LayoutManagerAdaptor; Func = void (RTCSDK::LayoutManagerAdaptor::*)()]
I/RTCSDK  (31950): 2017-05-31 22:08:41.071 (551259847) 32163 [I][RTCSDK] - CallSession constuctor
I/RTCSDK  (31950): 2017-05-31 22:08:41.071 (551259847) 32163 [I][RTCSDK] - CallManager::makeCall add call session 9
I/RTCSDK  (31950): 2017-05-31 22:08:41.071 (551259847) 32163 [I][RTCSDK] - enableStartPipeline 1
I/RTCSDK  (31950): 2017-05-31 22:08:41.071 (551259847) 32163 [I][RTCSDK] - DBA update call mode to 0
I/RTCSDK  (31950): 2017-05-31 22:08:41.071 (551259847) 32163 [I][RTCSDK] - >>>VOMA::updateCallMode() enter, 0 -> 0
I/RTCSDK  (31950): 2017-05-31 22:08:41.071 (551259848) 32163 [I][RTCSDK] - VOMA: bwsplit t:512000, p:512000, c:0
I/RTCSDK  (31950): 2017-05-31 22:08:41.071 (551259848) 32163 [I][RTCSDK] - VOM(C): param:
I/RTCSDK  (31950): {
I/RTCSDK  (31950): 	init:0, update:0, start:0, cmode:1, resfirst:1, mcureq:0, bw:0
I/RTCSDK  (31950): 	maxcap:{1920x1080, 15.0fps, max:0bps, cur:0bps}
I/RTCSDK  (31950): 	encgroup:[{1920x1080, 15.0fps, max:0bps, cur:0bps}, {1280x 720,  5.0fps, max:0bps, cur:0bps}]
I/RTCSDK  (31950): 	SCPBWN:[]
I/RTCSDK  (31950): }
W/RTCSDK  (31950): 2017-05-31 22:08:41.071 (551259848) 32163 [W][RTCSDK] - VOM(C): skip calculate, param is not initialized
I/RTCSDK  (31950): 2017-05-31 22:08:41.071 (551259848) 32163 [I][RTCSDK] - VOM(P): param:
I/RTCSDK  (31950): {
I/RTCSDK  (31950): 	init:0, update:0, start:0, cmode:0, resfirst:1, mcureq:0, bw:512000
I/RTCSDK  (31950): 	maxcap:{ 640x 360, 15.0fps, max:0bps, cur:0bps}
I/RTCSDK  (31950): 	encgroup:[{ 640x 360, 15.0fps, max:0bps, cur:0bps}, { 320x 180, 15.0fps, max:0bps, cur:0bps}]
I/RTCSDK  (31950): 	SCPBWN:[]
I/RTCSDK  (31950): }
W/RTCSDK  (31950): 2017-05-31 22:08:41.072 (551259848) 32163 [W][RTCSDK] - VOM(P): skip calculate, param is not initialized
I/RTCSDK  (31950): 2017-05-31 22:08:41.072 (551259848) 32163 [I][RTCSDK] - VOMA: update expected bandwidth 0 -> 512000
I/RTCSDK  (31950): 2017-05-31 22:08:41.072 (551259848) 32163 [I][RTCSDK] - DBA exp vtx change to 512000
I/RTCSDK  (31950): 2017-05-31 22:08:41.072 (551259848) 32163 [I][RTCSDK] - DBA change network type to 1
